<?xml version="1.0" encoding="ISO-8859-1" ?>
<link_info>
   <banner>TI ARM Linker Unix v20.2.7.LTS</banner>
   <copyright>Copyright (c) 1996-2018 Texas Instruments Incorporated</copyright>
   <link_time>0x631b9530</link_time>
   <link_errors>0x0</link_errors>
   <output_file>uartecho_MSP_EXP432E401Y_nortos_ccs.out</output_file>
   <entry_point>
      <name>resetISR</name>
      <address>0x4995</address>
   </entry_point>
   <input_file_list>
      <input_file id="fl-2">
         <path>./</path>
         <kind>object</kind>
         <file>main_nortos.obj</file>
         <name>main_nortos.obj</name>
      </input_file>
      <input_file id="fl-3">
         <path>./</path>
         <kind>object</kind>
         <file>uartecho.obj</file>
         <name>uartecho.obj</name>
      </input_file>
      <input_file id="fl-4">
         <path>./syscfg/</path>
         <kind>object</kind>
         <file>ti_drivers_config.obj</file>
         <name>ti_drivers_config.obj</name>
      </input_file>
      <input_file id="fl-f">
         <kind>object</kind>
         <file>&lt;internal&gt;</file>
         <name>&lt;internal&gt;</name>
      </input_file>
      <input_file id="fl-10">
         <path>/home/steve0gillet/ti/simplelink_msp432e4_sdk_4_20_00_12/source/ti/drivers/lib/</path>
         <kind>archive</kind>
         <file>drivers_msp432e4.aem4f</file>
         <name>GPIOMSP432E4.oem4f</name>
      </input_file>
      <input_file id="fl-11">
         <path>/home/steve0gillet/ti/simplelink_msp432e4_sdk_4_20_00_12/source/ti/drivers/lib/</path>
         <kind>archive</kind>
         <file>drivers_msp432e4.aem4f</file>
         <name>PowerMSP432E4.oem4f</name>
      </input_file>
      <input_file id="fl-12">
         <path>/home/steve0gillet/ti/simplelink_msp432e4_sdk_4_20_00_12/source/ti/drivers/lib/</path>
         <kind>archive</kind>
         <file>drivers_msp432e4.aem4f</file>
         <name>UART.oem4f</name>
      </input_file>
      <input_file id="fl-13">
         <path>/home/steve0gillet/ti/simplelink_msp432e4_sdk_4_20_00_12/source/ti/drivers/lib/</path>
         <kind>archive</kind>
         <file>drivers_msp432e4.aem4f</file>
         <name>UARTMSP432E4.oem4f</name>
      </input_file>
      <input_file id="fl-14">
         <path>/home/steve0gillet/ti/simplelink_msp432e4_sdk_4_20_00_12/source/ti/drivers/lib/</path>
         <kind>archive</kind>
         <file>drivers_msp432e4.aem4f</file>
         <name>RingBuf.oem4f</name>
      </input_file>
      <input_file id="fl-15">
         <path>/home/steve0gillet/ti/simplelink_msp432e4_sdk_4_20_00_12/kernel/nortos/lib/</path>
         <kind>archive</kind>
         <file>nortos_msp432e4.aem4f</file>
         <name>NoRTOS.oem4f</name>
      </input_file>
      <input_file id="fl-16">
         <path>/home/steve0gillet/ti/simplelink_msp432e4_sdk_4_20_00_12/kernel/nortos/lib/</path>
         <kind>archive</kind>
         <file>nortos_msp432e4.aem4f</file>
         <name>SemaphoreP_nortos.oem4f</name>
      </input_file>
      <input_file id="fl-17">
         <path>/home/steve0gillet/ti/simplelink_msp432e4_sdk_4_20_00_12/kernel/nortos/lib/</path>
         <kind>archive</kind>
         <file>nortos_msp432e4.aem4f</file>
         <name>ClockPSysTick_nortos.oem4f</name>
      </input_file>
      <input_file id="fl-18">
         <path>/home/steve0gillet/ti/simplelink_msp432e4_sdk_4_20_00_12/kernel/nortos/lib/</path>
         <kind>archive</kind>
         <file>nortos_msp432e4.aem4f</file>
         <name>HwiPMSP432E4_nortos.oem4f</name>
      </input_file>
      <input_file id="fl-19">
         <path>/home/steve0gillet/ti/simplelink_msp432e4_sdk_4_20_00_12/kernel/nortos/lib/</path>
         <kind>archive</kind>
         <file>nortos_msp432e4.aem4f</file>
         <name>PowerMSP432E4_nortos.oem4f</name>
      </input_file>
      <input_file id="fl-1a">
         <path>/home/steve0gillet/ti/simplelink_msp432e4_sdk_4_20_00_12/kernel/nortos/lib/</path>
         <kind>archive</kind>
         <file>nortos_msp432e4.aem4f</file>
         <name>startup_msp432e4_ccs.oem4f</name>
      </input_file>
      <input_file id="fl-1b">
         <path>/home/steve0gillet/ti/simplelink_msp432e4_sdk_4_20_00_12/source/ti/devices/msp432e4/driverlib/lib/ccs/m4f/</path>
         <kind>archive</kind>
         <file>msp432e4_driverlib.a</file>
         <name>fpu.o</name>
      </input_file>
      <input_file id="fl-1c">
         <path>/home/steve0gillet/ti/simplelink_msp432e4_sdk_4_20_00_12/source/ti/devices/msp432e4/driverlib/lib/ccs/m4f/</path>
         <kind>archive</kind>
         <file>msp432e4_driverlib.a</file>
         <name>gpio.o</name>
      </input_file>
      <input_file id="fl-1d">
         <path>/home/steve0gillet/ti/simplelink_msp432e4_sdk_4_20_00_12/source/ti/devices/msp432e4/driverlib/lib/ccs/m4f/</path>
         <kind>archive</kind>
         <file>msp432e4_driverlib.a</file>
         <name>interrupt.o</name>
      </input_file>
      <input_file id="fl-1e">
         <path>/home/steve0gillet/ti/simplelink_msp432e4_sdk_4_20_00_12/source/ti/devices/msp432e4/driverlib/lib/ccs/m4f/</path>
         <kind>archive</kind>
         <file>msp432e4_driverlib.a</file>
         <name>sysctl.o</name>
      </input_file>
      <input_file id="fl-1f">
         <path>/home/steve0gillet/ti/simplelink_msp432e4_sdk_4_20_00_12/source/ti/devices/msp432e4/driverlib/lib/ccs/m4f/</path>
         <kind>archive</kind>
         <file>msp432e4_driverlib.a</file>
         <name>uart.o</name>
      </input_file>
      <input_file id="fl-20">
         <path>/home/steve0gillet/ti/simplelink_msp432e4_sdk_4_20_00_12/source/ti/devices/msp432e4/driverlib/lib/ccs/m4f/</path>
         <kind>archive</kind>
         <file>msp432e4_driverlib.a</file>
         <name>cpu.o</name>
      </input_file>
      <input_file id="fl-d6">
         <path>/home/steve0gillet/ti/ccs1200/ccs/tools/compiler/ti-cgt-arm_20.2.7.LTS/lib/</path>
         <kind>archive</kind>
         <file>rtsv7M4_T_le_v4SPD16_eabi.lib</file>
         <name>sprintf.c.obj</name>
      </input_file>
      <input_file id="fl-d7">
         <path>/home/steve0gillet/ti/ccs1200/ccs/tools/compiler/ti-cgt-arm_20.2.7.LTS/lib/</path>
         <kind>archive</kind>
         <file>rtsv7M4_T_le_v4SPD16_eabi.lib</file>
         <name>ll_mul_t2.asm.obj</name>
      </input_file>
      <input_file id="fl-d8">
         <path>/home/steve0gillet/ti/ccs1200/ccs/tools/compiler/ti-cgt-arm_20.2.7.LTS/lib/</path>
         <kind>archive</kind>
         <file>rtsv7M4_T_le_v4SPD16_eabi.lib</file>
         <name>memcpy_t2.asm.obj</name>
      </input_file>
      <input_file id="fl-d9">
         <path>/home/steve0gillet/ti/ccs1200/ccs/tools/compiler/ti-cgt-arm_20.2.7.LTS/lib/</path>
         <kind>archive</kind>
         <file>rtsv7M4_T_le_v4SPD16_eabi.lib</file>
         <name>memset_t2.asm.obj</name>
      </input_file>
      <input_file id="fl-da">
         <path>/home/steve0gillet/ti/ccs1200/ccs/tools/compiler/ti-cgt-arm_20.2.7.LTS/lib/</path>
         <kind>archive</kind>
         <file>rtsv7M4_T_le_v4SPD16_eabi.lib</file>
         <name>ull_div_t2.asm.obj</name>
      </input_file>
      <input_file id="fl-db">
         <path>/home/steve0gillet/ti/ccs1200/ccs/tools/compiler/ti-cgt-arm_20.2.7.LTS/lib/</path>
         <kind>archive</kind>
         <file>rtsv7M4_T_le_v4SPD16_eabi.lib</file>
         <name>copy_zero_init.c.obj</name>
      </input_file>
      <input_file id="fl-dc">
         <path>/home/steve0gillet/ti/ccs1200/ccs/tools/compiler/ti-cgt-arm_20.2.7.LTS/lib/</path>
         <kind>archive</kind>
         <file>rtsv7M4_T_le_v4SPD16_eabi.lib</file>
         <name>copy_decompress_none.c.obj</name>
      </input_file>
      <input_file id="fl-dd">
         <path>/home/steve0gillet/ti/ccs1200/ccs/tools/compiler/ti-cgt-arm_20.2.7.LTS/lib/</path>
         <kind>archive</kind>
         <file>rtsv7M4_T_le_v4SPD16_eabi.lib</file>
         <name>copy_decompress_lzss.c.obj</name>
      </input_file>
      <input_file id="fl-de">
         <path>/home/steve0gillet/ti/ccs1200/ccs/tools/compiler/ti-cgt-arm_20.2.7.LTS/lib/</path>
         <kind>archive</kind>
         <file>rtsv7M4_T_le_v4SPD16_eabi.lib</file>
         <name>memory.c.obj</name>
      </input_file>
      <input_file id="fl-df">
         <path>/home/steve0gillet/ti/ccs1200/ccs/tools/compiler/ti-cgt-arm_20.2.7.LTS/lib/</path>
         <kind>archive</kind>
         <file>rtsv7M4_T_le_v4SPD16_eabi.lib</file>
         <name>strlen.c.obj</name>
      </input_file>
      <input_file id="fl-e0">
         <path>/home/steve0gillet/ti/ccs1200/ccs/tools/compiler/ti-cgt-arm_20.2.7.LTS/lib/</path>
         <kind>archive</kind>
         <file>rtsv7M4_T_le_v4SPD16_eabi.lib</file>
         <name>strstr.c.obj</name>
      </input_file>
      <input_file id="fl-e1">
         <path>/home/steve0gillet/ti/ccs1200/ccs/tools/compiler/ti-cgt-arm_20.2.7.LTS/lib/</path>
         <kind>archive</kind>
         <file>rtsv7M4_T_le_v4SPD16_eabi.lib</file>
         <name>strtol.c.obj</name>
      </input_file>
      <input_file id="fl-e2">
         <path>/home/steve0gillet/ti/ccs1200/ccs/tools/compiler/ti-cgt-arm_20.2.7.LTS/lib/</path>
         <kind>archive</kind>
         <file>rtsv7M4_T_le_v4SPD16_eabi.lib</file>
         <name>boot_cortex_m.c.obj</name>
      </input_file>
      <input_file id="fl-e3">
         <path>/home/steve0gillet/ti/ccs1200/ccs/tools/compiler/ti-cgt-arm_20.2.7.LTS/lib/</path>
         <kind>archive</kind>
         <file>rtsv7M4_T_le_v4SPD16_eabi.lib</file>
         <name>errno.c.obj</name>
      </input_file>
      <input_file id="fl-e4">
         <path>/home/steve0gillet/ti/ccs1200/ccs/tools/compiler/ti-cgt-arm_20.2.7.LTS/lib/</path>
         <kind>archive</kind>
         <file>rtsv7M4_T_le_v4SPD16_eabi.lib</file>
         <name>_printfi.c.obj</name>
      </input_file>
      <input_file id="fl-e5">
         <path>/home/steve0gillet/ti/ccs1200/ccs/tools/compiler/ti-cgt-arm_20.2.7.LTS/lib/</path>
         <kind>archive</kind>
         <file>rtsv7M4_T_le_v4SPD16_eabi.lib</file>
         <name>div0.asm.obj</name>
      </input_file>
      <input_file id="fl-e6">
         <path>/home/steve0gillet/ti/ccs1200/ccs/tools/compiler/ti-cgt-arm_20.2.7.LTS/lib/</path>
         <kind>archive</kind>
         <file>rtsv7M4_T_le_v4SPD16_eabi.lib</file>
         <name>fd_add_t2.asm.obj</name>
      </input_file>
      <input_file id="fl-e7">
         <path>/home/steve0gillet/ti/ccs1200/ccs/tools/compiler/ti-cgt-arm_20.2.7.LTS/lib/</path>
         <kind>archive</kind>
         <file>rtsv7M4_T_le_v4SPD16_eabi.lib</file>
         <name>fd_cmp_t2.asm.obj</name>
      </input_file>
      <input_file id="fl-e8">
         <path>/home/steve0gillet/ti/ccs1200/ccs/tools/compiler/ti-cgt-arm_20.2.7.LTS/lib/</path>
         <kind>archive</kind>
         <file>rtsv7M4_T_le_v4SPD16_eabi.lib</file>
         <name>fd_div_t2.asm.obj</name>
      </input_file>
      <input_file id="fl-e9">
         <path>/home/steve0gillet/ti/ccs1200/ccs/tools/compiler/ti-cgt-arm_20.2.7.LTS/lib/</path>
         <kind>archive</kind>
         <file>rtsv7M4_T_le_v4SPD16_eabi.lib</file>
         <name>fd_mul_t2.asm.obj</name>
      </input_file>
      <input_file id="fl-ea">
         <path>/home/steve0gillet/ti/ccs1200/ccs/tools/compiler/ti-cgt-arm_20.2.7.LTS/lib/</path>
         <kind>archive</kind>
         <file>rtsv7M4_T_le_v4SPD16_eabi.lib</file>
         <name>fd_toi_t2.asm.obj</name>
      </input_file>
      <input_file id="fl-eb">
         <path>/home/steve0gillet/ti/ccs1200/ccs/tools/compiler/ti-cgt-arm_20.2.7.LTS/lib/</path>
         <kind>archive</kind>
         <file>rtsv7M4_T_le_v4SPD16_eabi.lib</file>
         <name>i_tofd_t2.asm.obj</name>
      </input_file>
      <input_file id="fl-ec">
         <path>/home/steve0gillet/ti/ccs1200/ccs/tools/compiler/ti-cgt-arm_20.2.7.LTS/lib/</path>
         <kind>archive</kind>
         <file>rtsv7M4_T_le_v4SPD16_eabi.lib</file>
         <name>autoinit.c.obj</name>
      </input_file>
      <input_file id="fl-ed">
         <path>/home/steve0gillet/ti/ccs1200/ccs/tools/compiler/ti-cgt-arm_20.2.7.LTS/lib/</path>
         <kind>archive</kind>
         <file>rtsv7M4_T_le_v4SPD16_eabi.lib</file>
         <name>pre_init.c.obj</name>
      </input_file>
      <input_file id="fl-ee">
         <path>/home/steve0gillet/ti/ccs1200/ccs/tools/compiler/ti-cgt-arm_20.2.7.LTS/lib/</path>
         <kind>archive</kind>
         <file>rtsv7M4_T_le_v4SPD16_eabi.lib</file>
         <name>cpy_tbl.c.obj</name>
      </input_file>
      <input_file id="fl-ef">
         <path>/home/steve0gillet/ti/ccs1200/ccs/tools/compiler/ti-cgt-arm_20.2.7.LTS/lib/</path>
         <kind>archive</kind>
         <file>rtsv7M4_T_le_v4SPD16_eabi.lib</file>
         <name>exit.c.obj</name>
      </input_file>
      <input_file id="fl-f0">
         <path>/home/steve0gillet/ti/ccs1200/ccs/tools/compiler/ti-cgt-arm_20.2.7.LTS/lib/</path>
         <kind>archive</kind>
         <file>rtsv7M4_T_le_v4SPD16_eabi.lib</file>
         <name>_lock.c.obj</name>
      </input_file>
      <input_file id="fl-f1">
         <path>/home/steve0gillet/ti/ccs1200/ccs/tools/compiler/ti-cgt-arm_20.2.7.LTS/lib/</path>
         <kind>archive</kind>
         <file>rtsv7M4_T_le_v4SPD16_eabi.lib</file>
         <name>_ltoa.c.obj</name>
      </input_file>
      <input_file id="fl-f2">
         <path>/home/steve0gillet/ti/ccs1200/ccs/tools/compiler/ti-cgt-arm_20.2.7.LTS/lib/</path>
         <kind>archive</kind>
         <file>rtsv7M4_T_le_v4SPD16_eabi.lib</file>
         <name>args_main.c.obj</name>
      </input_file>
      <input_file id="fl-f3">
         <path>/home/steve0gillet/ti/ccs1200/ccs/tools/compiler/ti-cgt-arm_20.2.7.LTS/lib/</path>
         <kind>archive</kind>
         <file>rtsv7M4_T_le_v4SPD16_eabi.lib</file>
         <name>atoi.c.obj</name>
      </input_file>
      <input_file id="fl-f4">
         <path>/home/steve0gillet/ti/ccs1200/ccs/tools/compiler/ti-cgt-arm_20.2.7.LTS/lib/</path>
         <kind>archive</kind>
         <file>rtsv7M4_T_le_v4SPD16_eabi.lib</file>
         <name>ctype.c.obj</name>
      </input_file>
      <input_file id="fl-f5">
         <path>/home/steve0gillet/ti/ccs1200/ccs/tools/compiler/ti-cgt-arm_20.2.7.LTS/lib/</path>
         <kind>archive</kind>
         <file>rtsv7M4_T_le_v4SPD16_eabi.lib</file>
         <name>memccpy.c.obj</name>
      </input_file>
      <input_file id="fl-f6">
         <path>/home/steve0gillet/ti/ccs1200/ccs/tools/compiler/ti-cgt-arm_20.2.7.LTS/lib/</path>
         <kind>archive</kind>
         <file>rtsv7M4_T_le_v4SPD16_eabi.lib</file>
         <name>strchr.c.obj</name>
      </input_file>
      <input_file id="fl-f7">
         <path>/home/steve0gillet/ti/ccs1200/ccs/tools/compiler/ti-cgt-arm_20.2.7.LTS/lib/</path>
         <kind>archive</kind>
         <file>rtsv7M4_T_le_v4SPD16_eabi.lib</file>
         <name>wcslen.c.obj</name>
      </input_file>
      <input_file id="fl-f8">
         <path>/home/steve0gillet/ti/ccs1200/ccs/tools/compiler/ti-cgt-arm_20.2.7.LTS/lib/</path>
         <kind>archive</kind>
         <file>rtsv7M4_T_le_v4SPD16_eabi.lib</file>
         <name>s_frexp.c.obj</name>
      </input_file>
      <input_file id="fl-f9">
         <path>/home/steve0gillet/ti/ccs1200/ccs/tools/compiler/ti-cgt-arm_20.2.7.LTS/lib/</path>
         <kind>archive</kind>
         <file>rtsv7M4_T_le_v4SPD16_eabi.lib</file>
         <name>s_scalbn.c.obj</name>
      </input_file>
      <input_file id="fl-fa">
         <path>/home/steve0gillet/ti/ccs1200/ccs/tools/compiler/ti-cgt-arm_20.2.7.LTS/lib/</path>
         <kind>archive</kind>
         <file>rtsv7M4_T_le_v4SPD16_eabi.lib</file>
         <name>s_copysign.c.obj</name>
      </input_file>
   </input_file_list>
   <object_component_list>
      <object_component id="oc-370">
         <name>.text:__TI_printfi</name>
         <load_address>0x200</load_address>
         <run_address>0x200</run_address>
         <size>0xa4e</size>
         <input_file_ref idref="fl-e4"/>
      </object_component>
      <object_component id="oc-20a">
         <name>.text:Board_initHook</name>
         <load_address>0xc4e</load_address>
         <run_address>0xc4e</run_address>
         <size>0x2</size>
         <input_file_ref idref="fl-4"/>
      </object_component>
      <object_component id="oc-18b">
         <name>.text:mainThread</name>
         <load_address>0xc50</load_address>
         <run_address>0xc50</run_address>
         <size>0x3cc</size>
         <input_file_ref idref="fl-3"/>
      </object_component>
      <object_component id="oc-557">
         <name>.text:UARTMSP432E4_open</name>
         <load_address>0x101c</load_address>
         <run_address>0x101c</run_address>
         <size>0x2f0</size>
         <input_file_ref idref="fl-13"/>
      </object_component>
      <object_component id="oc-5e">
         <name>.text:SysCtlClockFreqSet</name>
         <load_address>0x130c</load_address>
         <run_address>0x130c</run_address>
         <size>0x2e0</size>
         <input_file_ref idref="fl-1e"/>
      </object_component>
      <object_component id="oc-4c6">
         <name>.text:_pconv_a</name>
         <load_address>0x15ec</load_address>
         <run_address>0x15ec</run_address>
         <size>0x270</size>
         <input_file_ref idref="fl-e4"/>
      </object_component>
      <object_component id="oc-327">
         <name>.text:GPIOPadConfigSet</name>
         <load_address>0x185c</load_address>
         <run_address>0x185c</run_address>
         <size>0x23a</size>
         <input_file_ref idref="fl-1c"/>
      </object_component>
      <object_component id="oc-551">
         <name>.text:UARTMSP432E4_init</name>
         <load_address>0x1a96</load_address>
         <run_address>0x1a96</run_address>
         <size>0x2</size>
         <input_file_ref idref="fl-13"/>
      </object_component>
      <object_component id="oc-4b4">
         <name>.text:_pconv_g</name>
         <load_address>0x1a98</load_address>
         <run_address>0x1a98</run_address>
         <size>0x1d0</size>
         <input_file_ref idref="fl-e4"/>
      </object_component>
      <object_component id="oc-5df">
         <name>.text</name>
         <load_address>0x1c68</load_address>
         <run_address>0x1c68</run_address>
         <size>0x1b6</size>
         <input_file_ref idref="fl-e6"/>
      </object_component>
      <object_component id="oc-869">
         <name>.text:_IntDefaultHandler</name>
         <load_address>0x1e1e</load_address>
         <run_address>0x1e1e</run_address>
         <size>0x2</size>
         <input_file_ref idref="fl-1d"/>
      </object_component>
      <object_component id="oc-224">
         <name>.text:GPIO_setConfig</name>
         <load_address>0x1e20</load_address>
         <run_address>0x1e20</run_address>
         <size>0x184</size>
         <input_file_ref idref="fl-10"/>
      </object_component>
      <object_component id="oc-4c0">
         <name>.text:_pconv_e</name>
         <load_address>0x1fa4</load_address>
         <run_address>0x1fa4</run_address>
         <size>0x13c</size>
         <input_file_ref idref="fl-e4"/>
      </object_component>
      <object_component id="oc-5c5">
         <name>.text</name>
         <load_address>0x20e0</load_address>
         <run_address>0x20e0</run_address>
         <size>0x136</size>
         <input_file_ref idref="fl-e8"/>
      </object_component>
      <object_component id="oc-3ad">
         <name>.text:_nop</name>
         <load_address>0x2216</load_address>
         <run_address>0x2216</run_address>
         <size>0x2</size>
         <input_file_ref idref="fl-f0"/>
      </object_component>
      <object_component id="oc-269">
         <name>.text:strtol</name>
         <load_address>0x2218</load_address>
         <run_address>0x2218</run_address>
         <size>0x130</size>
         <input_file_ref idref="fl-e1"/>
      </object_component>
      <object_component id="oc-5f1">
         <name>.text:fcvt</name>
         <load_address>0x2348</load_address>
         <run_address>0x2348</run_address>
         <size>0x124</size>
         <input_file_ref idref="fl-e4"/>
      </object_component>
      <object_component id="oc-605">
         <name>.text:scalbn</name>
         <load_address>0x246c</load_address>
         <run_address>0x246c</run_address>
         <size>0x110</size>
         <input_file_ref idref="fl-f9"/>
      </object_component>
      <object_component id="oc-590">
         <name>.text:aligned_alloc</name>
         <load_address>0x257c</load_address>
         <run_address>0x257c</run_address>
         <size>0x100</size>
         <input_file_ref idref="fl-de"/>
      </object_component>
      <object_component id="oc-5c0">
         <name>.text</name>
         <load_address>0x267c</load_address>
         <run_address>0x267c</run_address>
         <size>0xfc</size>
         <input_file_ref idref="fl-e9"/>
      </object_component>
      <object_component id="oc-3ea">
         <name>.text:free</name>
         <load_address>0x2778</load_address>
         <run_address>0x2778</run_address>
         <size>0xe4</size>
         <input_file_ref idref="fl-de"/>
      </object_component>
      <object_component id="oc-545">
         <name>.text:UARTMSP432E4_close</name>
         <load_address>0x285c</load_address>
         <run_address>0x285c</run_address>
         <size>0xbe</size>
         <input_file_ref idref="fl-13"/>
      </object_component>
      <object_component id="oc-7d1">
         <name>.text:readTaskCallback</name>
         <load_address>0x291a</load_address>
         <run_address>0x291a</run_address>
         <size>0xb6</size>
         <input_file_ref idref="fl-13"/>
      </object_component>
      <object_component id="oc-4a9">
         <name>.text:_ltostr</name>
         <load_address>0x29d0</load_address>
         <run_address>0x29d0</run_address>
         <size>0xb1</size>
         <input_file_ref idref="fl-e4"/>
      </object_component>
      <object_component id="oc-7bf">
         <name>.text:readTaskBlocking</name>
         <load_address>0x2a82</load_address>
         <run_address>0x2a82</run_address>
         <size>0xb0</size>
         <input_file_ref idref="fl-13"/>
      </object_component>
      <object_component id="oc-78">
         <name>.text:busFaultHandler</name>
         <load_address>0x2b32</load_address>
         <run_address>0x2b32</run_address>
         <size>0x2</size>
         <input_file_ref idref="fl-1a"/>
      </object_component>
      <object_component id="oc-218">
         <name>.text:GPIO_init</name>
         <load_address>0x2b34</load_address>
         <run_address>0x2b34</run_address>
         <size>0xac</size>
         <input_file_ref idref="fl-10"/>
      </object_component>
      <object_component id="oc-33f">
         <name>.text:GPIOIntTypeSet</name>
         <load_address>0x2be0</load_address>
         <run_address>0x2be0</run_address>
         <size>0xa4</size>
         <input_file_ref idref="fl-1c"/>
      </object_component>
      <object_component id="oc-2ee">
         <name>.text:SemaphoreP_pend</name>
         <load_address>0x2c84</load_address>
         <run_address>0x2c84</run_address>
         <size>0xa0</size>
         <input_file_ref idref="fl-16"/>
      </object_component>
      <object_component id="oc-563">
         <name>.text:UARTMSP432E4_readPolling</name>
         <load_address>0x2d24</load_address>
         <run_address>0x2d24</run_address>
         <size>0x9e</size>
         <input_file_ref idref="fl-13"/>
      </object_component>
      <object_component id="oc-3a">
         <name>.text</name>
         <load_address>0x2dc2</load_address>
         <run_address>0x2dc2</run_address>
         <size>0x9c</size>
         <input_file_ref idref="fl-d8"/>
      </object_component>
      <object_component id="oc-56f">
         <name>.text:UARTMSP432E4_write</name>
         <load_address>0x2e5e</load_address>
         <run_address>0x2e5e</run_address>
         <size>0x98</size>
         <input_file_ref idref="fl-13"/>
      </object_component>
      <object_component id="oc-5b9">
         <name>.text</name>
         <load_address>0x2ef6</load_address>
         <run_address>0x2ef6</run_address>
         <size>0x96</size>
         <input_file_ref idref="fl-da"/>
      </object_component>
      <object_component id="oc-7c5">
         <name>.text:readIsrTextBlocking</name>
         <load_address>0x2f8c</load_address>
         <run_address>0x2f8c</run_address>
         <size>0x94</size>
         <input_file_ref idref="fl-13"/>
      </object_component>
      <object_component id="oc-54b">
         <name>.text:UARTMSP432E4_control</name>
         <load_address>0x3020</load_address>
         <run_address>0x3020</run_address>
         <size>0x90</size>
         <input_file_ref idref="fl-13"/>
      </object_component>
      <object_component id="oc-bb">
         <name>.text:_SysCtlFrequencyGet</name>
         <load_address>0x30b0</load_address>
         <run_address>0x30b0</run_address>
         <size>0x90</size>
         <input_file_ref idref="fl-1e"/>
      </object_component>
      <object_component id="oc-7d7">
         <name>.text:readIsrTextCallback</name>
         <load_address>0x3140</load_address>
         <run_address>0x3140</run_address>
         <size>0x88</size>
         <input_file_ref idref="fl-13"/>
      </object_component>
      <object_component id="oc-4af">
         <name>.text:__aeabi_cdcmple</name>
         <load_address>0x31c8</load_address>
         <run_address>0x31c8</run_address>
         <size>0x86</size>
         <input_file_ref idref="fl-e7"/>
      </object_component>
      <object_component id="oc-5ca">
         <name>.text:__aeabi_cdrcmple</name>
         <load_address>0x324e</load_address>
         <run_address>0x324e</run_address>
         <size>0x86</size>
         <input_file_ref idref="fl-e7"/>
      </object_component>
      <object_component id="oc-839">
         <name>.text:IntDisable</name>
         <load_address>0x32d4</load_address>
         <run_address>0x32d4</run_address>
         <size>0x80</size>
         <input_file_ref idref="fl-1d"/>
      </object_component>
      <object_component id="oc-5a3">
         <name>.text:IntEnable</name>
         <load_address>0x3354</load_address>
         <run_address>0x3354</run_address>
         <size>0x80</size>
         <input_file_ref idref="fl-1d"/>
      </object_component>
      <object_component id="oc-254">
         <name>.text:secondString</name>
         <load_address>0x33d4</load_address>
         <run_address>0x33d4</run_address>
         <size>0x7e</size>
         <input_file_ref idref="fl-3"/>
      </object_component>
      <object_component id="oc-718">
         <name>.text:writeData</name>
         <load_address>0x3452</load_address>
         <run_address>0x3452</run_address>
         <size>0x7c</size>
         <input_file_ref idref="fl-13"/>
      </object_component>
      <object_component id="oc-a2">
         <name>.text</name>
         <load_address>0x34ce</load_address>
         <run_address>0x34ce</run_address>
         <size>0x7a</size>
         <input_file_ref idref="fl-d9"/>
      </object_component>
      <object_component id="oc-6c8">
         <name>.text:UARTConfigSetExpClk</name>
         <load_address>0x3548</load_address>
         <run_address>0x3548</run_address>
         <size>0x76</size>
         <input_file_ref idref="fl-1f"/>
      </object_component>
      <object_component id="oc-40f">
         <name>.text:clkFxn</name>
         <load_address>0x35be</load_address>
         <run_address>0x35be</run_address>
         <size>0x2</size>
         <input_file_ref idref="fl-16"/>
      </object_component>
      <object_component id="oc-46b">
         <name>.text:HwiP_construct</name>
         <load_address>0x35c0</load_address>
         <run_address>0x35c0</run_address>
         <size>0x70</size>
         <input_file_ref idref="fl-18"/>
      </object_component>
      <object_component id="oc-72b">
         <name>.text:split</name>
         <load_address>0x3630</load_address>
         <run_address>0x3630</run_address>
         <size>0x70</size>
         <input_file_ref idref="fl-de"/>
      </object_component>
      <object_component id="oc-5ea">
         <name>.text:_mcpy</name>
         <load_address>0x36a0</load_address>
         <run_address>0x36a0</run_address>
         <size>0x6e</size>
         <input_file_ref idref="fl-e4"/>
      </object_component>
      <object_component id="oc-72">
         <name>.text:defaultHandler</name>
         <load_address>0x370e</load_address>
         <run_address>0x370e</run_address>
         <size>0x2</size>
         <input_file_ref idref="fl-1a"/>
      </object_component>
      <object_component id="oc-659">
         <name>.text:Power_releaseDependency</name>
         <load_address>0x3710</load_address>
         <run_address>0x3710</run_address>
         <size>0x6c</size>
         <input_file_ref idref="fl-11"/>
      </object_component>
      <object_component id="oc-35a">
         <name>.text:GPIO_hwiIntFxn</name>
         <load_address>0x377c</load_address>
         <run_address>0x377c</run_address>
         <size>0x68</size>
         <input_file_ref idref="fl-10"/>
      </object_component>
      <object_component id="oc-315">
         <name>.text:Power_setDependency</name>
         <load_address>0x37e4</load_address>
         <run_address>0x37e4</run_address>
         <size>0x68</size>
         <input_file_ref idref="fl-11"/>
      </object_component>
      <object_component id="oc-13">
         <name>.text:decompress:lzss:__TI_decompress_lzss</name>
         <load_address>0x384c</load_address>
         <run_address>0x384c</run_address>
         <size>0x68</size>
         <input_file_ref idref="fl-dd"/>
      </object_component>
      <object_component id="oc-7b9">
         <name>.text:readIsrBinaryBlocking</name>
         <load_address>0x38b4</load_address>
         <run_address>0x38b4</run_address>
         <size>0x68</size>
         <input_file_ref idref="fl-13"/>
      </object_component>
      <object_component id="oc-204">
         <name>.text:Power_init</name>
         <load_address>0x391c</load_address>
         <run_address>0x391c</run_address>
         <size>0x64</size>
         <input_file_ref idref="fl-11"/>
      </object_component>
      <object_component id="oc-5ff">
         <name>.text:frexp</name>
         <load_address>0x3980</load_address>
         <run_address>0x3980</run_address>
         <size>0x64</size>
         <input_file_ref idref="fl-f8"/>
      </object_component>
      <object_component id="oc-7cb">
         <name>.text:readIsrBinaryCallback</name>
         <load_address>0x39e4</load_address>
         <run_address>0x39e4</run_address>
         <size>0x64</size>
         <input_file_ref idref="fl-13"/>
      </object_component>
      <object_component id="oc-31b">
         <name>.text:GPIODirModeSet</name>
         <load_address>0x3a48</load_address>
         <run_address>0x3a48</run_address>
         <size>0x5c</size>
         <input_file_ref idref="fl-1c"/>
      </object_component>
      <object_component id="oc-597">
         <name>.text:IntRegister</name>
         <load_address>0x3aa4</load_address>
         <run_address>0x3aa4</run_address>
         <size>0x5c</size>
         <input_file_ref idref="fl-1d"/>
      </object_component>
      <object_component id="oc-653">
         <name>.text:getPowerResourceId</name>
         <load_address>0x3b00</load_address>
         <run_address>0x3b00</run_address>
         <size>0x5c</size>
         <input_file_ref idref="fl-13"/>
      </object_component>
      <object_component id="oc-2f4">
         <name>.text:GPIO_setCallback</name>
         <load_address>0x3b5c</load_address>
         <run_address>0x3b5c</run_address>
         <size>0x58</size>
         <input_file_ref idref="fl-10"/>
      </object_component>
      <object_component id="oc-778">
         <name>.text:sysTickInit</name>
         <load_address>0x3bb4</load_address>
         <run_address>0x3bb4</run_address>
         <size>0x58</size>
         <input_file_ref idref="fl-17"/>
      </object_component>
      <object_component id="oc-4ba">
         <name>.text:_pconv_f</name>
         <load_address>0x3c0c</load_address>
         <run_address>0x3c0c</run_address>
         <size>0x56</size>
         <input_file_ref idref="fl-e4"/>
      </object_component>
      <object_component id="oc-6c">
         <name>.text:faultISR</name>
         <load_address>0x3c62</load_address>
         <run_address>0x3c62</run_address>
         <size>0x2</size>
         <input_file_ref idref="fl-1a"/>
      </object_component>
      <object_component id="oc-22a">
         <name>.text:GPIO_write</name>
         <load_address>0x3c64</load_address>
         <run_address>0x3c64</run_address>
         <size>0x54</size>
         <input_file_ref idref="fl-10"/>
      </object_component>
      <object_component id="oc-59d">
         <name>.text:IntPrioritySet</name>
         <load_address>0x3cb8</load_address>
         <run_address>0x3cb8</run_address>
         <size>0x54</size>
         <input_file_ref idref="fl-1d"/>
      </object_component>
      <object_component id="oc-5d4">
         <name>.text:__TI_ltoa</name>
         <load_address>0x3d0c</load_address>
         <run_address>0x3d0c</run_address>
         <size>0x54</size>
         <input_file_ref idref="fl-f1"/>
      </object_component>
      <object_component id="oc-5e4">
         <name>.text:_ecpy</name>
         <load_address>0x3d60</load_address>
         <run_address>0x3d60</run_address>
         <size>0x52</size>
         <input_file_ref idref="fl-e4"/>
      </object_component>
      <object_component id="oc-66">
         <name>.text:nmiISR</name>
         <load_address>0x3db2</load_address>
         <run_address>0x3db2</run_address>
         <size>0x2</size>
         <input_file_ref idref="fl-1a"/>
      </object_component>
      <object_component id="oc-7e">
         <name>.text:ClockP_sysTickHandler</name>
         <load_address>0x3db4</load_address>
         <run_address>0x3db4</run_address>
         <size>0x50</size>
         <input_file_ref idref="fl-17"/>
      </object_component>
      <object_component id="oc-50a">
         <name>.text:SemaphoreP_construct</name>
         <load_address>0x3e04</load_address>
         <run_address>0x3e04</run_address>
         <size>0x50</size>
         <input_file_ref idref="fl-16"/>
      </object_component>
      <object_component id="oc-6d1">
         <name>.text:UARTMSP432E4_hwiIntFxn</name>
         <load_address>0x3e54</load_address>
         <run_address>0x3e54</run_address>
         <size>0x50</size>
         <input_file_ref idref="fl-13"/>
      </object_component>
      <object_component id="oc-575">
         <name>.text:UARTMSP432E4_writePolling</name>
         <load_address>0x3ea4</load_address>
         <run_address>0x3ea4</run_address>
         <size>0x4c</size>
         <input_file_ref idref="fl-13"/>
      </object_component>
      <object_component id="oc-4a3">
         <name>.text:atoi</name>
         <load_address>0x3ef0</load_address>
         <run_address>0x3ef0</run_address>
         <size>0x4c</size>
         <input_file_ref idref="fl-f3"/>
      </object_component>
      <object_component id="oc-6f8">
         <name>.text:ringBufGet</name>
         <load_address>0x3f3c</load_address>
         <run_address>0x3f3c</run_address>
         <size>0x4c</size>
         <input_file_ref idref="fl-13"/>
      </object_component>
      <object_component id="oc-57b">
         <name>.text:UARTMSP432E4_writeCancel</name>
         <load_address>0x3f88</load_address>
         <run_address>0x3f88</run_address>
         <size>0x48</size>
         <input_file_ref idref="fl-13"/>
      </object_component>
      <object_component id="oc-24e">
         <name>.text:commandTest</name>
         <load_address>0x3fd0</load_address>
         <run_address>0x3fd0</run_address>
         <size>0x48</size>
         <input_file_ref idref="fl-3"/>
      </object_component>
      <object_component id="oc-5cf">
         <name>.text</name>
         <load_address>0x4018</load_address>
         <run_address>0x4018</run_address>
         <size>0x48</size>
         <input_file_ref idref="fl-ea"/>
      </object_component>
      <object_component id="oc-807">
         <name>.text:RingBuf_put</name>
         <load_address>0x4060</load_address>
         <run_address>0x4060</run_address>
         <size>0x46</size>
         <input_file_ref idref="fl-14"/>
      </object_component>
      <object_component id="oc-746">
         <name>.text</name>
         <load_address>0x40a6</load_address>
         <run_address>0x40a6</run_address>
         <size>0x2</size>
         <input_file_ref idref="fl-e5"/>
      </object_component>
      <object_component id="oc-532">
         <name>.text:ClockP_stop</name>
         <load_address>0x40a8</load_address>
         <run_address>0x40a8</run_address>
         <size>0x44</size>
         <input_file_ref idref="fl-17"/>
      </object_component>
      <object_component id="oc-68c">
         <name>.text:GPIOPinConfigure</name>
         <load_address>0x40ec</load_address>
         <run_address>0x40ec</run_address>
         <size>0x44</size>
         <input_file_ref idref="fl-1c"/>
      </object_component>
      <object_component id="oc-2fa">
         <name>.text:SemaphoreP_post</name>
         <load_address>0x4130</load_address>
         <run_address>0x4130</run_address>
         <size>0x44</size>
         <input_file_ref idref="fl-16"/>
      </object_component>
      <object_component id="oc-440">
         <name>.text:SysCtlPeripheralPresent</name>
         <load_address>0x4174</load_address>
         <run_address>0x4174</run_address>
         <size>0x44</size>
         <input_file_ref idref="fl-1e"/>
      </object_component>
      <object_component id="oc-458">
         <name>.text:SysCtlPeripheralReady</name>
         <load_address>0x41b8</load_address>
         <run_address>0x41b8</run_address>
         <size>0x44</size>
         <input_file_ref idref="fl-1e"/>
      </object_component>
      <object_component id="oc-21e">
         <name>.text:UART_init</name>
         <load_address>0x41fc</load_address>
         <run_address>0x41fc</run_address>
         <size>0x44</size>
         <input_file_ref idref="fl-12"/>
      </object_component>
      <object_component id="oc-b5">
         <name>.text:_SysCtlMemTimingGet</name>
         <load_address>0x4240</load_address>
         <run_address>0x4240</run_address>
         <size>0x44</size>
         <input_file_ref idref="fl-1e"/>
      </object_component>
      <object_component id="oc-19e">
         <name>.text:__TI_auto_init_nobinit_nopinit:__TI_auto_init_nobinit_nopinit</name>
         <load_address>0x4284</load_address>
         <run_address>0x4284</run_address>
         <size>0x44</size>
         <input_file_ref idref="fl-ec"/>
      </object_component>
      <object_component id="oc-7ad">
         <name>.text:ClockP_construct</name>
         <load_address>0x42c8</load_address>
         <run_address>0x42c8</run_address>
         <size>0x40</size>
         <input_file_ref idref="fl-17"/>
      </object_component>
      <object_component id="oc-7fb">
         <name>.text:RingBuf_get</name>
         <load_address>0x4308</load_address>
         <run_address>0x4308</run_address>
         <size>0x40</size>
         <input_file_ref idref="fl-14"/>
      </object_component>
      <object_component id="oc-78a">
         <name>.text:SysCtlPeripheralDisable</name>
         <load_address>0x4348</load_address>
         <run_address>0x4348</run_address>
         <size>0x40</size>
         <input_file_ref idref="fl-1e"/>
      </object_component>
      <object_component id="oc-44c">
         <name>.text:SysCtlPeripheralEnable</name>
         <load_address>0x4388</load_address>
         <run_address>0x4388</run_address>
         <size>0x40</size>
         <input_file_ref idref="fl-1e"/>
      </object_component>
      <object_component id="oc-2bb">
         <name>.text:SysCtlPeripheralPowerOff</name>
         <load_address>0x43c8</load_address>
         <run_address>0x43c8</run_address>
         <size>0x40</size>
         <input_file_ref idref="fl-1e"/>
      </object_component>
      <object_component id="oc-446">
         <name>.text:SysCtlPeripheralPowerOn</name>
         <load_address>0x4408</load_address>
         <run_address>0x4408</run_address>
         <size>0x40</size>
         <input_file_ref idref="fl-1e"/>
      </object_component>
      <object_component id="oc-790">
         <name>.text:SysCtlPeripheralSleepDisable</name>
         <load_address>0x4448</load_address>
         <run_address>0x4448</run_address>
         <size>0x40</size>
         <input_file_ref idref="fl-1e"/>
      </object_component>
      <object_component id="oc-452">
         <name>.text:SysCtlPeripheralSleepEnable</name>
         <load_address>0x4488</load_address>
         <run_address>0x4488</run_address>
         <size>0x40</size>
         <input_file_ref idref="fl-1e"/>
      </object_component>
      <object_component id="oc-55d">
         <name>.text:UARTMSP432E4_read</name>
         <load_address>0x44c8</load_address>
         <run_address>0x44c8</run_address>
         <size>0x40</size>
         <input_file_ref idref="fl-13"/>
      </object_component>
      <object_component id="oc-236">
         <name>.text:UART_open</name>
         <load_address>0x4508</load_address>
         <run_address>0x4508</run_address>
         <size>0x40</size>
         <input_file_ref idref="fl-12"/>
      </object_component>
      <object_component id="oc-242">
         <name>.text:sprintf</name>
         <load_address>0x4548</load_address>
         <run_address>0x4548</run_address>
         <size>0x40</size>
         <input_file_ref idref="fl-d6"/>
      </object_component>
      <object_component id="oc-5f7">
         <name>.text:_fcpy</name>
         <load_address>0x4588</load_address>
         <run_address>0x4588</run_address>
         <size>0x3e</size>
         <input_file_ref idref="fl-e4"/>
      </object_component>
      <object_component id="oc-409">
         <name>.text:ClockP_destruct</name>
         <load_address>0x45c8</load_address>
         <run_address>0x45c8</run_address>
         <size>0x3c</size>
         <input_file_ref idref="fl-17"/>
      </object_component>
      <object_component id="oc-ec">
         <name>.text:addToList</name>
         <load_address>0x4604</load_address>
         <run_address>0x4604</run_address>
         <size>0x38</size>
         <input_file_ref idref="fl-17"/>
      </object_component>
      <object_component id="oc-569">
         <name>.text:UARTMSP432E4_readCancel</name>
         <load_address>0x463c</load_address>
         <run_address>0x463c</run_address>
         <size>0x36</size>
         <input_file_ref idref="fl-13"/>
      </object_component>
      <object_component id="oc-63a">
         <name>.text:ClockP_startup</name>
         <load_address>0x4674</load_address>
         <run_address>0x4674</run_address>
         <size>0x34</size>
         <input_file_ref idref="fl-17"/>
      </object_component>
      <object_component id="oc-d6">
         <name>.text:_c_int00_noargs:_c_int00_noargs</name>
         <load_address>0x46a8</load_address>
         <run_address>0x46a8</run_address>
         <size>0x34</size>
         <input_file_ref idref="fl-e2"/>
      </object_component>
      <object_component id="oc-25a">
         <name>.text:strstr</name>
         <load_address>0x46dc</load_address>
         <run_address>0x46dc</run_address>
         <size>0x34</size>
         <input_file_ref idref="fl-e0"/>
      </object_component>
      <object_component id="oc-17f">
         <name>.text:Board_init</name>
         <load_address>0x4710</load_address>
         <run_address>0x4710</run_address>
         <size>0x30</size>
         <input_file_ref idref="fl-4"/>
      </object_component>
      <object_component id="oc-3f7">
         <name>.text:ClockP_start</name>
         <load_address>0x4740</load_address>
         <run_address>0x4740</run_address>
         <size>0x30</size>
         <input_file_ref idref="fl-17"/>
      </object_component>
      <object_component id="oc-65f">
         <name>.text:GPIOMSP432E4_undoPinConfig</name>
         <load_address>0x4770</load_address>
         <run_address>0x4770</run_address>
         <size>0x30</size>
         <input_file_ref idref="fl-10"/>
      </object_component>
      <object_component id="oc-64d">
         <name>.text:UARTDisable</name>
         <load_address>0x47a0</load_address>
         <run_address>0x47a0</run_address>
         <size>0x30</size>
         <input_file_ref idref="fl-1f"/>
      </object_component>
      <object_component id="oc-5da">
         <name>.text</name>
         <load_address>0x47d0</load_address>
         <run_address>0x47d0</run_address>
         <size>0x2e</size>
         <input_file_ref idref="fl-eb"/>
      </object_component>
      <object_component id="oc-2c1">
         <name>.text:SysCtlPeripheralClockGating</name>
         <load_address>0x4800</load_address>
         <run_address>0x4800</run_address>
         <size>0x2c</size>
         <input_file_ref idref="fl-1e"/>
      </object_component>
      <object_component id="oc-339">
         <name>.text:HwiP_create</name>
         <load_address>0x482c</load_address>
         <run_address>0x482c</run_address>
         <size>0x2a</size>
         <input_file_ref idref="fl-18"/>
      </object_component>
      <object_component id="oc-52a">
         <name>.text:free_list_insert</name>
         <load_address>0x4858</load_address>
         <run_address>0x4858</run_address>
         <size>0x28</size>
         <input_file_ref idref="fl-de"/>
      </object_component>
      <object_component id="oc-698">
         <name>.text:GPIOPinTypeUART</name>
         <load_address>0x4880</load_address>
         <run_address>0x4880</run_address>
         <size>0x24</size>
         <input_file_ref idref="fl-1c"/>
      </object_component>
      <object_component id="oc-5a9">
         <name>.text:HwiP_dispatch</name>
         <load_address>0x48a4</load_address>
         <run_address>0x48a4</run_address>
         <size>0x24</size>
         <input_file_ref idref="fl-18"/>
      </object_component>
      <object_component id="oc-812">
         <name>.text:UARTCharPutNonBlocking</name>
         <load_address>0x48c8</load_address>
         <run_address>0x48c8</run_address>
         <size>0x24</size>
         <input_file_ref idref="fl-1f"/>
      </object_component>
      <object_component id="oc-6b6">
         <name>.text:UARTEnable</name>
         <load_address>0x48ec</load_address>
         <run_address>0x48ec</run_address>
         <size>0x24</size>
         <input_file_ref idref="fl-1f"/>
      </object_component>
      <object_component id="oc-47e">
         <name>.text:GPIOIntStatus</name>
         <load_address>0x4910</load_address>
         <run_address>0x4910</run_address>
         <size>0x22</size>
         <input_file_ref idref="fl-1c"/>
      </object_component>
      <object_component id="oc-321">
         <name>.text:GPIOPinWrite</name>
         <load_address>0x4932</load_address>
         <run_address>0x4932</run_address>
         <size>0x20</size>
         <input_file_ref idref="fl-1c"/>
      </object_component>
      <object_component id="oc-678">
         <name>.text:RingBuf_peek</name>
         <load_address>0x4952</load_address>
         <run_address>0x4952</run_address>
         <size>0x20</size>
         <input_file_ref idref="fl-14"/>
      </object_component>
      <object_component id="oc-32d">
         <name>.text:getGpioIntIndex</name>
         <load_address>0x4972</load_address>
         <run_address>0x4972</run_address>
         <size>0x20</size>
         <input_file_ref idref="fl-10"/>
      </object_component>
      <object_component id="oc-20">
         <name>.text:resetISR</name>
         <load_address>0x4994</load_address>
         <run_address>0x4994</run_address>
         <size>0x20</size>
         <input_file_ref idref="fl-1a"/>
      </object_component>
      <object_component id="oc-70c">
         <name>.text:UARTBusy</name>
         <load_address>0x49b4</load_address>
         <run_address>0x49b4</run_address>
         <size>0x1e</size>
         <input_file_ref idref="fl-1f"/>
      </object_component>
      <object_component id="oc-704">
         <name>.text:UARTCharPut</name>
         <load_address>0x49d2</load_address>
         <run_address>0x49d2</run_address>
         <size>0x1e</size>
         <input_file_ref idref="fl-1f"/>
      </object_component>
      <object_component id="oc-84c">
         <name>.text:UARTCharsAvail</name>
         <load_address>0x49f0</load_address>
         <run_address>0x49f0</run_address>
         <size>0x1e</size>
         <input_file_ref idref="fl-1f"/>
      </object_component>
      <object_component id="oc-712">
         <name>.text:UARTIntStatus</name>
         <load_address>0x4a0e</load_address>
         <run_address>0x4a0e</run_address>
         <size>0x1e</size>
         <input_file_ref idref="fl-1f"/>
      </object_component>
      <object_component id="oc-83f">
         <name>.text:IntUnregister</name>
         <load_address>0x4a2c</load_address>
         <run_address>0x4a2c</run_address>
         <size>0x1c</size>
         <input_file_ref idref="fl-1d"/>
      </object_component>
      <object_component id="oc-801">
         <name>.text:UARTCharGetNonBlocking</name>
         <load_address>0x4a48</load_address>
         <run_address>0x4a48</run_address>
         <size>0x1c</size>
         <input_file_ref idref="fl-1f"/>
      </object_component>
      <object_component id="oc-69e">
         <name>.text:UARTFlowControlSet</name>
         <load_address>0x4a64</load_address>
         <run_address>0x4a64</run_address>
         <size>0x1c</size>
         <input_file_ref idref="fl-1f"/>
      </object_component>
      <object_component id="oc-71e">
         <name>.text:UARTTxIntModeSet</name>
         <load_address>0x4a80</load_address>
         <run_address>0x4a80</run_address>
         <size>0x1c</size>
         <input_file_ref idref="fl-1f"/>
      </object_component>
      <object_component id="oc-46">
         <name>.text:decompress:ZI:__TI_zero_init_nomemset:__TI_zero_init_nomemset</name>
         <load_address>0x4a9c</load_address>
         <run_address>0x4a9c</run_address>
         <size>0x1c</size>
         <input_file_ref idref="fl-db"/>
      </object_component>
      <object_component id="oc-524">
         <name>.text:free_list_remove</name>
         <load_address>0x4ab8</load_address>
         <run_address>0x4ab8</run_address>
         <size>0x1c</size>
         <input_file_ref idref="fl-de"/>
      </object_component>
      <object_component id="oc-4cc">
         <name>.text:memccpy</name>
         <load_address>0x4ad4</load_address>
         <run_address>0x4ad4</run_address>
         <size>0x1c</size>
         <input_file_ref idref="fl-f5"/>
      </object_component>
      <object_component id="oc-6aa">
         <name>.text:ClockP_create</name>
         <load_address>0x4af0</load_address>
         <run_address>0x4af0</run_address>
         <size>0x1a</size>
         <input_file_ref idref="fl-17"/>
      </object_component>
      <object_component id="oc-2d6">
         <name>.text:SemaphoreP_createBinary</name>
         <load_address>0x4b0a</load_address>
         <run_address>0x4b0a</run_address>
         <size>0x1a</size>
         <input_file_ref idref="fl-16"/>
      </object_component>
      <object_component id="oc-75f">
         <name>.text:copysign</name>
         <load_address>0x4b24</load_address>
         <run_address>0x4b24</run_address>
         <size>0x1a</size>
         <input_file_ref idref="fl-fa"/>
      </object_component>
      <object_component id="oc-58">
         <name>.text:FPUEnable</name>
         <load_address>0x4b40</load_address>
         <run_address>0x4b40</run_address>
         <size>0x18</size>
         <input_file_ref idref="fl-1b"/>
      </object_component>
      <object_component id="oc-632">
         <name>.text:Power_idleFunc</name>
         <load_address>0x4b58</load_address>
         <run_address>0x4b58</run_address>
         <size>0x18</size>
         <input_file_ref idref="fl-11"/>
      </object_component>
      <object_component id="oc-6bc">
         <name>.text:UARTFIFOLevelSet</name>
         <load_address>0x4b70</load_address>
         <run_address>0x4b70</run_address>
         <size>0x18</size>
         <input_file_ref idref="fl-1f"/>
      </object_component>
      <object_component id="oc-647">
         <name>.text:UARTIntDisable</name>
         <load_address>0x4b88</load_address>
         <run_address>0x4b88</run_address>
         <size>0x18</size>
         <input_file_ref idref="fl-1f"/>
      </object_component>
      <object_component id="oc-67e">
         <name>.text:UARTIntEnable</name>
         <load_address>0x4ba0</load_address>
         <run_address>0x4ba0</run_address>
         <size>0x18</size>
         <input_file_ref idref="fl-1f"/>
      </object_component>
      <object_component id="oc-230">
         <name>.text:UART_Params_init</name>
         <load_address>0x4bb8</load_address>
         <run_address>0x4bb8</run_address>
         <size>0x18</size>
         <input_file_ref idref="fl-12"/>
      </object_component>
      <object_component id="oc-376">
         <name>.text:_outs</name>
         <load_address>0x4bd0</load_address>
         <run_address>0x4bd0</run_address>
         <size>0x18</size>
         <input_file_ref idref="fl-d6"/>
      </object_component>
      <object_component id="oc-3df">
         <name>.text:SemaphoreP_create</name>
         <load_address>0x4be8</load_address>
         <run_address>0x4be8</run_address>
         <size>0x16</size>
         <input_file_ref idref="fl-16"/>
      </object_component>
      <object_component id="oc-6fe">
         <name>.text:UARTCharGet</name>
         <load_address>0x4bfe</load_address>
         <run_address>0x4bfe</run_address>
         <size>0x16</size>
         <input_file_ref idref="fl-1f"/>
      </object_component>
      <object_component id="oc-60b">
         <name>.text:strchr</name>
         <load_address>0x4c14</load_address>
         <run_address>0x4c14</run_address>
         <size>0x16</size>
         <input_file_ref idref="fl-f6"/>
      </object_component>
      <object_component id="oc-345">
         <name>.text:GPIOIntClear</name>
         <load_address>0x4c2a</load_address>
         <run_address>0x4c2a</run_address>
         <size>0x14</size>
         <input_file_ref idref="fl-1c"/>
      </object_component>
      <object_component id="oc-692">
         <name>.text:GPIOMSP432E4_getGpioBaseAddr</name>
         <load_address>0x4c40</load_address>
         <run_address>0x4c40</run_address>
         <size>0x14</size>
         <input_file_ref idref="fl-10"/>
      </object_component>
      <object_component id="oc-665">
         <name>.text:GPIOMSP432E4_getPowerResourceId</name>
         <load_address>0x4c54</load_address>
         <run_address>0x4c54</run_address>
         <size>0x14</size>
         <input_file_ref idref="fl-10"/>
      </object_component>
      <object_component id="oc-41a">
         <name>.text:HwiP_inISR</name>
         <load_address>0x4c68</load_address>
         <run_address>0x4c68</run_address>
         <size>0x14</size>
         <input_file_ref idref="fl-18"/>
      </object_component>
      <object_component id="oc-420">
         <name>.text:Power_disablePolicy</name>
         <load_address>0x4c7c</load_address>
         <run_address>0x4c7c</run_address>
         <size>0x14</size>
         <input_file_ref idref="fl-11"/>
      </object_component>
      <object_component id="oc-260">
         <name>.text:strlen</name>
         <load_address>0x4c90</load_address>
         <run_address>0x4c90</run_address>
         <size>0x14</size>
         <input_file_ref idref="fl-df"/>
      </object_component>
      <object_component id="oc-333">
         <name>.text:HwiP_Params_init</name>
         <load_address>0x4ca4</load_address>
         <run_address>0x4ca4</run_address>
         <size>0x12</size>
         <input_file_ref idref="fl-18"/>
      </object_component>
      <object_component id="oc-799">
         <name>.text:HwiP_destruct</name>
         <load_address>0x4cb6</load_address>
         <run_address>0x4cb6</run_address>
         <size>0x12</size>
         <input_file_ref idref="fl-18"/>
      </object_component>
      <object_component id="oc-686">
         <name>.text:RingBuf_construct</name>
         <load_address>0x4cc8</load_address>
         <run_address>0x4cc8</run_address>
         <size>0x12</size>
         <input_file_ref idref="fl-14"/>
      </object_component>
      <object_component id="oc-6b0">
         <name>.text:UARTIntClear</name>
         <load_address>0x4cda</load_address>
         <run_address>0x4cda</run_address>
         <size>0x12</size>
         <input_file_ref idref="fl-1f"/>
      </object_component>
      <object_component id="oc-7df">
         <name>.text:UARTRxErrorGet</name>
         <load_address>0x4cec</load_address>
         <run_address>0x4cec</run_address>
         <size>0x12</size>
         <input_file_ref idref="fl-1f"/>
      </object_component>
      <object_component id="oc-13f">
         <name>.text:main</name>
         <load_address>0x4cfe</load_address>
         <run_address>0x4cfe</run_address>
         <size>0x12</size>
         <input_file_ref idref="fl-2"/>
      </object_component>
      <object_component id="oc-4d2">
         <name>.text:wcslen</name>
         <load_address>0x4d10</load_address>
         <run_address>0x4d10</run_address>
         <size>0x12</size>
         <input_file_ref idref="fl-f7"/>
      </object_component>
      <object_component id="oc-3f1">
         <name>.text:ClockP_add</name>
         <load_address>0x4d22</load_address>
         <run_address>0x4d22</run_address>
         <size>0x10</size>
         <input_file_ref idref="fl-17"/>
      </object_component>
      <object_component id="oc-671">
         <name>.text:ClockP_delete</name>
         <load_address>0x4d32</load_address>
         <run_address>0x4d32</run_address>
         <size>0x10</size>
         <input_file_ref idref="fl-17"/>
      </object_component>
      <object_component id="oc-6c2">
         <name>.text:ClockP_getCpuFreq</name>
         <load_address>0x4d44</load_address>
         <run_address>0x4d44</run_address>
         <size>0x10</size>
         <input_file_ref idref="fl-17"/>
      </object_component>
      <object_component id="oc-66b">
         <name>.text:HwiP_delete</name>
         <load_address>0x4d54</load_address>
         <run_address>0x4d54</run_address>
         <size>0x10</size>
         <input_file_ref idref="fl-18"/>
      </object_component>
      <object_component id="oc-52">
         <name>.text:IntMasterDisable</name>
         <load_address>0x4d64</load_address>
         <run_address>0x4d64</run_address>
         <size>0x10</size>
         <input_file_ref idref="fl-1d"/>
      </object_component>
      <object_component id="oc-211">
         <name>.text:IntMasterEnable</name>
         <load_address>0x4d74</load_address>
         <run_address>0x4d74</run_address>
         <size>0x10</size>
         <input_file_ref idref="fl-1d"/>
      </object_component>
      <object_component id="oc-3ce">
         <name>.text:PowerMSP432E4_sleepPolicy</name>
         <load_address>0x4d84</load_address>
         <run_address>0x4d84</run_address>
         <size>0x10</size>
         <input_file_ref idref="fl-19"/>
      </object_component>
      <object_component id="oc-3fd">
         <name>.text:Power_enablePolicy</name>
         <load_address>0x4d94</load_address>
         <run_address>0x4d94</run_address>
         <size>0x10</size>
         <input_file_ref idref="fl-11"/>
      </object_component>
      <object_component id="oc-3d9">
         <name>.text:SemaphoreP_Params_init</name>
         <load_address>0x4da4</load_address>
         <run_address>0x4da4</run_address>
         <size>0x10</size>
         <input_file_ref idref="fl-16"/>
      </object_component>
      <object_component id="oc-7e5">
         <name>.text:UARTRxErrorClear</name>
         <load_address>0x4db4</load_address>
         <run_address>0x4db4</run_address>
         <size>0x10</size>
         <input_file_ref idref="fl-1f"/>
      </object_component>
      <object_component id="oc-6e3">
         <name>.text:readBlockingTimeout</name>
         <load_address>0x4dc4</load_address>
         <run_address>0x4dc4</run_address>
         <size>0x10</size>
         <input_file_ref idref="fl-13"/>
      </object_component>
      <object_component id="oc-7f5">
         <name>.text:RingBuf_isFull</name>
         <load_address>0x4dd4</load_address>
         <run_address>0x4dd4</run_address>
         <size>0xe</size>
         <input_file_ref idref="fl-14"/>
      </object_component>
      <object_component id="oc-19">
         <name>.text:decompress:none:__TI_decompress_none</name>
         <load_address>0x4de2</load_address>
         <run_address>0x4de2</run_address>
         <size>0xe</size>
         <input_file_ref idref="fl-dc"/>
      </object_component>
      <object_component id="oc-a8">
         <name>.text:CPUcpsid</name>
         <load_address>0x4df0</load_address>
         <run_address>0x4df0</run_address>
         <size>0xc</size>
         <input_file_ref idref="fl-20"/>
      </object_component>
      <object_component id="oc-2cf">
         <name>.text:CPUcpsie</name>
         <load_address>0x4dfc</load_address>
         <run_address>0x4dfc</run_address>
         <size>0xc</size>
         <input_file_ref idref="fl-20"/>
      </object_component>
      <object_component id="oc-6a4">
         <name>.text:ClockP_Params_init</name>
         <load_address>0x4e08</load_address>
         <run_address>0x4e08</run_address>
         <size>0xa</size>
         <input_file_ref idref="fl-17"/>
      </object_component>
      <object_component id="oc-403">
         <name>.text:ClockP_isActive</name>
         <load_address>0x4e12</load_address>
         <run_address>0x4e12</run_address>
         <size>0xa</size>
         <input_file_ref idref="fl-17"/>
      </object_component>
      <object_component id="oc-248">
         <name>.text:UART_read</name>
         <load_address>0x4e1c</load_address>
         <run_address>0x4e1c</run_address>
         <size>0xa</size>
         <input_file_ref idref="fl-12"/>
      </object_component>
      <object_component id="oc-23c">
         <name>.text:UART_write</name>
         <load_address>0x4e26</load_address>
         <run_address>0x4e26</run_address>
         <size>0xa</size>
         <input_file_ref idref="fl-12"/>
      </object_component>
      <object_component id="oc-37c">
         <name>.text:_outc</name>
         <load_address>0x4e30</load_address>
         <run_address>0x4e30</run_address>
         <size>0xa</size>
         <input_file_ref idref="fl-d6"/>
      </object_component>
      <object_component id="oc-2e2">
         <name>.text:HwiP_restore</name>
         <load_address>0x4e3a</load_address>
         <run_address>0x4e3a</run_address>
         <size>0x8</size>
         <input_file_ref idref="fl-18"/>
      </object_component>
      <object_component id="oc-392">
         <name>.text:__aeabi_errno_addr</name>
         <load_address>0x4e44</load_address>
         <run_address>0x4e44</run_address>
         <size>0x8</size>
         <input_file_ref idref="fl-e3"/>
      </object_component>
      <object_component id="oc-465">
         <name>.text:malloc</name>
         <load_address>0x4e4c</load_address>
         <run_address>0x4e4c</run_address>
         <size>0x8</size>
         <input_file_ref idref="fl-de"/>
      </object_component>
      <object_component id="oc-6dd">
         <name>.text:readSemCallback</name>
         <load_address>0x4e54</load_address>
         <run_address>0x4e54</run_address>
         <size>0x8</size>
         <input_file_ref idref="fl-13"/>
      </object_component>
      <object_component id="oc-6d7">
         <name>.text:writeSemCallback</name>
         <load_address>0x4e5c</load_address>
         <run_address>0x4e5c</run_address>
         <size>0x8</size>
         <input_file_ref idref="fl-13"/>
      </object_component>
      <object_component id="oc-853">
         <name>.text:ClockP_setTimeout</name>
         <load_address>0x4e64</load_address>
         <run_address>0x4e64</run_address>
         <size>0x4</size>
         <input_file_ref idref="fl-17"/>
      </object_component>
      <object_component id="oc-2dc">
         <name>.text:HwiP_disable</name>
         <load_address>0x4e68</load_address>
         <run_address>0x4e68</run_address>
         <size>0x4</size>
         <input_file_ref idref="fl-18"/>
      </object_component>
      <object_component id="oc-185">
         <name>.text:HwiP_enable</name>
         <load_address>0x4e6c</load_address>
         <run_address>0x4e6c</run_address>
         <size>0x4</size>
         <input_file_ref idref="fl-18"/>
      </object_component>
      <object_component id="oc-2e8">
         <name>.text:SemaphoreP_delete</name>
         <load_address>0x4e70</load_address>
         <run_address>0x4e70</run_address>
         <size>0x4</size>
         <input_file_ref idref="fl-16"/>
      </object_component>
      <object_component id="oc-139">
         <name>.text:_system_pre_init</name>
         <load_address>0x4e74</load_address>
         <run_address>0x4e74</run_address>
         <size>0x4</size>
         <input_file_ref idref="fl-ed"/>
      </object_component>
      <object_component id="oc-192">
         <name>.text:abort:abort</name>
         <load_address>0x4e78</load_address>
         <run_address>0x4e78</run_address>
         <size>0x4</size>
         <input_file_ref idref="fl-ef"/>
      </object_component>
      <object_component id="oc-c7">
         <name>.const:g_pppui32XTALtoVCO</name>
         <load_address>0x4e7c</load_address>
         <run_address>0x4e7c</run_address>
         <size>0x1b0</size>
         <input_file_ref idref="fl-1e"/>
      </object_component>
      <object_component id="oc-398">
         <name>.const:.string:_ctypes_</name>
         <load_address>0x502c</load_address>
         <run_address>0x502c</run_address>
         <size>0x101</size>
         <input_file_ref idref="fl-f4"/>
      </object_component>
      <object_component id="oc-281">
         <name>.const:.string:$P$T7$8</name>
         <load_address>0x512d</load_address>
         <run_address>0x512d</run_address>
         <size>0x3</size>
         <input_file_ref idref="fl-3"/>
      </object_component>
      <object_component id="oc-737">
         <name>.const:g_pui32Regs</name>
         <load_address>0x5130</load_address>
         <run_address>0x5130</run_address>
         <size>0x9c</size>
         <input_file_ref idref="fl-1d"/>
      </object_component>
      <object_component id="oc-27b">
         <name>.const:.string:$P$T5$6</name>
         <load_address>0x51cc</load_address>
         <run_address>0x51cc</run_address>
         <size>0x80</size>
         <input_file_ref idref="fl-3"/>
      </object_component>
      <object_component id="oc-27e">
         <name>.const:.string:$P$T6$7</name>
         <load_address>0x524c</load_address>
         <run_address>0x524c</run_address>
         <size>0x80</size>
         <input_file_ref idref="fl-3"/>
      </object_component>
      <object_component id="oc-272">
         <name>.const:.string:$P$T2$3</name>
         <load_address>0x52cc</load_address>
         <run_address>0x52cc</run_address>
         <size>0x50</size>
         <input_file_ref idref="fl-3"/>
      </object_component>
      <object_component id="oc-278">
         <name>.const:.string:$P$T4$5</name>
         <load_address>0x531c</load_address>
         <run_address>0x531c</run_address>
         <size>0x48</size>
         <input_file_ref idref="fl-3"/>
      </object_component>
      <object_component id="oc-7a5">
         <name>.const:g_pui32GPIOBaseAddrs</name>
         <load_address>0x5364</load_address>
         <run_address>0x5364</run_address>
         <size>0x48</size>
         <input_file_ref idref="fl-1c"/>
      </object_component>
      <object_component id="oc-363">
         <name>.const:gpioBaseAddresses</name>
         <load_address>0x53ac</load_address>
         <run_address>0x53ac</run_address>
         <size>0x48</size>
         <input_file_ref idref="fl-10"/>
      </object_component>
      <object_component id="oc-34b">
         <name>.const:powerMgrIds</name>
         <load_address>0x53f4</load_address>
         <run_address>0x53f4</run_address>
         <size>0x48</size>
         <input_file_ref idref="fl-10"/>
      </object_component>
      <object_component id="oc-26f">
         <name>.const:.string:$P$T1$2</name>
         <load_address>0x543c</load_address>
         <run_address>0x543c</run_address>
         <size>0x37</size>
         <input_file_ref idref="fl-3"/>
      </object_component>
      <object_component id="oc-275">
         <name>.const:.string:$P$T3$4</name>
         <load_address>0x5473</load_address>
         <run_address>0x5473</run_address>
         <size>0x31</size>
         <input_file_ref idref="fl-3"/>
      </object_component>
      <object_component id="oc-123">
         <name>.const:g_sXTALtoMEMTIM</name>
         <load_address>0x54a4</load_address>
         <run_address>0x54a4</run_address>
         <size>0x30</size>
         <input_file_ref idref="fl-1e"/>
      </object_component>
      <object_component id="oc-43b">
         <name>.const:uartMSP432E4HWAttrs</name>
         <load_address>0x54d4</load_address>
         <run_address>0x54d4</run_address>
         <size>0x2c</size>
         <input_file_ref idref="fl-4"/>
      </object_component>
      <object_component id="oc-437">
         <name>.const:UARTMSP432E4_fxnTable</name>
         <load_address>0x5500</load_address>
         <run_address>0x5500</run_address>
         <size>0x28</size>
         <input_file_ref idref="fl-13"/>
      </object_component>
      <object_component id="oc-c1">
         <name>.const:g_pui32Xtals</name>
         <load_address>0x5528</load_address>
         <run_address>0x5528</run_address>
         <size>0x28</size>
         <input_file_ref idref="fl-1e"/>
      </object_component>
      <object_component id="oc-369">
         <name>.const:UART_defaultParams</name>
         <load_address>0x5550</load_address>
         <run_address>0x5550</run_address>
         <size>0x24</size>
         <input_file_ref idref="fl-12"/>
      </object_component>
      <object_component id="oc-357">
         <name>.const:.string:gpioInterruptVectors</name>
         <load_address>0x5574</load_address>
         <run_address>0x5574</run_address>
         <size>0x20</size>
         <input_file_ref idref="fl-10"/>
      </object_component>
      <object_component id="oc-6ce">
         <name>.const:staticFxnTable</name>
         <load_address>0x5594</load_address>
         <run_address>0x5594</run_address>
         <size>0x20</size>
         <input_file_ref idref="fl-13"/>
      </object_component>
      <object_component id="oc-266">
         <name>.const:.string:$P$T0$1</name>
         <load_address>0x55b4</load_address>
         <run_address>0x55b4</run_address>
         <size>0x15</size>
         <input_file_ref idref="fl-3"/>
      </object_component>
      <object_component id="oc-354">
         <name>.const:.string:inPinTypes</name>
         <load_address>0x55c9</load_address>
         <run_address>0x55c9</run_address>
         <size>0x3</size>
         <input_file_ref idref="fl-10"/>
      </object_component>
      <object_component id="oc-304">
         <name>.const:GPIOMSP432E4_config</name>
         <load_address>0x55cc</load_address>
         <run_address>0x55cc</run_address>
         <size>0x14</size>
         <input_file_ref idref="fl-4"/>
      </object_component>
      <object_component id="oc-865">
         <name>.const:g_pui32Dii16Regs</name>
         <load_address>0x55e0</load_address>
         <run_address>0x55e0</run_address>
         <size>0x14</size>
         <input_file_ref idref="fl-1d"/>
      </object_component>
      <object_component id="oc-73b">
         <name>.const:g_pui32EnRegs</name>
         <load_address>0x55f4</load_address>
         <run_address>0x55f4</run_address>
         <size>0x14</size>
         <input_file_ref idref="fl-1d"/>
      </object_component>
      <object_component id="oc-6e9">
         <name>.const:parityType</name>
         <load_address>0x5608</load_address>
         <run_address>0x5608</run_address>
         <size>0x14</size>
         <input_file_ref idref="fl-13"/>
      </object_component>
      <object_component id="oc-6ef">
         <name>.const:dataLength</name>
         <load_address>0x561c</load_address>
         <run_address>0x561c</run_address>
         <size>0x10</size>
         <input_file_ref idref="fl-13"/>
      </object_component>
      <object_component id="oc-311">
         <name>.const:UART_config</name>
         <load_address>0x562c</load_address>
         <run_address>0x562c</run_address>
         <size>0xc</size>
         <input_file_ref idref="fl-4"/>
      </object_component>
      <object_component id="oc-2c7">
         <name>.const:PowerMSP432E4_config</name>
         <load_address>0x5638</load_address>
         <run_address>0x5638</run_address>
         <size>0x8</size>
         <input_file_ref idref="fl-4"/>
      </object_component>
      <object_component id="oc-c4">
         <name>.const:g_pui32VCOFrequencies</name>
         <load_address>0x5640</load_address>
         <run_address>0x5640</run_address>
         <size>0x8</size>
         <input_file_ref idref="fl-1e"/>
      </object_component>
      <object_component id="oc-6ec">
         <name>.const:stopBits</name>
         <load_address>0x5648</load_address>
         <run_address>0x5648</run_address>
         <size>0x8</size>
         <input_file_ref idref="fl-13"/>
      </object_component>
      <object_component id="oc-34e">
         <name>.const:.string:outPinStrengths</name>
         <load_address>0x5650</load_address>
         <run_address>0x5650</run_address>
         <size>0x7</size>
         <input_file_ref idref="fl-10"/>
      </object_component>
      <object_component id="oc-360">
         <name>.const:.string:interruptType</name>
         <load_address>0x5657</load_address>
         <run_address>0x5657</run_address>
         <size>0x6</size>
         <input_file_ref idref="fl-10"/>
      </object_component>
      <object_component id="oc-351">
         <name>.const:.string:outPinTypes</name>
         <load_address>0x565d</load_address>
         <run_address>0x565d</run_address>
         <size>0x4</size>
         <input_file_ref idref="fl-10"/>
      </object_component>
      <object_component id="oc-30e">
         <name>.const</name>
         <load_address>0x5661</load_address>
         <run_address>0x5661</run_address>
         <size>0x3</size>
         <input_file_ref idref="fl-4"/>
      </object_component>
      <object_component id="oc-8ad">
         <name>.cinit..data.load</name>
         <load_address>0x5668</load_address>
         <run_address>0x5668</run_address>
         <size>0xfd</size>
      </object_component>
      <object_component id="oc-8aa">
         <name>__TI_handler_table</name>
         <load_address>0x5768</load_address>
         <run_address>0x5768</run_address>
         <size>0xc</size>
      </object_component>
      <object_component id="oc-8ae">
         <name>.cinit..bss.load</name>
         <load_address>0x5778</load_address>
         <run_address>0x5778</run_address>
         <size>0x8</size>
      </object_component>
      <object_component id="oc-8ac">
         <name>.cinit..vtable.load</name>
         <load_address>0x5780</load_address>
         <run_address>0x5780</run_address>
         <size>0x8</size>
      </object_component>
      <object_component id="oc-8ab">
         <name>__TI_cinit_table</name>
         <load_address>0x5788</load_address>
         <run_address>0x5788</run_address>
         <size>0x18</size>
      </object_component>
      <object_component id="oc-732">
         <name>.vtable</name>
         <uninitialized>true</uninitialized>
         <run_address>0x20000000</run_address>
         <size>0x26c</size>
         <input_file_ref idref="fl-1d"/>
      </object_component>
      <object_component id="oc-429">
         <name>.data:gpioPinConfigs</name>
         <load_address>0x20008674</load_address>
         <run_address>0x20008674</run_address>
         <size>0x4</size>
         <input_file_ref idref="fl-4"/>
      </object_component>
      <object_component id="oc-42c">
         <name>.data:gpioCallbackFunctions</name>
         <load_address>0x20008670</load_address>
         <run_address>0x20008670</run_address>
         <size>0x4</size>
         <input_file_ref idref="fl-4"/>
      </object_component>
      <object_component id="oc-301">
         <name>.data</name>
         <load_address>0x20008660</load_address>
         <run_address>0x20008660</run_address>
         <size>0x5</size>
         <input_file_ref idref="fl-10"/>
      </object_component>
      <object_component id="oc-2ca">
         <name>.data:PowerMSP432E4_module</name>
         <load_address>0x200084dc</load_address>
         <run_address>0x200084dc</run_address>
         <size>0x16c</size>
         <input_file_ref idref="fl-11"/>
      </object_component>
      <object_component id="oc-30b">
         <name>.data</name>
         <load_address>0x2000866d</load_address>
         <run_address>0x2000866d</run_address>
         <size>0x1</size>
         <input_file_ref idref="fl-12"/>
      </object_component>
      <object_component id="oc-415">
         <name>.data</name>
         <load_address>0x20008665</load_address>
         <run_address>0x20008665</run_address>
         <size>0x3</size>
         <input_file_ref idref="fl-16"/>
      </object_component>
      <object_component id="oc-506">
         <name>.data:SemaphoreP_defaultParams</name>
         <load_address>0x20008658</load_address>
         <run_address>0x20008658</run_address>
         <size>0x8</size>
         <input_file_ref idref="fl-16"/>
      </object_component>
      <object_component id="oc-77e">
         <name>.data</name>
         <load_address>0x20008668</load_address>
         <run_address>0x20008668</run_address>
         <size>0x5</size>
         <input_file_ref idref="fl-17"/>
      </object_component>
      <object_component id="oc-5b2">
         <name>.data:HwiP_dispatchTable</name>
         <load_address>0x20008270</load_address>
         <run_address>0x20008270</run_address>
         <size>0x26c</size>
         <input_file_ref idref="fl-18"/>
      </object_component>
      <object_component id="oc-5af">
         <name>.data</name>
         <load_address>0x20008678</load_address>
         <run_address>0x20008678</run_address>
         <size>0x4</size>
         <input_file_ref idref="fl-18"/>
      </object_component>
      <object_component id="oc-641">
         <name>.data:$O1$$</name>
         <load_address>0x20008650</load_address>
         <run_address>0x20008650</run_address>
         <size>0x8</size>
         <input_file_ref idref="fl-de"/>
      </object_component>
      <object_component id="oc-4ec">
         <name>.data</name>
         <load_address>0x2000867c</load_address>
         <run_address>0x2000867c</run_address>
         <size>0x4</size>
         <input_file_ref idref="fl-e3"/>
      </object_component>
      <object_component id="oc-28e">
         <name>.data:$O1$$</name>
         <load_address>0x20008648</load_address>
         <run_address>0x20008648</run_address>
         <size>0x8</size>
         <input_file_ref idref="fl-f0"/>
[...]
         <object_component_ref idref="oc-403"/>
      </symbol>
      <symbol id="sm-622">
         <name>ClockP_getCpuFreq</name>
         <value>0x4d45</value>
         <object_component_ref idref="oc-6c2"/>
      </symbol>
      <symbol id="sm-623">
         <name>ClockP_add</name>
         <value>0x4d23</value>
         <object_component_ref idref="oc-3f1"/>
      </symbol>
      <symbol id="sm-69c">
         <name>HwiP_delete</name>
         <value>0x4d55</value>
         <object_component_ref idref="oc-66b"/>
      </symbol>
      <symbol id="sm-69d">
         <name>HwiP_construct</name>
         <value>0x35c1</value>
         <object_component_ref idref="oc-46b"/>
      </symbol>
      <symbol id="sm-69e">
         <name>HwiP_inISR</name>
         <value>0x4c69</value>
         <object_component_ref idref="oc-41a"/>
      </symbol>
      <symbol id="sm-69f">
         <name>HwiP_destruct</name>
         <value>0x4cb7</value>
         <object_component_ref idref="oc-799"/>
      </symbol>
      <symbol id="sm-6a0">
         <name>HwiP_swiPIntNum</name>
         <value>0x20008678</value>
         <object_component_ref idref="oc-5af"/>
      </symbol>
      <symbol id="sm-6a1">
         <name>HwiP_Params_init</name>
         <value>0x4ca5</value>
         <object_component_ref idref="oc-333"/>
      </symbol>
      <symbol id="sm-6a2">
         <name>HwiP_disable</name>
         <value>0x4e69</value>
         <object_component_ref idref="oc-2dc"/>
      </symbol>
      <symbol id="sm-6a3">
         <name>HwiP_create</name>
         <value>0x482d</value>
         <object_component_ref idref="oc-339"/>
      </symbol>
      <symbol id="sm-6a4">
         <name>HwiP_enable</name>
         <value>0x4e6d</value>
         <object_component_ref idref="oc-185"/>
      </symbol>
      <symbol id="sm-6a5">
         <name>HwiP_restore</name>
         <value>0x4e3b</value>
         <object_component_ref idref="oc-2e2"/>
      </symbol>
      <symbol id="sm-6b2">
         <name>PowerMSP432E4_sleepPolicy</name>
         <value>0x4d85</value>
         <object_component_ref idref="oc-3ce"/>
      </symbol>
      <symbol id="sm-6f0">
         <name>resetISR</name>
         <value>0x4995</value>
         <object_component_ref idref="oc-20"/>
      </symbol>
      <symbol id="sm-6f1">
         <name>resetVectors</name>
         <value>0x0</value>
         <object_component_ref idref="oc-26"/>
      </symbol>
      <symbol id="sm-714">
         <name>FPUEnable</name>
         <value>0x4b41</value>
         <object_component_ref idref="oc-58"/>
      </symbol>
      <symbol id="sm-790">
         <name>GPIOPinConfigure</name>
         <value>0x40ed</value>
         <object_component_ref idref="oc-68c"/>
      </symbol>
      <symbol id="sm-791">
         <name>GPIOIntTypeSet</name>
         <value>0x2be1</value>
         <object_component_ref idref="oc-33f"/>
      </symbol>
      <symbol id="sm-792">
         <name>GPIOIntClear</name>
         <value>0x4c2b</value>
         <object_component_ref idref="oc-345"/>
      </symbol>
      <symbol id="sm-793">
         <name>GPIOPinTypeUART</name>
         <value>0x4881</value>
         <object_component_ref idref="oc-698"/>
      </symbol>
      <symbol id="sm-794">
         <name>GPIOIntStatus</name>
         <value>0x4911</value>
         <object_component_ref idref="oc-47e"/>
      </symbol>
      <symbol id="sm-795">
         <name>GPIODirModeSet</name>
         <value>0x3a49</value>
         <object_component_ref idref="oc-31b"/>
      </symbol>
      <symbol id="sm-796">
         <name>GPIOPinWrite</name>
         <value>0x4933</value>
         <object_component_ref idref="oc-321"/>
      </symbol>
      <symbol id="sm-797">
         <name>GPIOPadConfigSet</name>
         <value>0x185d</value>
         <object_component_ref idref="oc-327"/>
      </symbol>
      <symbol id="sm-817">
         <name>IntPrioritySet</name>
         <value>0x3cb9</value>
         <object_component_ref idref="oc-59d"/>
      </symbol>
      <symbol id="sm-818">
         <name>IntEnable</name>
         <value>0x3355</value>
         <object_component_ref idref="oc-5a3"/>
      </symbol>
      <symbol id="sm-819">
         <name>IntDisable</name>
         <value>0x32d5</value>
         <object_component_ref idref="oc-839"/>
      </symbol>
      <symbol id="sm-81a">
         <name>IntRegister</name>
         <value>0x3aa5</value>
         <object_component_ref idref="oc-597"/>
      </symbol>
      <symbol id="sm-81b">
         <name>IntMasterDisable</name>
         <value>0x4d65</value>
         <object_component_ref idref="oc-52"/>
      </symbol>
      <symbol id="sm-81c">
         <name>IntUnregister</name>
         <value>0x4a2d</value>
         <object_component_ref idref="oc-83f"/>
      </symbol>
      <symbol id="sm-81d">
         <name>g_pfnRAMVectors</name>
         <value>0x20000000</value>
         <object_component_ref idref="oc-732"/>
      </symbol>
      <symbol id="sm-81e">
         <name>IntMasterEnable</name>
         <value>0x4d75</value>
         <object_component_ref idref="oc-211"/>
      </symbol>
      <symbol id="sm-8ec">
         <name>SysCtlPeripheralPresent</name>
         <value>0x4175</value>
         <object_component_ref idref="oc-440"/>
      </symbol>
      <symbol id="sm-8ed">
         <name>SysCtlPeripheralClockGating</name>
         <value>0x4801</value>
         <object_component_ref idref="oc-2c1"/>
      </symbol>
      <symbol id="sm-8ee">
         <name>SysCtlPeripheralEnable</name>
         <value>0x4389</value>
         <object_component_ref idref="oc-44c"/>
      </symbol>
      <symbol id="sm-8ef">
         <name>SysCtlPeripheralPowerOff</name>
         <value>0x43c9</value>
         <object_component_ref idref="oc-2bb"/>
      </symbol>
      <symbol id="sm-8f0">
         <name>SysCtlPeripheralPowerOn</name>
         <value>0x4409</value>
         <object_component_ref idref="oc-446"/>
      </symbol>
      <symbol id="sm-8f1">
         <name>SysCtlPeripheralSleepDisable</name>
         <value>0x4449</value>
         <object_component_ref idref="oc-790"/>
      </symbol>
      <symbol id="sm-8f2">
         <name>SysCtlPeripheralDisable</name>
         <value>0x4349</value>
         <object_component_ref idref="oc-78a"/>
      </symbol>
      <symbol id="sm-8f3">
         <name>SysCtlPeripheralSleepEnable</name>
         <value>0x4489</value>
         <object_component_ref idref="oc-452"/>
      </symbol>
      <symbol id="sm-8f4">
         <name>SysCtlPeripheralReady</name>
         <value>0x41b9</value>
         <object_component_ref idref="oc-458"/>
      </symbol>
      <symbol id="sm-8f5">
         <name>SysCtlClockFreqSet</name>
         <value>0x130d</value>
         <object_component_ref idref="oc-5e"/>
      </symbol>
      <symbol id="sm-99a">
         <name>UARTCharPutNonBlocking</name>
         <value>0x48c9</value>
         <object_component_ref idref="oc-812"/>
      </symbol>
      <symbol id="sm-99b">
         <name>UARTTxIntModeSet</name>
         <value>0x4a81</value>
         <object_component_ref idref="oc-71e"/>
      </symbol>
      <symbol id="sm-99c">
         <name>UARTRxErrorClear</name>
         <value>0x4db5</value>
         <object_component_ref idref="oc-7e5"/>
      </symbol>
      <symbol id="sm-99d">
         <name>UARTFlowControlSet</name>
         <value>0x4a65</value>
         <object_component_ref idref="oc-69e"/>
      </symbol>
      <symbol id="sm-99e">
         <name>UARTConfigSetExpClk</name>
         <value>0x3549</value>
         <object_component_ref idref="oc-6c8"/>
      </symbol>
      <symbol id="sm-99f">
         <name>UARTDisable</name>
         <value>0x47a1</value>
         <object_component_ref idref="oc-64d"/>
      </symbol>
      <symbol id="sm-9a0">
         <name>UARTBusy</name>
         <value>0x49b5</value>
         <object_component_ref idref="oc-70c"/>
      </symbol>
      <symbol id="sm-9a1">
         <name>UARTIntEnable</name>
         <value>0x4ba1</value>
         <object_component_ref idref="oc-67e"/>
      </symbol>
      <symbol id="sm-9a2">
         <name>UARTCharsAvail</name>
         <value>0x49f1</value>
         <object_component_ref idref="oc-84c"/>
      </symbol>
      <symbol id="sm-9a3">
         <name>UARTCharGetNonBlocking</name>
         <value>0x4a49</value>
         <object_component_ref idref="oc-801"/>
      </symbol>
      <symbol id="sm-9a4">
         <name>UARTIntDisable</name>
         <value>0x4b89</value>
         <object_component_ref idref="oc-647"/>
      </symbol>
      <symbol id="sm-9a5">
         <name>UARTCharPut</name>
         <value>0x49d3</value>
         <object_component_ref idref="oc-704"/>
      </symbol>
      <symbol id="sm-9a6">
         <name>UARTRxErrorGet</name>
         <value>0x4ced</value>
         <object_component_ref idref="oc-7df"/>
      </symbol>
      <symbol id="sm-9a7">
         <name>UARTEnable</name>
         <value>0x48ed</value>
         <object_component_ref idref="oc-6b6"/>
      </symbol>
      <symbol id="sm-9a8">
         <name>UARTIntClear</name>
         <value>0x4cdb</value>
         <object_component_ref idref="oc-6b0"/>
      </symbol>
      <symbol id="sm-9a9">
         <name>UARTIntStatus</name>
         <value>0x4a0f</value>
         <object_component_ref idref="oc-712"/>
      </symbol>
      <symbol id="sm-9aa">
         <name>UARTCharGet</name>
         <value>0x4bff</value>
         <object_component_ref idref="oc-6fe"/>
      </symbol>
      <symbol id="sm-9ab">
         <name>UARTFIFOLevelSet</name>
         <value>0x4b71</value>
         <object_component_ref idref="oc-6bc"/>
      </symbol>
      <symbol id="sm-9bd">
         <name>CPUcpsie</name>
         <value>0x4dfd</value>
         <object_component_ref idref="oc-2cf"/>
      </symbol>
      <symbol id="sm-9be">
         <name>CPUcpsid</name>
         <value>0x4df1</value>
         <object_component_ref idref="oc-a8"/>
      </symbol>
      <symbol id="sm-9e5">
         <name>sprintf</name>
         <value>0x4549</value>
         <object_component_ref idref="oc-242"/>
      </symbol>
      <symbol id="sm-a01">
         <name>memcpy</name>
         <value>0x2dc3</value>
         <object_component_ref idref="oc-3a"/>
      </symbol>
      <symbol id="sm-a02">
         <name>__aeabi_memcpy</name>
         <value>0x2dc3</value>
         <object_component_ref idref="oc-3a"/>
      </symbol>
      <symbol id="sm-a03">
         <name>__aeabi_memcpy8</name>
         <value>0x2dc3</value>
         <object_component_ref idref="oc-3a"/>
      </symbol>
      <symbol id="sm-a04">
         <name>__aeabi_memcpy4</name>
         <value>0x2dc3</value>
         <object_component_ref idref="oc-3a"/>
      </symbol>
      <symbol id="sm-a13">
         <name>__aeabi_memset</name>
         <value>0x34d1</value>
         <object_component_ref idref="oc-a2"/>
      </symbol>
      <symbol id="sm-a14">
         <name>memset</name>
         <value>0x34d7</value>
         <object_component_ref idref="oc-a2"/>
      </symbol>
      <symbol id="sm-a15">
         <name>__aeabi_memset8</name>
         <value>0x34d1</value>
         <object_component_ref idref="oc-a2"/>
      </symbol>
      <symbol id="sm-a16">
         <name>__aeabi_memset4</name>
         <value>0x34d1</value>
         <object_component_ref idref="oc-a2"/>
      </symbol>
      <symbol id="sm-a17">
         <name>__aeabi_memclr8</name>
         <value>0x34cf</value>
         <object_component_ref idref="oc-a2"/>
      </symbol>
      <symbol id="sm-a18">
         <name>__aeabi_memclr4</name>
         <value>0x34cf</value>
         <object_component_ref idref="oc-a2"/>
      </symbol>
      <symbol id="sm-a19">
         <name>__aeabi_memclr</name>
         <value>0x34cf</value>
         <object_component_ref idref="oc-a2"/>
      </symbol>
      <symbol id="sm-a26">
         <name>__aeabi_uldivmod</name>
         <value>0x2ef7</value>
         <object_component_ref idref="oc-5b9"/>
      </symbol>
      <symbol id="sm-a3f">
         <name>__TI_zero_init_nomemset</name>
         <value>0x4a9d</value>
         <object_component_ref idref="oc-46"/>
      </symbol>
      <symbol id="sm-a56">
         <name>__TI_decompress_none</name>
         <value>0x4de3</value>
         <object_component_ref idref="oc-19"/>
      </symbol>
      <symbol id="sm-a79">
         <name>__TI_decompress_lzss</name>
         <value>0x384d</value>
         <object_component_ref idref="oc-13"/>
      </symbol>
      <symbol id="sm-b02">
         <name>_sys_memory</name>
         <value>0x20000270</value>
         <object_component_ref idref="oc-29"/>
      </symbol>
      <symbol id="sm-b03">
         <name>free</name>
         <value>0x2779</value>
         <object_component_ref idref="oc-3ea"/>
      </symbol>
      <symbol id="sm-b04">
         <name>memalign</name>
         <value>0x257d</value>
         <object_component_ref idref="oc-590"/>
      </symbol>
      <symbol id="sm-b05">
         <name>malloc</name>
         <value>0x4e4d</value>
         <object_component_ref idref="oc-465"/>
      </symbol>
      <symbol id="sm-b06">
         <name>aligned_alloc</name>
         <value>0x257d</value>
         <object_component_ref idref="oc-590"/>
      </symbol>
      <symbol id="sm-b14">
         <name>strlen</name>
         <value>0x4c91</value>
         <object_component_ref idref="oc-260"/>
      </symbol>
      <symbol id="sm-b27">
         <name>strstr</name>
         <value>0x46dd</value>
         <object_component_ref idref="oc-25a"/>
      </symbol>
      <symbol id="sm-b4b">
         <name>strtol</name>
         <value>0x2219</value>
         <object_component_ref idref="oc-269"/>
      </symbol>
      <symbol id="sm-b5e">
         <name>__stack</name>
         <value>0x2003f000</value>
         <object_component_ref idref="oc-2c"/>
      </symbol>
      <symbol id="sm-b5f">
         <name>_c_int00_noargs</name>
         <value>0x46a9</value>
         <object_component_ref idref="oc-d6"/>
      </symbol>
      <symbol id="sm-b75">
         <name>__aeabi_errno_addr</name>
         <value>0x4e45</value>
         <object_component_ref idref="oc-392"/>
      </symbol>
      <symbol id="sm-b76">
         <name>errno</name>
         <value>0x2000867c</value>
         <object_component_ref idref="oc-4ec"/>
      </symbol>
      <symbol id="sm-cdb">
         <name>__TI_printfi</name>
         <value>0x201</value>
         <object_component_ref idref="oc-370"/>
      </symbol>
      <symbol id="sm-ce5">
         <name>__aeabi_idiv0</name>
         <value>0x40a7</value>
         <object_component_ref idref="oc-746"/>
      </symbol>
      <symbol id="sm-ce6">
         <name>__aeabi_ldiv0</name>
         <value>0x40a7</value>
         <object_component_ref idref="oc-746"/>
      </symbol>
      <symbol id="sm-cfd">
         <name>__aeabi_dsub</name>
         <value>0x1c69</value>
         <object_component_ref idref="oc-5df"/>
      </symbol>
      <symbol id="sm-cfe">
         <name>__aeabi_dadd</name>
         <value>0x1c73</value>
         <object_component_ref idref="oc-5df"/>
      </symbol>
      <symbol id="sm-d20">
         <name>__aeabi_cdcmpeq</name>
         <value>0x31c9</value>
         <object_component_ref idref="oc-4af"/>
      </symbol>
      <symbol id="sm-d21">
         <name>__aeabi_cdcmple</name>
         <value>0x31c9</value>
         <object_component_ref idref="oc-4af"/>
      </symbol>
      <symbol id="sm-d22">
         <name>__aeabi_cdrcmple</name>
         <value>0x324f</value>
         <object_component_ref idref="oc-5ca"/>
      </symbol>
      <symbol id="sm-d36">
         <name>__aeabi_ddiv</name>
         <value>0x20e1</value>
         <object_component_ref idref="oc-5c5"/>
      </symbol>
      <symbol id="sm-d41">
         <name>__aeabi_dmul</name>
         <value>0x267d</value>
         <object_component_ref idref="oc-5c0"/>
      </symbol>
      <symbol id="sm-d4b">
         <name>__aeabi_d2iz</name>
         <value>0x4019</value>
         <object_component_ref idref="oc-5cf"/>
      </symbol>
      <symbol id="sm-d55">
         <name>__aeabi_i2d</name>
         <value>0x47d1</value>
         <object_component_ref idref="oc-5da"/>
      </symbol>
      <symbol id="sm-d7d">
         <name>__TI_auto_init_nobinit_nopinit</name>
         <value>0x4285</value>
         <object_component_ref idref="oc-19e"/>
      </symbol>
      <symbol id="sm-d87">
         <name>_system_pre_init</name>
         <value>0x4e75</value>
         <object_component_ref idref="oc-139"/>
      </symbol>
      <symbol id="sm-d93">
         <name>C$$EXIT</name>
         <value>0x4e79</value>
         <object_component_ref idref="oc-192"/>
      </symbol>
      <symbol id="sm-d94">
         <name>abort</name>
         <value>0x4e79</value>
         <object_component_ref idref="oc-192"/>
      </symbol>
      <symbol id="sm-da9">
         <name>_nop</name>
         <value>0x2217</value>
         <object_component_ref idref="oc-3ad"/>
      </symbol>
      <symbol id="sm-daa">
         <name>_lock</name>
         <value>0x20008648</value>
         <object_component_ref idref="oc-28e"/>
      </symbol>
      <symbol id="sm-dab">
         <name>_unlock</name>
         <value>0x2000864c</value>
         <object_component_ref idref="oc-28e"/>
      </symbol>
      <symbol id="sm-dba">
         <name>__TI_ltoa</name>
         <value>0x3d0d</value>
         <object_component_ref idref="oc-5d4"/>
      </symbol>
      <symbol id="sm-dd1">
         <name>atoi</name>
         <value>0x3ef1</value>
         <object_component_ref idref="oc-4a3"/>
      </symbol>
      <symbol id="sm-ddc">
         <name>_ctypes_</name>
         <value>0x502c</value>
         <object_component_ref idref="oc-398"/>
      </symbol>
      <symbol id="sm-dec">
         <name>memccpy</name>
         <value>0x4ad5</value>
         <object_component_ref idref="oc-4cc"/>
      </symbol>
      <symbol id="sm-dfc">
         <name>strchr</name>
         <value>0x4c15</value>
         <object_component_ref idref="oc-60b"/>
      </symbol>
      <symbol id="sm-e15">
         <name>wcslen</name>
         <value>0x4d11</value>
         <object_component_ref idref="oc-4d2"/>
      </symbol>
      <symbol id="sm-e35">
         <name>frexpl</name>
         <value>0x3981</value>
         <object_component_ref idref="oc-5ff"/>
      </symbol>
      <symbol id="sm-e36">
         <name>frexp</name>
         <value>0x3981</value>
         <object_component_ref idref="oc-5ff"/>
      </symbol>
      <symbol id="sm-e53">
         <name>scalbn</name>
         <value>0x246d</value>
         <object_component_ref idref="oc-605"/>
      </symbol>
      <symbol id="sm-e54">
         <name>scalbnl</name>
         <value>0x246d</value>
         <object_component_ref idref="oc-605"/>
      </symbol>
      <symbol id="sm-e55">
         <name>ldexpl</name>
         <value>0x246d</value>
         <object_component_ref idref="oc-605"/>
      </symbol>
      <symbol id="sm-e56">
         <name>ldexp</name>
         <value>0x246d</value>
         <object_component_ref idref="oc-605"/>
      </symbol>
      <symbol id="sm-e60">
         <name>copysign</name>
         <value>0x4b25</value>
         <object_component_ref idref="oc-75f"/>
      </symbol>
      <symbol id="sm-e61">
         <name>copysignl</name>
         <value>0x4b25</value>
         <object_component_ref idref="oc-75f"/>
      </symbol>
      <symbol id="sm-e62">
         <name>__TI_static_base__</name>
         <value>0x5668</value>
      </symbol>
      <symbol id="sm-e65">
         <name>__mpu_init</name>
         <value>0x0</value>
      </symbol>
      <symbol id="sm-e66">
         <name>_system_post_cinit</name>
         <value>0x0</value>
      </symbol>
      <symbol id="sm-e67">
         <name>NoRTOS_start</name>
         <value>0x4e6d</value>
      </symbol>
   </symbol_table>
   <title>Link successful</title>
</link_info>
