******************************************************************************
                  TI ARM Linker Unix v20.2.7                   
******************************************************************************
>> Linked Fri Sep  9 14:34:08 2022

OUTPUT FILE NAME:   <uartecho_MSP_EXP432E401Y_nortos_ccs.out>
ENTRY POINT SYMBOL: "resetISR"  address: 00004995


MEMORY CONFIGURATION

         name            origin    length      used     unused   attr    fill
----------------------  --------  ---------  --------  --------  ----  --------
  FLASH                 00000000   00100000  0000579c  000fa864  R  X
  SRAM                  20000000   00040000  000097a8  00036858  RW X


SEGMENT ALLOCATION MAP

run origin  load origin   length   init length attrs members
----------  ----------- ---------- ----------- ----- -------
00000000    00000000    000057a0   000057a0    r-x
  00000000    00000000    00000200   00000200    r-- .intvecs
  00000200    00000200    00004c7c   00004c7c    r-x .text
  00004e7c    00004e7c    000007e8   000007e8    r-- .const
  00005668    00005668    00000138   00000138    r-- .cinit
20000000    20000000    000087ac   00000000    rw-
  20000000    20000000    0000026c   00000000    rw- .vtable
  20000270    20000270    00008000   00000000    rw- .sysmem
  20008270    20008270    00000410   00000000    rw- .data
  20008680    20008680    0000012c   00000000    rw- .bss
2003f000    2003f000    00001000   00000000    rw-
  2003f000    2003f000    00001000   00000000    rw- .stack


SECTION ALLOCATION MAP

 output                                  attributes/
section   page    origin      length       input sections
--------  ----  ----------  ----------   ----------------
.intvecs   0    00000000    00000200     
                  00000000    00000200     nortos_msp432e4.aem4f : startup_msp432e4_ccs.oem4f (.intvecs:retain)

.text      0    00000200    00004c7c     
                  00000200    00000a4e     rtsv7M4_T_le_v4SPD16_eabi.lib : _printfi.c.obj (.text:__TI_printfi)
                  00000c4e    00000002     ti_drivers_config.obj (.text:Board_initHook)
                  00000c50    000003cc     uartecho.obj (.text:mainThread)
                  0000101c    000002f0     drivers_msp432e4.aem4f : UARTMSP432E4.oem4f (.text:UARTMSP432E4_open)
                  0000130c    000002e0     msp432e4_driverlib.a : sysctl.o (.text:SysCtlClockFreqSet)
                  000015ec    00000270     rtsv7M4_T_le_v4SPD16_eabi.lib : _printfi.c.obj (.text:_pconv_a)
                  0000185c    0000023a     msp432e4_driverlib.a : gpio.o (.text:GPIOPadConfigSet)
                  00001a96    00000002     drivers_msp432e4.aem4f : UARTMSP432E4.oem4f (.text:UARTMSP432E4_init)
                  00001a98    000001d0     rtsv7M4_T_le_v4SPD16_eabi.lib : _printfi.c.obj (.text:_pconv_g)
                  00001c68    000001b6                                   : fd_add_t2.asm.obj (.text)
                  00001e1e    00000002     msp432e4_driverlib.a : interrupt.o (.text:_IntDefaultHandler)
                  00001e20    00000184     drivers_msp432e4.aem4f : GPIOMSP432E4.oem4f (.text:GPIO_setConfig)
                  00001fa4    0000013c     rtsv7M4_T_le_v4SPD16_eabi.lib : _printfi.c.obj (.text:_pconv_e)
                  000020e0    00000136                                   : fd_div_t2.asm.obj (.text)
                  00002216    00000002                                   : _lock.c.obj (.text:_nop)
                  00002218    00000130                                   : strtol.c.obj (.text:strtol)
                  00002348    00000124                                   : _printfi.c.obj (.text:fcvt)
                  0000246c    00000110                                   : s_scalbn.c.obj (.text:scalbn)
                  0000257c    00000100                                   : memory.c.obj (.text:aligned_alloc)
                  0000267c    000000fc                                   : fd_mul_t2.asm.obj (.text)
                  00002778    000000e4                                   : memory.c.obj (.text:free)
                  0000285c    000000be     drivers_msp432e4.aem4f : UARTMSP432E4.oem4f (.text:UARTMSP432E4_close)
                  0000291a    000000b6                            : UARTMSP432E4.oem4f (.text:readTaskCallback)
                  000029d0    000000b1     rtsv7M4_T_le_v4SPD16_eabi.lib : _printfi.c.obj (.text:_ltostr)
                  00002a81    00000001     --HOLE-- [fill = 0]
                  00002a82    000000b0     drivers_msp432e4.aem4f : UARTMSP432E4.oem4f (.text:readTaskBlocking)
                  00002b32    00000002     nortos_msp432e4.aem4f : startup_msp432e4_ccs.oem4f (.text:busFaultHandler)
                  00002b34    000000ac     drivers_msp432e4.aem4f : GPIOMSP432E4.oem4f (.text:GPIO_init)
                  00002be0    000000a4     msp432e4_driverlib.a : gpio.o (.text:GPIOIntTypeSet)
                  00002c84    000000a0     nortos_msp432e4.aem4f : SemaphoreP_nortos.oem4f (.text:SemaphoreP_pend)
                  00002d24    0000009e     drivers_msp432e4.aem4f : UARTMSP432E4.oem4f (.text:UARTMSP432E4_readPolling)
                  00002dc2    0000009c     rtsv7M4_T_le_v4SPD16_eabi.lib : memcpy_t2.asm.obj (.text)
                  00002e5e    00000098     drivers_msp432e4.aem4f : UARTMSP432E4.oem4f (.text:UARTMSP432E4_write)
                  00002ef6    00000096     rtsv7M4_T_le_v4SPD16_eabi.lib : ull_div_t2.asm.obj (.text)
                  00002f8c    00000094     drivers_msp432e4.aem4f : UARTMSP432E4.oem4f (.text:readIsrTextBlocking)
                  00003020    00000090                            : UARTMSP432E4.oem4f (.text:UARTMSP432E4_control)
                  000030b0    00000090     msp432e4_driverlib.a : sysctl.o (.text:_SysCtlFrequencyGet)
                  00003140    00000088     drivers_msp432e4.aem4f : UARTMSP432E4.oem4f (.text:readIsrTextCallback)
                  000031c8    00000086     rtsv7M4_T_le_v4SPD16_eabi.lib : fd_cmp_t2.asm.obj (.text:__aeabi_cdcmple)
                  0000324e    00000086                                   : fd_cmp_t2.asm.obj (.text:__aeabi_cdrcmple)
                  000032d4    00000080     msp432e4_driverlib.a : interrupt.o (.text:IntDisable)
                  00003354    00000080                          : interrupt.o (.text:IntEnable)
                  000033d4    0000007e     uartecho.obj (.text:secondString)
                  00003452    0000007c     drivers_msp432e4.aem4f : UARTMSP432E4.oem4f (.text:writeData)
                  000034ce    0000007a     rtsv7M4_T_le_v4SPD16_eabi.lib : memset_t2.asm.obj (.text)
                  00003548    00000076     msp432e4_driverlib.a : uart.o (.text:UARTConfigSetExpClk)
                  000035be    00000002     nortos_msp432e4.aem4f : SemaphoreP_nortos.oem4f (.text:clkFxn)
                  000035c0    00000070                           : HwiPMSP432E4_nortos.oem4f (.text:HwiP_construct)
                  00003630    00000070     rtsv7M4_T_le_v4SPD16_eabi.lib : memory.c.obj (.text:split)
                  000036a0    0000006e                                   : _printfi.c.obj (.text:_mcpy)
                  0000370e    00000002     nortos_msp432e4.aem4f : startup_msp432e4_ccs.oem4f (.text:defaultHandler)
                  00003710    0000006c     drivers_msp432e4.aem4f : PowerMSP432E4.oem4f (.text:Power_releaseDependency)
                  0000377c    00000068                            : GPIOMSP432E4.oem4f (.text:GPIO_hwiIntFxn)
                  000037e4    00000068                            : PowerMSP432E4.oem4f (.text:Power_setDependency)
                  0000384c    00000068     rtsv7M4_T_le_v4SPD16_eabi.lib : copy_decompress_lzss.c.obj (.text:decompress:lzss:__TI_decompress_lzss)
                  000038b4    00000068     drivers_msp432e4.aem4f : UARTMSP432E4.oem4f (.text:readIsrBinaryBlocking)
                  0000391c    00000064                            : PowerMSP432E4.oem4f (.text:Power_init)
                  00003980    00000064     rtsv7M4_T_le_v4SPD16_eabi.lib : s_frexp.c.obj (.text:frexp)
                  000039e4    00000064     drivers_msp432e4.aem4f : UARTMSP432E4.oem4f (.text:readIsrBinaryCallback)
                  00003a48    0000005c     msp432e4_driverlib.a : gpio.o (.text:GPIODirModeSet)
                  00003aa4    0000005c                          : interrupt.o (.text:IntRegister)
                  00003b00    0000005c     drivers_msp432e4.aem4f : UARTMSP432E4.oem4f (.text:getPowerResourceId)
                  00003b5c    00000058                            : GPIOMSP432E4.oem4f (.text:GPIO_setCallback)
                  00003bb4    00000058     nortos_msp432e4.aem4f : ClockPSysTick_nortos.oem4f (.text:sysTickInit)
                  00003c0c    00000056     rtsv7M4_T_le_v4SPD16_eabi.lib : _printfi.c.obj (.text:_pconv_f)
                  00003c62    00000002     nortos_msp432e4.aem4f : startup_msp432e4_ccs.oem4f (.text:faultISR)
                  00003c64    00000054     drivers_msp432e4.aem4f : GPIOMSP432E4.oem4f (.text:GPIO_write)
                  00003cb8    00000054     msp432e4_driverlib.a : interrupt.o (.text:IntPrioritySet)
                  00003d0c    00000054     rtsv7M4_T_le_v4SPD16_eabi.lib : _ltoa.c.obj (.text:__TI_ltoa)
                  00003d60    00000052                                   : _printfi.c.obj (.text:_ecpy)
                  00003db2    00000002     nortos_msp432e4.aem4f : startup_msp432e4_ccs.oem4f (.text:nmiISR)
                  00003db4    00000050                           : ClockPSysTick_nortos.oem4f (.text:ClockP_sysTickHandler)
                  00003e04    00000050                           : SemaphoreP_nortos.oem4f (.text:SemaphoreP_construct)
                  00003e54    00000050     drivers_msp432e4.aem4f : UARTMSP432E4.oem4f (.text:UARTMSP432E4_hwiIntFxn)
                  00003ea4    0000004c                            : UARTMSP432E4.oem4f (.text:UARTMSP432E4_writePolling)
                  00003ef0    0000004c     rtsv7M4_T_le_v4SPD16_eabi.lib : atoi.c.obj (.text:atoi)
                  00003f3c    0000004c     drivers_msp432e4.aem4f : UARTMSP432E4.oem4f (.text:ringBufGet)
                  00003f88    00000048                            : UARTMSP432E4.oem4f (.text:UARTMSP432E4_writeCancel)
                  00003fd0    00000048     uartecho.obj (.text:commandTest)
                  00004018    00000048     rtsv7M4_T_le_v4SPD16_eabi.lib : fd_toi_t2.asm.obj (.text)
                  00004060    00000046     drivers_msp432e4.aem4f : RingBuf.oem4f (.text:RingBuf_put)
                  000040a6    00000002     rtsv7M4_T_le_v4SPD16_eabi.lib : div0.asm.obj (.text)
                  000040a8    00000044     nortos_msp432e4.aem4f : ClockPSysTick_nortos.oem4f (.text:ClockP_stop)
                  000040ec    00000044     msp432e4_driverlib.a : gpio.o (.text:GPIOPinConfigure)
                  00004130    00000044     nortos_msp432e4.aem4f : SemaphoreP_nortos.oem4f (.text:SemaphoreP_post)
                  00004174    00000044     msp432e4_driverlib.a : sysctl.o (.text:SysCtlPeripheralPresent)
                  000041b8    00000044                          : sysctl.o (.text:SysCtlPeripheralReady)
                  000041fc    00000044     drivers_msp432e4.aem4f : UART.oem4f (.text:UART_init)
                  00004240    00000044     msp432e4_driverlib.a : sysctl.o (.text:_SysCtlMemTimingGet)
                  00004284    00000044     rtsv7M4_T_le_v4SPD16_eabi.lib : autoinit.c.obj (.text:__TI_auto_init_nobinit_nopinit:__TI_auto_init_nobinit_nopinit)
                  000042c8    00000040     nortos_msp432e4.aem4f : ClockPSysTick_nortos.oem4f (.text:ClockP_construct)
                  00004308    00000040     drivers_msp432e4.aem4f : RingBuf.oem4f (.text:RingBuf_get)
                  00004348    00000040     msp432e4_driverlib.a : sysctl.o (.text:SysCtlPeripheralDisable)
                  00004388    00000040                          : sysctl.o (.text:SysCtlPeripheralEnable)
                  000043c8    00000040                          : sysctl.o (.text:SysCtlPeripheralPowerOff)
                  00004408    00000040                          : sysctl.o (.text:SysCtlPeripheralPowerOn)
                  00004448    00000040                          : sysctl.o (.text:SysCtlPeripheralSleepDisable)
                  00004488    00000040                          : sysctl.o (.text:SysCtlPeripheralSleepEnable)
                  000044c8    00000040     drivers_msp432e4.aem4f : UARTMSP432E4.oem4f (.text:UARTMSP432E4_read)
                  00004508    00000040                            : UART.oem4f (.text:UART_open)
                  00004548    00000040     rtsv7M4_T_le_v4SPD16_eabi.lib : sprintf.c.obj (.text:sprintf)
                  00004588    0000003e                                   : _printfi.c.obj (.text:_fcpy)
                  000045c6    00000002     --HOLE-- [fill = 0]
                  000045c8    0000003c     nortos_msp432e4.aem4f : ClockPSysTick_nortos.oem4f (.text:ClockP_destruct)
                  00004604    00000038                           : ClockPSysTick_nortos.oem4f (.text:addToList)
                  0000463c    00000036     drivers_msp432e4.aem4f : UARTMSP432E4.oem4f (.text:UARTMSP432E4_readCancel)
                  00004672    00000002     --HOLE-- [fill = 0]
                  00004674    00000034     nortos_msp432e4.aem4f : ClockPSysTick_nortos.oem4f (.text:ClockP_startup)
                  000046a8    00000034     rtsv7M4_T_le_v4SPD16_eabi.lib : boot_cortex_m.c.obj (.text:_c_int00_noargs:_c_int00_noargs)
                  000046dc    00000034                                   : strstr.c.obj (.text:strstr)
                  00004710    00000030     ti_drivers_config.obj (.text:Board_init)
                  00004740    00000030     nortos_msp432e4.aem4f : ClockPSysTick_nortos.oem4f (.text:ClockP_start)
                  00004770    00000030     drivers_msp432e4.aem4f : GPIOMSP432E4.oem4f (.text:GPIOMSP432E4_undoPinConfig)
                  000047a0    00000030     msp432e4_driverlib.a : uart.o (.text:UARTDisable)
                  000047d0    0000002e     rtsv7M4_T_le_v4SPD16_eabi.lib : i_tofd_t2.asm.obj (.text)
                  000047fe    00000002     --HOLE-- [fill = 0]
                  00004800    0000002c     msp432e4_driverlib.a : sysctl.o (.text:SysCtlPeripheralClockGating)
                  0000482c    0000002a     nortos_msp432e4.aem4f : HwiPMSP432E4_nortos.oem4f (.text:HwiP_create)
                  00004856    00000002     --HOLE-- [fill = 0]
                  00004858    00000028     rtsv7M4_T_le_v4SPD16_eabi.lib : memory.c.obj (.text:free_list_insert)
                  00004880    00000024     msp432e4_driverlib.a : gpio.o (.text:GPIOPinTypeUART)
                  000048a4    00000024     nortos_msp432e4.aem4f : HwiPMSP432E4_nortos.oem4f (.text:HwiP_dispatch)
                  000048c8    00000024     msp432e4_driverlib.a : uart.o (.text:UARTCharPutNonBlocking)
                  000048ec    00000024                          : uart.o (.text:UARTEnable)
                  00004910    00000022                          : gpio.o (.text:GPIOIntStatus)
                  00004932    00000020                          : gpio.o (.text:GPIOPinWrite)
                  00004952    00000020     drivers_msp432e4.aem4f : RingBuf.oem4f (.text:RingBuf_peek)
                  00004972    00000020                            : GPIOMSP432E4.oem4f (.text:getGpioIntIndex)
                  00004992    00000002     --HOLE-- [fill = 0]
                  00004994    00000020     nortos_msp432e4.aem4f : startup_msp432e4_ccs.oem4f (.text:resetISR)
                  000049b4    0000001e     msp432e4_driverlib.a : uart.o (.text:UARTBusy)
                  000049d2    0000001e                          : uart.o (.text:UARTCharPut)
                  000049f0    0000001e                          : uart.o (.text:UARTCharsAvail)
                  00004a0e    0000001e                          : uart.o (.text:UARTIntStatus)
                  00004a2c    0000001c                          : interrupt.o (.text:IntUnregister)
                  00004a48    0000001c                          : uart.o (.text:UARTCharGetNonBlocking)
                  00004a64    0000001c                          : uart.o (.text:UARTFlowControlSet)
                  00004a80    0000001c                          : uart.o (.text:UARTTxIntModeSet)
                  00004a9c    0000001c     rtsv7M4_T_le_v4SPD16_eabi.lib : copy_zero_init.c.obj (.text:decompress:ZI:__TI_zero_init_nomemset:__TI_zero_init_nomemset)
                  00004ab8    0000001c                                   : memory.c.obj (.text:free_list_remove)
                  00004ad4    0000001c                                   : memccpy.c.obj (.text:memccpy)
                  00004af0    0000001a     nortos_msp432e4.aem4f : ClockPSysTick_nortos.oem4f (.text:ClockP_create)
                  00004b0a    0000001a                           : SemaphoreP_nortos.oem4f (.text:SemaphoreP_createBinary)
                  00004b24    0000001a     rtsv7M4_T_le_v4SPD16_eabi.lib : s_copysign.c.obj (.text:copysign)
                  00004b3e    00000002     --HOLE-- [fill = 0]
                  00004b40    00000018     msp432e4_driverlib.a : fpu.o (.text:FPUEnable)
                  00004b58    00000018     drivers_msp432e4.aem4f : PowerMSP432E4.oem4f (.text:Power_idleFunc)
                  00004b70    00000018     msp432e4_driverlib.a : uart.o (.text:UARTFIFOLevelSet)
                  00004b88    00000018                          : uart.o (.text:UARTIntDisable)
                  00004ba0    00000018                          : uart.o (.text:UARTIntEnable)
                  00004bb8    00000018     drivers_msp432e4.aem4f : UART.oem4f (.text:UART_Params_init)
                  00004bd0    00000018     rtsv7M4_T_le_v4SPD16_eabi.lib : sprintf.c.obj (.text:_outs)
                  00004be8    00000016     nortos_msp432e4.aem4f : SemaphoreP_nortos.oem4f (.text:SemaphoreP_create)
                  00004bfe    00000016     msp432e4_driverlib.a : uart.o (.text:UARTCharGet)
                  00004c14    00000016     rtsv7M4_T_le_v4SPD16_eabi.lib : strchr.c.obj (.text:strchr)
                  00004c2a    00000014     msp432e4_driverlib.a : gpio.o (.text:GPIOIntClear)
                  00004c3e    00000002     --HOLE-- [fill = 0]
                  00004c40    00000014     drivers_msp432e4.aem4f : GPIOMSP432E4.oem4f (.text:GPIOMSP432E4_getGpioBaseAddr)
                  00004c54    00000014                            : GPIOMSP432E4.oem4f (.text:GPIOMSP432E4_getPowerResourceId)
                  00004c68    00000014     nortos_msp432e4.aem4f : HwiPMSP432E4_nortos.oem4f (.text:HwiP_inISR)
                  00004c7c    00000014     drivers_msp432e4.aem4f : PowerMSP432E4.oem4f (.text:Power_disablePolicy)
                  00004c90    00000014     rtsv7M4_T_le_v4SPD16_eabi.lib : strlen.c.obj (.text:strlen)
                  00004ca4    00000012     nortos_msp432e4.aem4f : HwiPMSP432E4_nortos.oem4f (.text:HwiP_Params_init)
                  00004cb6    00000012                           : HwiPMSP432E4_nortos.oem4f (.text:HwiP_destruct)
                  00004cc8    00000012     drivers_msp432e4.aem4f : RingBuf.oem4f (.text:RingBuf_construct)
                  00004cda    00000012     msp432e4_driverlib.a : uart.o (.text:UARTIntClear)
                  00004cec    00000012                          : uart.o (.text:UARTRxErrorGet)
                  00004cfe    00000012     main_nortos.obj (.text:main)
                  00004d10    00000012     rtsv7M4_T_le_v4SPD16_eabi.lib : wcslen.c.obj (.text:wcslen)
                  00004d22    00000010     nortos_msp432e4.aem4f : ClockPSysTick_nortos.oem4f (.text:ClockP_add)
                  00004d32    00000010                           : ClockPSysTick_nortos.oem4f (.text:ClockP_delete)
                  00004d42    00000002     --HOLE-- [fill = 0]
                  00004d44    00000010                           : ClockPSysTick_nortos.oem4f (.text:ClockP_getCpuFreq)
                  00004d54    00000010                           : HwiPMSP432E4_nortos.oem4f (.text:HwiP_delete)
                  00004d64    00000010     msp432e4_driverlib.a : interrupt.o (.text:IntMasterDisable)
                  00004d74    00000010                          : interrupt.o (.text:IntMasterEnable)
                  00004d84    00000010     nortos_msp432e4.aem4f : PowerMSP432E4_nortos.oem4f (.text:PowerMSP432E4_sleepPolicy)
                  00004d94    00000010     drivers_msp432e4.aem4f : PowerMSP432E4.oem4f (.text:Power_enablePolicy)
                  00004da4    00000010     nortos_msp432e4.aem4f : SemaphoreP_nortos.oem4f (.text:SemaphoreP_Params_init)
                  00004db4    00000010     msp432e4_driverlib.a : uart.o (.text:UARTRxErrorClear)
                  00004dc4    00000010     drivers_msp432e4.aem4f : UARTMSP432E4.oem4f (.text:readBlockingTimeout)
                  00004dd4    0000000e                            : RingBuf.oem4f (.text:RingBuf_isFull)
                  00004de2    0000000e     rtsv7M4_T_le_v4SPD16_eabi.lib : copy_decompress_none.c.obj (.text:decompress:none:__TI_decompress_none)
                  00004df0    0000000c     msp432e4_driverlib.a : cpu.o (.text:CPUcpsid)
                  00004dfc    0000000c                          : cpu.o (.text:CPUcpsie)
                  00004e08    0000000a     nortos_msp432e4.aem4f : ClockPSysTick_nortos.oem4f (.text:ClockP_Params_init)
                  00004e12    0000000a                           : ClockPSysTick_nortos.oem4f (.text:ClockP_isActive)
                  00004e1c    0000000a     drivers_msp432e4.aem4f : UART.oem4f (.text:UART_read)
                  00004e26    0000000a                            : UART.oem4f (.text:UART_write)
                  00004e30    0000000a     rtsv7M4_T_le_v4SPD16_eabi.lib : sprintf.c.obj (.text:_outc)
                  00004e3a    00000008     nortos_msp432e4.aem4f : HwiPMSP432E4_nortos.oem4f (.text:HwiP_restore)
                  00004e42    00000002     --HOLE-- [fill = 0]
                  00004e44    00000008     rtsv7M4_T_le_v4SPD16_eabi.lib : errno.c.obj (.text:__aeabi_errno_addr)
                  00004e4c    00000008                                   : memory.c.obj (.text:malloc)
                  00004e54    00000008     drivers_msp432e4.aem4f : UARTMSP432E4.oem4f (.text:readSemCallback)
                  00004e5c    00000008                            : UARTMSP432E4.oem4f (.text:writeSemCallback)
                  00004e64    00000004     nortos_msp432e4.aem4f : ClockPSysTick_nortos.oem4f (.text:ClockP_setTimeout)
                  00004e68    00000004                           : HwiPMSP432E4_nortos.oem4f (.text:HwiP_disable)
                  00004e6c    00000004                           : HwiPMSP432E4_nortos.oem4f (.text:HwiP_enable)
                  00004e70    00000004                           : SemaphoreP_nortos.oem4f (.text:SemaphoreP_delete)
                  00004e74    00000004     rtsv7M4_T_le_v4SPD16_eabi.lib : pre_init.c.obj (.text:_system_pre_init)
                  00004e78    00000004                                   : exit.c.obj (.text:abort:abort)

.const     0    00004e7c    000007e8     
                  00004e7c    000001b0     msp432e4_driverlib.a : sysctl.o (.const:g_pppui32XTALtoVCO)
                  0000502c    00000101     rtsv7M4_T_le_v4SPD16_eabi.lib : ctype.c.obj (.const:.string:_ctypes_)
                  0000512d    00000003     uartecho.obj (.const:.string:$P$T7$8)
                  00005130    0000009c     msp432e4_driverlib.a : interrupt.o (.const:g_pui32Regs)
                  000051cc    00000080     uartecho.obj (.const:.string:$P$T5$6)
                  0000524c    00000080     uartecho.obj (.const:.string:$P$T6$7)
                  000052cc    00000050     uartecho.obj (.const:.string:$P$T2$3)
                  0000531c    00000048     uartecho.obj (.const:.string:$P$T4$5)
                  00005364    00000048     msp432e4_driverlib.a : gpio.o (.const:g_pui32GPIOBaseAddrs)
                  000053ac    00000048     drivers_msp432e4.aem4f : GPIOMSP432E4.oem4f (.const:gpioBaseAddresses)
                  000053f4    00000048                            : GPIOMSP432E4.oem4f (.const:powerMgrIds)
                  0000543c    00000037     uartecho.obj (.const:.string:$P$T1$2)
                  00005473    00000031     uartecho.obj (.const:.string:$P$T3$4)
                  000054a4    00000030     msp432e4_driverlib.a : sysctl.o (.const:g_sXTALtoMEMTIM)
                  000054d4    0000002c     ti_drivers_config.obj (.const:uartMSP432E4HWAttrs)
                  00005500    00000028     drivers_msp432e4.aem4f : UARTMSP432E4.oem4f (.const:UARTMSP432E4_fxnTable)
                  00005528    00000028     msp432e4_driverlib.a : sysctl.o (.const:g_pui32Xtals)
                  00005550    00000024     drivers_msp432e4.aem4f : UART.oem4f (.const:UART_defaultParams)
                  00005574    00000020                            : GPIOMSP432E4.oem4f (.const:.string:gpioInterruptVectors)
                  00005594    00000020                            : UARTMSP432E4.oem4f (.const:staticFxnTable)
                  000055b4    00000015     uartecho.obj (.const:.string:$P$T0$1)
                  000055c9    00000003     drivers_msp432e4.aem4f : GPIOMSP432E4.oem4f (.const:.string:inPinTypes)
                  000055cc    00000014     ti_drivers_config.obj (.const:GPIOMSP432E4_config)
                  000055e0    00000014     msp432e4_driverlib.a : interrupt.o (.const:g_pui32Dii16Regs)
                  000055f4    00000014                          : interrupt.o (.const:g_pui32EnRegs)
                  00005608    00000014     drivers_msp432e4.aem4f : UARTMSP432E4.oem4f (.const:parityType)
                  0000561c    00000010                            : UARTMSP432E4.oem4f (.const:dataLength)
                  0000562c    0000000c     ti_drivers_config.obj (.const:UART_config)
                  00005638    00000008     ti_drivers_config.obj (.const:PowerMSP432E4_config)
                  00005640    00000008     msp432e4_driverlib.a : sysctl.o (.const:g_pui32VCOFrequencies)
                  00005648    00000008     drivers_msp432e4.aem4f : UARTMSP432E4.oem4f (.const:stopBits)
                  00005650    00000007                            : GPIOMSP432E4.oem4f (.const:.string:outPinStrengths)
                  00005657    00000006                            : GPIOMSP432E4.oem4f (.const:.string:interruptType)
                  0000565d    00000004                            : GPIOMSP432E4.oem4f (.const:.string:outPinTypes)
                  00005661    00000003     ti_drivers_config.obj (.const)

.cinit     0    00005668    00000138     
                  00005668    000000fd     (.cinit..data.load) [load image, compression = lzss]
                  00005765    00000003     --HOLE-- [fill = 0]
                  00005768    0000000c     (__TI_handler_table)
                  00005774    00000004     --HOLE-- [fill = 0]
                  00005778    00000008     (.cinit..bss.load) [load image, compression = zero_init]
                  00005780    00000008     (.cinit..vtable.load) [load image, compression = zero_init]
                  00005788    00000018     (__TI_cinit_table)

.init_array 
*          0    00000000    00000000     UNINITIALIZED

.vtable    0    20000000    0000026c     UNINITIALIZED
                  20000000    0000026c     msp432e4_driverlib.a : interrupt.o (.vtable)

.sysmem    0    20000270    00008000     UNINITIALIZED
                  20000270    00000010     rtsv7M4_T_le_v4SPD16_eabi.lib : memory.c.obj (.sysmem)
                  20000280    00007ff0     --HOLE--

.data      0    20008270    00000410     UNINITIALIZED
                  20008270    0000026c     nortos_msp432e4.aem4f : HwiPMSP432E4_nortos.oem4f (.data:HwiP_dispatchTable)
                  200084dc    0000016c     drivers_msp432e4.aem4f : PowerMSP432E4.oem4f (.data:PowerMSP432E4_module)
                  20008648    00000008     rtsv7M4_T_le_v4SPD16_eabi.lib : _lock.c.obj (.data:$O1$$)
                  20008650    00000008                                   : memory.c.obj (.data:$O1$$)
                  20008658    00000008     nortos_msp432e4.aem4f : SemaphoreP_nortos.oem4f (.data:SemaphoreP_defaultParams)
                  20008660    00000005     drivers_msp432e4.aem4f : GPIOMSP432E4.oem4f (.data)
                  20008665    00000003     nortos_msp432e4.aem4f : SemaphoreP_nortos.oem4f (.data)
                  20008668    00000005                           : ClockPSysTick_nortos.oem4f (.data)
                  2000866d    00000001     drivers_msp432e4.aem4f : UART.oem4f (.data)
                  2000866e    00000002     --HOLE--
                  20008670    00000004     ti_drivers_config.obj (.data:gpioCallbackFunctions)
                  20008674    00000004     ti_drivers_config.obj (.data:gpioPinConfigs)
                  20008678    00000004     nortos_msp432e4.aem4f : HwiPMSP432E4_nortos.oem4f (.data)
                  2000867c    00000004     rtsv7M4_T_le_v4SPD16_eabi.lib : errno.c.obj (.data)

.bss       0    20008680    0000012c     UNINITIALIZED
                  20008680    00000090     drivers_msp432e4.aem4f : GPIOMSP432E4.oem4f (.bss:gpioCallbackInfo)
                  20008710    00000064     (.common:uartMSP432E4Objects)
                  20008774    00000020     ti_drivers_config.obj (.bss:uartMSP432E4RingBuffer0)
                  20008794    00000004     drivers_msp432e4.aem4f : GPIOMSP432E4.oem4f (.bss)
                  20008798    00000010     (.common:ClockP_ctrl)
                  200087a8    00000004     nortos_msp432e4.aem4f : ClockPSysTick_nortos.oem4f (.bss)

.stack     0    2003f000    00001000     UNINITIALIZED
                  2003f000    00000004     rtsv7M4_T_le_v4SPD16_eabi.lib : boot_cortex_m.c.obj (.stack)
                  2003f004    00000ffc     --HOLE--

__llvm_prf_cnts 
*          0    20000000    00000000     UNINITIALIZED

.binit     0    00000000    00000000     

MODULE SUMMARY

       Module                       code    ro data   rw data
       ------                       ----    -------   -------
    ./
       uartecho.obj                 1170    536       0      
       main_nortos.obj              18      0         0      
    +--+----------------------------+-------+---------+---------+
       Total:                       1188    536       0      
                                                             
    ./syscfg/
       ti_drivers_config.obj        50      87        140    
    +--+----------------------------+-------+---------+---------+
       Total:                       50      87        140    
                                                             
    /home/steve0gillet/ti/ccs1200/ccs/tools/compiler/ti-cgt-arm_20.2.7.LTS/lib/rtsv7M4_T_le_v4SPD16_eabi.lib
       _printfi.c.obj               4851    0         0      
       memory.c.obj                 672     0         8      
       fd_add_t2.asm.obj            438     0         0      
       fd_div_t2.asm.obj            310     0         0      
       strtol.c.obj                 304     0         0      
       s_scalbn.c.obj               272     0         0      
       fd_cmp_t2.asm.obj            268     0         0      
       ctype.c.obj                  0       257       0      
       fd_mul_t2.asm.obj            252     0         0      
       memcpy_t2.asm.obj            156     0         0      
       ull_div_t2.asm.obj           150     0         0      
       memset_t2.asm.obj            122     0         0      
       copy_decompress_lzss.c.obj   104     0         0      
       s_frexp.c.obj                100     0         0      
       sprintf.c.obj                98      0         0      
       _ltoa.c.obj                  84      0         0      
       atoi.c.obj                   76      0         0      
       fd_toi_t2.asm.obj            72      0         0      
       autoinit.c.obj               68      0         0      
       boot_cortex_m.c.obj          52      0         0      
       strstr.c.obj                 52      0         0      
       i_tofd_t2.asm.obj            46      0         0      
       copy_zero_init.c.obj         28      0         0      
       memccpy.c.obj                28      0         0      
       s_copysign.c.obj             26      0         0      
       strchr.c.obj                 22      0         0      
       strlen.c.obj                 20      0         0      
       wcslen.c.obj                 18      0         0      
       copy_decompress_none.c.obj   14      0         0      
       errno.c.obj                  8       0         4      
       _lock.c.obj                  2       0         8      
       exit.c.obj                   4       0         0      
       pre_init.c.obj               4       0         0      
       div0.asm.obj                 2       0         0      
    +--+----------------------------+-------+---------+---------+
       Total:                       8723    257       20     
                                                             
    /home/steve0gillet/ti/simplelink_msp432e4_sdk_4_20_00_12/kernel/nortos/lib/nortos_msp432e4.aem4f
       HwiPMSP432E4_nortos.oem4f    278     0         624    
       ClockPSysTick_nortos.oem4f   614     0         25     
       startup_msp432e4_ccs.oem4f   40      512       0      
       SemaphoreP_nortos.oem4f      378     0         11     
       PowerMSP432E4_nortos.oem4f   16      0         0      
    +--+----------------------------+-------+---------+---------+
       Total:                       1326    512       660    
                                                             
    /home/steve0gillet/ti/simplelink_msp432e4_sdk_4_20_00_12/source/ti/devices/msp432e4/driverlib/lib/ccs/m4f/msp432e4_driverlib.a
       sysctl.o                     1512    528       0      
       interrupt.o                  494     196       620    
       gpio.o                       1016    72        0      
       uart.o                       588     0         0      
       cpu.o                        24      0         0      
       fpu.o                        24      0         0      
    +--+----------------------------+-------+---------+---------+
       Total:                       3658    796       620    
                                                             
    /home/steve0gillet/ti/simplelink_msp432e4_sdk_4_20_00_12/source/ti/drivers/lib/drivers_msp432e4.aem4f
       UARTMSP432E4.oem4f           2914    116       0      
       GPIOMSP432E4.oem4f           956     196       153    
       PowerMSP432E4.oem4f          372     0         364    
       UART.oem4f                   176     36        1      
       RingBuf.oem4f                198     0         0      
    +--+----------------------------+-------+---------+---------+
       Total:                       4616    348       518    
                                                             
       Heap:                        0       0         32768  
       Stack:                       0       0         4096   
       Linker Generated:            0       305       0      
    +--+----------------------------+-------+---------+---------+
       Grand Total:                 19561   2841      38822  


LINKER GENERATED COPY TABLES

__TI_cinit_table @ 00005788 records: 3, size/record: 8, table size: 24
	.data: load addr=00005668, load size=000000fd bytes, run addr=20008270, run size=00000410 bytes, compression=lzss
	.bss: load addr=00005778, load size=00000008 bytes, run addr=20008680, run size=0000012c bytes, compression=zero_init
	.vtable: load addr=00005780, load size=00000008 bytes, run addr=20000000, run size=0000026c bytes, compression=zero_init


LINKER GENERATED HANDLER TABLE

__TI_handler_table @ 00005768 records: 3, size/record: 4, table size: 12
	index: 0, handler: __TI_zero_init
	index: 1, handler: __TI_decompress_lzss
	index: 2, handler: __TI_decompress_none


GLOBAL SYMBOLS: SORTED ALPHABETICALLY BY Name 

address   name                           
-------   ----                           
00004711  Board_init                     
00000c4f  Board_initHook                 
00004e79  C$$EXIT                        
00005661  CONFIG_GPIO_LED_0_CONST        
00005662  CONFIG_UART_0_CONST            
00004df1  CPUcpsid                       
00004dfd  CPUcpsie                       
00004e09  ClockP_Params_init             
00004d23  ClockP_add                     
000042c9  ClockP_construct               
00004af1  ClockP_create                  
20008798  ClockP_ctrl                    
00004d33  ClockP_delete                  
000045c9  ClockP_destruct                
00003db5  ClockP_doTick                  
00004d45  ClockP_getCpuFreq              
00004e13  ClockP_isActive                
00004e65  ClockP_setTimeout              
00004741  ClockP_start                   
00004675  ClockP_startup                 
000040a9  ClockP_stop                    
00003db5  ClockP_sysTickHandler          
20008668  ClockP_tickPeriod              
00004b41  FPUEnable                      
00003a49  GPIODirModeSet                 
00004c2b  GPIOIntClear                   
00004911  GPIOIntStatus                  
00002be1  GPIOIntTypeSet                 
000055cc  GPIOMSP432E4_config            
00004c41  GPIOMSP432E4_getGpioBaseAddr   
00004c55  GPIOMSP432E4_getPowerResourceId
00004771  GPIOMSP432E4_undoPinConfig     
0000185d  GPIOPadConfigSet               
000040ed  GPIOPinConfigure               
00004881  GPIOPinTypeUART                
00004933  GPIOPinWrite                   
0000377d  GPIO_hwiIntFxn                 
00002b35  GPIO_init                      
00003b5d  GPIO_setCallback               
00001e21  GPIO_setConfig                 
00003c65  GPIO_write                     
00004ca5  HwiP_Params_init               
000035c1  HwiP_construct                 
0000482d  HwiP_create                    
00004d55  HwiP_delete                    
00004cb7  HwiP_destruct                  
00004e69  HwiP_disable                   
00004e6d  HwiP_enable                    
00004c69  HwiP_inISR                     
00004e3b  HwiP_restore                   
20008678  HwiP_swiPIntNum                
000032d5  IntDisable                     
00003355  IntEnable                      
00004d65  IntMasterDisable               
00004d75  IntMasterEnable                
00003cb9  IntPrioritySet                 
00003aa5  IntRegister                    
00004a2d  IntUnregister                  
00004e6d  NoRTOS_start                   
00005638  PowerMSP432E4_config           
200084dc  PowerMSP432E4_module           
00004d85  PowerMSP432E4_sleepPolicy      
00004c7d  Power_disablePolicy            
00004d95  Power_enablePolicy             
00004b59  Power_idleFunc                 
0000391d  Power_init                     
00003711  Power_releaseDependency        
000037e5  Power_setDependency            
00004cc9  RingBuf_construct              
00004309  RingBuf_get                    
00004dd5  RingBuf_isFull                 
00004953  RingBuf_peek                   
00004061  RingBuf_put                    
00004da5  SemaphoreP_Params_init         
00003e05  SemaphoreP_construct           
00004be9  SemaphoreP_create              
00004b0b  SemaphoreP_createBinary        
20008658  SemaphoreP_defaultParams       
00004e71  SemaphoreP_delete              
00002c85  SemaphoreP_pend                
00004131  SemaphoreP_post                
0000130d  SysCtlClockFreqSet             
00004801  SysCtlPeripheralClockGating    
00004349  SysCtlPeripheralDisable        
00004389  SysCtlPeripheralEnable         
000043c9  SysCtlPeripheralPowerOff       
00004409  SysCtlPeripheralPowerOn        
00004175  SysCtlPeripheralPresent        
000041b9  SysCtlPeripheralReady          
00004449  SysCtlPeripheralSleepDisable   
00004489  SysCtlPeripheralSleepEnable    
000049b5  UARTBusy                       
00004bff  UARTCharGet                    
00004a49  UARTCharGetNonBlocking         
000049d3  UARTCharPut                    
000048c9  UARTCharPutNonBlocking         
000049f1  UARTCharsAvail                 
00003549  UARTConfigSetExpClk            
000047a1  UARTDisable                    
000048ed  UARTEnable                     
00004b71  UARTFIFOLevelSet               
00004a65  UARTFlowControlSet             
00004cdb  UARTIntClear                   
00004b89  UARTIntDisable                 
00004ba1  UARTIntEnable                  
00004a0f  UARTIntStatus                  
0000285d  UARTMSP432E4_close             
00003021  UARTMSP432E4_control           
00005500  UARTMSP432E4_fxnTable          
00001a97  UARTMSP432E4_init              
0000101d  UARTMSP432E4_open              
000044c9  UARTMSP432E4_read              
0000463d  UARTMSP432E4_readCancel        
00002d25  UARTMSP432E4_readPolling       
00002e5f  UARTMSP432E4_write             
00003f89  UARTMSP432E4_writeCancel       
00003ea5  UARTMSP432E4_writePolling      
00004db5  UARTRxErrorClear               
00004ced  UARTRxErrorGet                 
00004a81  UARTTxIntModeSet               
00004bb9  UART_Params_init               
0000562c  UART_config                    
00005663  UART_count                     
00005550  UART_defaultParams             
000041fd  UART_init                      
00004509  UART_open                      
00004e1d  UART_read                      
00004e27  UART_write                     
20040000  __STACK_END                    
00001000  __STACK_SIZE                   
00008000  __SYSMEM_SIZE                  
00005788  __TI_CINIT_Base                
000057a0  __TI_CINIT_Limit               
00005768  __TI_Handler_Table_Base        
00005774  __TI_Handler_Table_Limit       
00004285  __TI_auto_init_nobinit_nopinit 
0000384d  __TI_decompress_lzss           
00004de3  __TI_decompress_none           
00003d0d  __TI_ltoa                      
ffffffff  __TI_pprof_out_hndl            
00000201  __TI_printfi                   
ffffffff  __TI_prof_data_size            
ffffffff  __TI_prof_data_start           
00005668  __TI_static_base__             
00004a9d  __TI_zero_init_nomemset        
000031c9  __aeabi_cdcmpeq                
000031c9  __aeabi_cdcmple                
0000324f  __aeabi_cdrcmple               
00004019  __aeabi_d2iz                   
00001c73  __aeabi_dadd                   
000020e1  __aeabi_ddiv                   
0000267d  __aeabi_dmul                   
00001c69  __aeabi_dsub                   
00004e45  __aeabi_errno_addr             
000047d1  __aeabi_i2d                    
000040a7  __aeabi_idiv0                  
000040a7  __aeabi_ldiv0                  
000034cf  __aeabi_memclr                 
000034cf  __aeabi_memclr4                
000034cf  __aeabi_memclr8                
00002dc3  __aeabi_memcpy                 
00002dc3  __aeabi_memcpy4                
00002dc3  __aeabi_memcpy8                
000034d1  __aeabi_memset                 
000034d1  __aeabi_memset4                
000034d1  __aeabi_memset8                
00002ef7  __aeabi_uldivmod               
ffffffff  __binit__                      
ffffffff  __c_args__                     
UNDEFED   __mpu_init                     
2003f000  __stack                        
20000000  __start___llvm_prf_cnts        
20000000  __stop___llvm_prf_cnts         
000046a9  _c_int00_noargs                
0000502c  _ctypes_                       
20008648  _lock                          
00002217  _nop                           
20000270  _sys_memory                    
UNDEFED   _system_post_cinit             
00004e75  _system_pre_init               
2000864c  _unlock                        
00004e79  abort                          
0000257d  aligned_alloc                  
00003ef1  atoi                           
ffffffff  binit                          
000035bf  clkFxn                         
00003fd1  commandTest                    
00004b25  copysign                       
00004b25  copysignl                      
2000867c  errno                          
00002779  free                           
00003981  frexp                          
00003981  frexpl                         
20000000  g_pfnRAMVectors                
20008670  gpioCallbackFunctions          
20008674  gpioPinConfigs                 
0000246d  ldexp                          
0000246d  ldexpl                         
00004cff  main                           
00000c51  mainThread                     
00004e4d  malloc                         
0000257d  memalign                       
00004ad5  memccpy                        
00002dc3  memcpy                         
000034d7  memset                         
00004995  resetISR                       
00000000  resetVectors                   
0000246d  scalbn                         
0000246d  scalbnl                        
000033d5  secondString                   
00004549  sprintf                        
00004c15  strchr                         
00004c91  strlen                         
000046dd  strstr                         
00002219  strtol                         
20008710  uartMSP432E4Objects            
00004d11  wcslen                         


GLOBAL SYMBOLS: SORTED BY Symbol Address 

address   name                           
-------   ----                           
00000000  resetVectors                   
00000201  __TI_printfi                   
00000c4f  Board_initHook                 
00000c51  mainThread                     
00001000  __STACK_SIZE                   
0000101d  UARTMSP432E4_open              
0000130d  SysCtlClockFreqSet             
0000185d  GPIOPadConfigSet               
00001a97  UARTMSP432E4_init              
00001c69  __aeabi_dsub                   
00001c73  __aeabi_dadd                   
00001e21  GPIO_setConfig                 
000020e1  __aeabi_ddiv                   
00002217  _nop                           
00002219  strtol                         
0000246d  ldexp                          
0000246d  ldexpl                         
0000246d  scalbn                         
0000246d  scalbnl                        
0000257d  aligned_alloc                  
0000257d  memalign                       
0000267d  __aeabi_dmul                   
00002779  free                           
0000285d  UARTMSP432E4_close             
00002b35  GPIO_init                      
00002be1  GPIOIntTypeSet                 
00002c85  SemaphoreP_pend                
00002d25  UARTMSP432E4_readPolling       
00002dc3  __aeabi_memcpy                 
00002dc3  __aeabi_memcpy4                
00002dc3  __aeabi_memcpy8                
00002dc3  memcpy                         
00002e5f  UARTMSP432E4_write             
00002ef7  __aeabi_uldivmod               
00003021  UARTMSP432E4_control           
000031c9  __aeabi_cdcmpeq                
000031c9  __aeabi_cdcmple                
0000324f  __aeabi_cdrcmple               
000032d5  IntDisable                     
00003355  IntEnable                      
000033d5  secondString                   
000034cf  __aeabi_memclr                 
000034cf  __aeabi_memclr4                
000034cf  __aeabi_memclr8                
000034d1  __aeabi_memset                 
000034d1  __aeabi_memset4                
000034d1  __aeabi_memset8                
000034d7  memset                         
00003549  UARTConfigSetExpClk            
000035bf  clkFxn                         
000035c1  HwiP_construct                 
00003711  Power_releaseDependency        
0000377d  GPIO_hwiIntFxn                 
000037e5  Power_setDependency            
0000384d  __TI_decompress_lzss           
0000391d  Power_init                     
00003981  frexp                          
00003981  frexpl                         
00003a49  GPIODirModeSet                 
00003aa5  IntRegister                    
00003b5d  GPIO_setCallback               
00003c65  GPIO_write                     
00003cb9  IntPrioritySet                 
00003d0d  __TI_ltoa                      
00003db5  ClockP_doTick                  
00003db5  ClockP_sysTickHandler          
00003e05  SemaphoreP_construct           
00003ea5  UARTMSP432E4_writePolling      
00003ef1  atoi                           
00003f89  UARTMSP432E4_writeCancel       
00003fd1  commandTest                    
00004019  __aeabi_d2iz                   
00004061  RingBuf_put                    
000040a7  __aeabi_idiv0                  
000040a7  __aeabi_ldiv0                  
000040a9  ClockP_stop                    
000040ed  GPIOPinConfigure               
00004131  SemaphoreP_post                
00004175  SysCtlPeripheralPresent        
000041b9  SysCtlPeripheralReady          
000041fd  UART_init                      
00004285  __TI_auto_init_nobinit_nopinit 
000042c9  ClockP_construct               
00004309  RingBuf_get                    
00004349  SysCtlPeripheralDisable        
00004389  SysCtlPeripheralEnable         
000043c9  SysCtlPeripheralPowerOff       
00004409  SysCtlPeripheralPowerOn        
00004449  SysCtlPeripheralSleepDisable   
00004489  SysCtlPeripheralSleepEnable    
000044c9  UARTMSP432E4_read              
00004509  UART_open                      
00004549  sprintf                        
000045c9  ClockP_destruct                
0000463d  UARTMSP432E4_readCancel        
00004675  ClockP_startup                 
000046a9  _c_int00_noargs                
000046dd  strstr                         
00004711  Board_init                     
00004741  ClockP_start                   
00004771  GPIOMSP432E4_undoPinConfig     
000047a1  UARTDisable                    
000047d1  __aeabi_i2d                    
00004801  SysCtlPeripheralClockGating    
0000482d  HwiP_create                    
00004881  GPIOPinTypeUART                
000048c9  UARTCharPutNonBlocking         
000048ed  UARTEnable                     
00004911  GPIOIntStatus                  
00004933  GPIOPinWrite                   
00004953  RingBuf_peek                   
00004995  resetISR                       
000049b5  UARTBusy                       
000049d3  UARTCharPut                    
000049f1  UARTCharsAvail                 
00004a0f  UARTIntStatus                  
00004a2d  IntUnregister                  
00004a49  UARTCharGetNonBlocking         
00004a65  UARTFlowControlSet             
00004a81  UARTTxIntModeSet               
00004a9d  __TI_zero_init_nomemset        
00004ad5  memccpy                        
00004af1  ClockP_create                  
00004b0b  SemaphoreP_createBinary        
00004b25  copysign                       
00004b25  copysignl                      
00004b41  FPUEnable                      
00004b59  Power_idleFunc                 
00004b71  UARTFIFOLevelSet               
00004b89  UARTIntDisable                 
00004ba1  UARTIntEnable                  
00004bb9  UART_Params_init               
00004be9  SemaphoreP_create              
00004bff  UARTCharGet                    
00004c15  strchr                         
00004c2b  GPIOIntClear                   
00004c41  GPIOMSP432E4_getGpioBaseAddr   
00004c55  GPIOMSP432E4_getPowerResourceId
00004c69  HwiP_inISR                     
00004c7d  Power_disablePolicy            
00004c91  strlen                         
00004ca5  HwiP_Params_init               
00004cb7  HwiP_destruct                  
00004cc9  RingBuf_construct              
00004cdb  UARTIntClear                   
00004ced  UARTRxErrorGet                 
00004cff  main                           
00004d11  wcslen                         
00004d23  ClockP_add                     
00004d33  ClockP_delete                  
00004d45  ClockP_getCpuFreq              
00004d55  HwiP_delete                    
00004d65  IntMasterDisable               
00004d75  IntMasterEnable                
00004d85  PowerMSP432E4_sleepPolicy      
00004d95  Power_enablePolicy             
00004da5  SemaphoreP_Params_init         
00004db5  UARTRxErrorClear               
00004dd5  RingBuf_isFull                 
00004de3  __TI_decompress_none           
00004df1  CPUcpsid                       
00004dfd  CPUcpsie                       
00004e09  ClockP_Params_init             
00004e13  ClockP_isActive                
00004e1d  UART_read                      
00004e27  UART_write                     
00004e3b  HwiP_restore                   
00004e45  __aeabi_errno_addr             
00004e4d  malloc                         
00004e65  ClockP_setTimeout              
00004e69  HwiP_disable                   
00004e6d  HwiP_enable                    
00004e6d  NoRTOS_start                   
00004e71  SemaphoreP_delete              
00004e75  _system_pre_init               
00004e79  C$$EXIT                        
00004e79  abort                          
0000502c  _ctypes_                       
00005500  UARTMSP432E4_fxnTable          
00005550  UART_defaultParams             
000055cc  GPIOMSP432E4_config            
0000562c  UART_config                    
00005638  PowerMSP432E4_config           
00005661  CONFIG_GPIO_LED_0_CONST        
00005662  CONFIG_UART_0_CONST            
00005663  UART_count                     
00005668  __TI_static_base__             
00005768  __TI_Handler_Table_Base        
00005774  __TI_Handler_Table_Limit       
00005788  __TI_CINIT_Base                
000057a0  __TI_CINIT_Limit               
00008000  __SYSMEM_SIZE                  
20000000  __start___llvm_prf_cnts        
20000000  __stop___llvm_prf_cnts         
20000000  g_pfnRAMVectors                
20000270  _sys_memory                    
200084dc  PowerMSP432E4_module           
20008648  _lock                          
2000864c  _unlock                        
20008658  SemaphoreP_defaultParams       
20008668  ClockP_tickPeriod              
20008670  gpioCallbackFunctions          
20008674  gpioPinConfigs                 
20008678  HwiP_swiPIntNum                
2000867c  errno                          
20008710  uartMSP432E4Objects            
20008798  ClockP_ctrl                    
2003f000  __stack                        
20040000  __STACK_END                    
ffffffff  __TI_pprof_out_hndl            
ffffffff  __TI_prof_data_size            
ffffffff  __TI_prof_data_start           
ffffffff  __binit__                      
ffffffff  __c_args__                     
ffffffff  binit                          
UNDEFED   __mpu_init                     
UNDEFED   _system_post_cinit             

[217 symbols]
