******************************************************************************
                  TI ARM Linker Unix v20.2.7                   
******************************************************************************
>> Linked Tue Nov 22 03:15:18 2022

OUTPUT FILE NAME:   <timerled_MSP_EXP432E401Y_tirtos_ccs.out>
ENTRY POINT SYMBOL: "_c_int00"  address: 00002665


MEMORY CONFIGURATION

         name            origin    length      used     unused   attr    fill
----------------------  --------  ---------  --------  --------  ----  --------
  FLASH                 00000000   00100000  000050ba  000faf46  R  X
  SRAM                  20000000   00040000  00025cbc  0001a344  RW X


SEGMENT ALLOCATION MAP

run origin  load origin   length   init length attrs members
----------  ----------- ---------- ----------- ----- -------
00000000    00000000    000050c0   000050c0    r-x
  00000000    00000000    0000003c   0000003c    r-- .resetVecs
  00000040    00000040    0000424a   0000424a    r-x .text
  0000428c    0000428c    000006f4   000006f4    r-- .const
  00004980    00004980    00000740   00000740    r-- .cinit
20000360    20000360    00020000   00000000    r--
  20000360    20000360    00020000   00000000    r-- .priheap
20020360    20020360    0000555c   00000000    rw-
  20020360    20020360    00004e4c   00000000    rw- .bss
  200251ac    200251ac    00000710   00000000    rw- .data
2003fc00    2003fc00    00000400   00000000    rw-
  2003fc00    2003fc00    00000400   00000000    rw- .stack


SECTION ALLOCATION MAP

 output                                  attributes/
section   page    origin      length       input sections
--------  ----  ----------  ----------   ----------------
.text      0    00000040    0000424a     
                  00000040    000002a0     sysbios.aem4f : BIOS.obj (.text:ti_sysbios_family_arm_msp432e4_init_Boot_sysCtlClockFreqSetI__I)
                  000002e0    0000023a     msp432e4_driverlib.a : gpio.o (.text:GPIOPadConfigSet)
                  0000051a    00000002     ti_drivers_config.obj (.text:Board_initHook)
                  0000051c    00000184     drivers_msp432e4.aem4f : GPIOMSP432E4.oem4f (.text:GPIO_setConfig)
                  000006a0    00000154     sysbios.aem4f : BIOS.obj (.text:ti_sysbios_knl_Task_Instance_finalize__E)
                  000007f4    00000004     dpl_msp432e4.aem4f : ClockP_tirtos.oem4f (.text:ClockP_getCpuFreq)
                  000007f8    00000130     sysbios.aem4f : BIOS.obj (.text:ti_sysbios_knl_Semaphore_pend__E)
                  00000928    00000120                   : BIOS.obj (.text:xdc_runtime_Startup_startMods__I)
                  00000a48    00000118     drivers_msp432e4.aem4f : TimerMSP432E4.oem4f (.text:TimerMSP432E4_open)
                  00000b60    00000110     sysbios.aem4f : BIOS.obj (.text:ti_sysbios_knl_Task_postInit__I)
                  00000c70    0000010c                   : BIOS.obj (.text:ti_sysbios_family_arm_lm4_Timer_start__E)
                  00000d7c    00000004     dpl_msp432e4.aem4f : HwiP_tirtos.oem4f (.text:HwiP_clearInterrupt)
                  00000d80    000000f0     sysbios.aem4f : BIOS.obj (.text:pthread_create)
                  00000e70    000000f0                   : m3_Hwi_asm.obj (.text:ti_sysbios_family_arm_m3_Hwi_dispatch__I)
                  00000f60    000000e8                   : BIOS.obj (.text:ti_sysbios_knl_Task_Instance_init__E)
                  00001048    000000d0                   : BIOS.obj (.text:ti_sysbios_heaps_HeapMem_alloc__E)
                  00001118    000000bc                   : BIOS.obj (.text:ti_sysbios_knl_Task_exit__E)
                  000011d4    00000004     dpl_msp432e4.aem4f : HwiP_tirtos.oem4f (.text:HwiP_disable)
                  000011d8    000000bc     sysbios.aem4f : BIOS.obj (.text:xdc_runtime_Core_createObject__I)
                  00001294    00000004     dpl_msp432e4.aem4f : SemaphoreP_tirtos.oem4f (.text:SemaphoreP_post)
                  00001298    000000b8     sysbios.aem4f : BIOS.obj (.text:ti_sysbios_family_arm_m3_Hwi_Instance_init__E)
                  00001350    000000b0                   : BIOS.obj (.text:ti_sysbios_family_arm_lm4_Timer_enableTiva__I)
                  00001400    000000ac     drivers_msp432e4.aem4f : GPIOMSP432E4.oem4f (.text:GPIO_init)
                  000014ac    000000a4     msp432e4_driverlib.a : gpio.o (.text:GPIOIntTypeSet)
                  00001550    000000a4     sysbios.aem4f : BIOS.obj (.text:ti_sysbios_knl_Task_setPri__E)
                  000015f4    000000a0     auto_init.aem4f : auto_init.oem4f (.text)
                  00001694    00000004     release_pem4f.oem4f (.text:ti_sysbios_BIOS_RtsGateProxy_enter__E)
                  00001698    0000009c     sysbios.aem4f : BIOS.obj (.text:_pthread_removeThreadKeys)
                  00001734    0000009c     rtsv7M4_T_le_v4SPD16_eabi.lib : memcpy_t2.asm.obj (.text)
                  000017d0    00000094     sysbios.aem4f : BIOS.obj (.text:ti_sysbios_family_arm_m3_Hwi_initNVIC__E)
                  00001864    00000004     release_pem4f.oem4f (.text:ti_sysbios_BIOS_RtsGateProxy_leave__E)
                  00001868    00000090     sysbios.aem4f : BIOS.obj (.text:ti_sysbios_knl_Task_Module_startup__E)
                  000018f8    0000008c                   : m3_TaskSupport_asm.obj (.text:ti_sysbios_family_arm_m3_TaskSupport_buildTaskStack)
                  00001984    00000004                   : BIOS.obj (.text:ti_sysbios_family_arm_lm4_Timer_masterEnable__I)
                  00001988    0000008c                   : BIOS.obj (.text:xdc_runtime_Memory_alloc__E)
                  00001a14    00000088     drivers_msp432e4.aem4f : TimerMSP432E4.oem4f (.text:TimerMSP432E4_setPeriod)
                  00001a9c    00000004     release_pem4f.oem4f (.text:ti_sysbios_family_arm_m3_Hwi_delete)
                  00001aa0    00000086     sysbios.aem4f : BIOS.obj (.text:xdc_runtime_Core_constructObject__I)
                  00001b26    00000002     drivers_msp432e4.aem4f : TimerMSP432E4.oem4f (.text:TimerMSP432E4_init)
                  00001b28    00000084     sysbios.aem4f : BIOS.obj (.text:ti_sysbios_family_arm_m3_Hwi_postInit__I)
                  00001bac    00000004     release_pem4f.oem4f (.text:ti_sysbios_family_arm_m3_TaskSupport_Module__startupDone__S)
                  00001bb0    00000084     sysbios.aem4f : BIOS.obj (.text:ti_sysbios_heaps_HeapMem_free__E)
                  00001c34    00000004     release_pem4f.oem4f (.text:ti_sysbios_heaps_HeapMem_Module_GateProxy_enter__E)
                  00001c38    00000080     sysbios.aem4f : BIOS.obj (.text:ti_sysbios_knl_Clock_workFunc__E)
                  00001cb8    0000007a     rtsv7M4_T_le_v4SPD16_eabi.lib : memset_t2.asm.obj (.text)
                  00001d32    00000006     drivers_msp432e4.aem4f : TimerMSP432E4.oem4f (.text:TimerMSP432E4_control)
                  00001d38    00000074     sysbios.aem4f : BIOS.obj (.text:xdc_runtime_Core_deleteObject__I)
                  00001dac    00000072     drivers_msp432e4.aem4f : TimerMSP432E4.oem4f (.text:TimerMSP432E4_start)
                  00001e1e    00000002     rtsv7M4_T_le_v4SPD16_eabi.lib : _lock.c.obj (.text:_nop)
                  00001e20    00000070     sysbios.aem4f : BIOS.obj (.text:ti_sysbios_heaps_HeapMem_initPrimary__I)
                  00001e90    0000006c     drivers_msp432e4.aem4f : PowerMSP432E4.oem4f (.text:Power_releaseDependency)
                  00001efc    00000004     release_pem4f.oem4f (.text:ti_sysbios_heaps_HeapMem_Module_GateProxy_leave__E)
                  00001f00    0000006c     sysbios.aem4f : BIOS.obj (.text:ti_sysbios_knl_Swi_restoreHwi__E)
                  00001f6c    00000068     drivers_msp432e4.aem4f : GPIOMSP432E4.oem4f (.text:GPIO_hwiIntFxn)
                  00001fd4    00000068                            : PowerMSP432E4.oem4f (.text:Power_setDependency)
                  0000203c    00000068                            : TimerMSP432E4.oem4f (.text:TimerMSP432E4_allocateTimerResource)
                  000020a4    00000068     rtsv7M4_T_le_v4SPD16_eabi.lib : copy_decompress_lzss.c.obj (.text:decompress:lzss:__TI_decompress_lzss)
                  0000210c    00000068     timerled.obj (.text:mainThread)
                  00002174    00000004     release_pem4f.oem4f (.text:ti_sysbios_knl_Clock_TimerProxy_getMaxTicks__E)
                  00002178    00000068     sysbios.aem4f : BIOS.obj (.text:pthread_exit)
                  000021e0    00000064     drivers_msp432e4.aem4f : PowerMSP432E4.oem4f (.text:Power_init)
                  00002244    00000064     main_tirtos.obj (.text:main)
                  000022a8    00000064     sysbios.aem4f : BIOS.obj (.text:ti_sysbios_family_arm_lm4_Timer_Module_startup__E)
                  0000230c    00000004     release_pem4f.oem4f (.text:ti_sysbios_knl_Semaphore_delete)
                  00002310    00000064     sysbios.aem4f : BIOS.obj (.text:ti_sysbios_family_arm_m3_Hwi_dispatchC__I)
                  00002374    00000004     release_pem4f.oem4f (.text:ti_sysbios_knl_Task_delete)
                  00002378    00000060     sysbios.aem4f : BIOS.obj (.text:ti_sysbios_knl_Semaphore_post__E)
                  000023d8    00000060                   : BIOS.obj (.text:ti_sysbios_knl_Swi_run__I)
                  00002438    0000005c     msp432e4_driverlib.a : gpio.o (.text:GPIODirModeSet)
                  00002494    0000005c     drivers_msp432e4.aem4f : TimerMSP432E4.oem4f (.text:getPowerMgrId)
                  000024f0    0000005c     sysbios.aem4f : BIOS.obj (.text:ti_sysbios_knl_Swi_schedule__I)
                  0000254c    00000004     release_pem4f.oem4f (.text:xdc_runtime_System_Module_GateProxy_enter__E)
                  00002550    0000005c     sysbios.aem4f : BIOS.obj (.text:ti_sysbios_knl_Task_startCore__E)
                  000025ac    00000004     release_pem4f.oem4f (.text:xdc_runtime_System_Module_GateProxy_leave__E)
                  000025b0    0000005c     sysbios.aem4f : BIOS.obj (.text:xdc_runtime_Startup_exec__E)
                  0000260c    00000058     drivers_msp432e4.aem4f : GPIOMSP432E4.oem4f (.text:GPIO_setCallback)
                  00002664    00000058     boot.aem4f : boot.oem4f (.text)
                  000026bc    00000058     sysbios.aem4f : m3_Hwi_asm_switch.obj (.text:ti_sysbios_family_arm_m3_Hwi_initStacks__E)
                  00002714    00000054     drivers_msp432e4.aem4f : GPIOMSP432E4.oem4f (.text:GPIO_write)
                  00002768    00000054     sysbios.aem4f : BIOS.obj (.text:ti_sysbios_family_arm_lm4_Timer_initDevice__I)
                  000027bc    00000054     release_pem4f.oem4f (.text:ti_sysbios_family_arm_m3_Hwi_create)
                  00002810    00000050     drivers_msp432e4.aem4f : GPIOMSP432E4.oem4f (.text:GPIO_toggle)
                  00002860    00000050     sysbios.aem4f : BIOS.obj (.text:ti_sysbios_family_arm_m3_Hwi_Module_startup__E)
                  000028b0    00000050     release_pem4f.oem4f (.text:ti_sysbios_knl_Task_create)
                  00002900    0000004e     drivers_msp432e4.aem4f : TimerMSP432E4.oem4f (.text:TimerMSP432E4_stop)
                  0000294e    0000004e                            : TimerMSP432E4.oem4f (.text:initHw)
                  0000299c    0000004c                            : TimerMSP432E4.oem4f (.text:TimerMSP432E4_freeTimerResource)
                  000029e8    0000004c     rtsv7M4_T_le_v4SPD16_eabi.lib : cpy_tbl.c.obj (.text:copy_in)
                  00002a34    00000002     release_pem4f.oem4f (.text:ti_sysbios_BIOS_nullFunc__I)
                  00002a36    00000002     --HOLE-- [fill = 0]
                  00002a38    0000004c     sysbios.aem4f : BIOS.obj (.text:ti_sysbios_heaps_HeapMem_getStats__E)
                  00002a84    00000004     --HOLE-- [fill = 0]
                  00002a88    0000004c                   : BIOS.obj (.text:ti_sysbios_knl_Swi_runLoop__I)
                  00002ad4    00000004     --HOLE-- [fill = 0]
                  00002ad8    0000004c                   : BIOS.obj (.text:ti_sysbios_knl_Task_allBlockedFunction__I)
                  00002b24    00000004     --HOLE-- [fill = 0]
                  00002b28    0000004c                   : BIOS.obj (.text:ti_sysbios_knl_Task_schedule__I)
                  00002b74    00000004     --HOLE-- [fill = 0]
                  00002b78    00000048                   : BIOS.obj (.text:ti_sysbios_family_arm_lm4_Timer_enableTimers__I)
                  00002bc0    00000048                   : BIOS.obj (.text:ti_sysbios_family_arm_m3_Hwi_disableInterrupt__E)
                  00002c08    00000048                   : BIOS.obj (.text:ti_sysbios_family_arm_m3_Hwi_enableInterrupt__E)
                  00002c50    00000048                   : BIOS.obj (.text:ti_sysbios_knl_Mailbox_Module_startup__E)
                  00002c98    00000048                   : BIOS.obj (.text:ti_sysbios_knl_Task_deleteTerminatedTasksFunc__I)
                  00002ce0    00000048                   : BIOS.obj (.text:xdc_runtime_Core_assignParams__I)
                  00002d28    00000046     drivers_msp432e4.aem4f : TimerMSP432E4.oem4f (.text:getPrescaler)
                  00002d6e    00000002     --HOLE-- [fill = 0]
                  00002d70    00000044     msp432e4_driverlib.a : sysctl.o (.text:SysCtlPeripheralPresent)
                  00002db4    00000044                          : sysctl.o (.text:SysCtlPeripheralReady)
                  00002df8    00000044     drivers_msp432e4.aem4f : Timer.oem4f (.text:Timer_init)
                  00002e3c    00000004     --HOLE-- [fill = 0]
                  00002e40    00000044     sysbios.aem4f : BIOS.obj (.text:ti_sysbios_family_arm_lm4_Timer_isrStub__E)
                  00002e84    00000004     --HOLE-- [fill = 0]
                  00002e88    00000044                   : BIOS.obj (.text:ti_sysbios_family_arm_m3_Hwi_getStackInfo__E)
                  00002ecc    00000004     --HOLE-- [fill = 0]
                  00002ed0    00000044                   : BIOS.obj (.text:ti_sysbios_knl_Mailbox_postInit__I)
                  00002f14    00000004     --HOLE-- [fill = 0]
                  00002f18    00000044                   : BIOS.obj (.text:ti_sysbios_knl_Swi_post__E)
                  00002f5c    00000004     --HOLE-- [fill = 0]
                  00002f60    00000044                   : BIOS.obj (.text:xdc_runtime_System_atexit__E)
                  00002fa4    00000040     dpl_msp432e4.aem4f : HwiP_tirtos.oem4f (.text:HwiP_create)
                  00002fe4    00000040     msp432e4_driverlib.a : sysctl.o (.text:SysCtlPeripheralDisable)
                  00003024    00000040                          : sysctl.o (.text:SysCtlPeripheralEnable)
                  00003064    00000040                          : sysctl.o (.text:SysCtlPeripheralPowerOff)
                  000030a4    00000040                          : sysctl.o (.text:SysCtlPeripheralPowerOn)
                  000030e4    00000040                          : sysctl.o (.text:SysCtlPeripheralSleepDisable)
                  00003124    00000040                          : sysctl.o (.text:SysCtlPeripheralSleepEnable)
                  00003164    00000040     drivers_msp432e4.aem4f : Timer.oem4f (.text:Timer_open)
                  000031a4    00000004     --HOLE-- [fill = 0]
                  000031a8    00000040     sysbios.aem4f : BIOS.obj (.text:ti_sysbios_family_arm_lm4_Timer_startup__E)
                  000031e8    00000040                   : BIOS.obj (.text:ti_sysbios_heaps_HeapMem_Instance_init__E)
                  00003228    0000003c     dpl_msp432e4.aem4f : SemaphoreP_tirtos.oem4f (.text:SemaphoreP_create)
                  00003264    00000004     --HOLE-- [fill = 0]
                  00003268    0000003c     sysbios.aem4f : BIOS.obj (.text:ti_sysbios_family_arm_m3_Hwi_Instance_finalize__E)
                  000032a4    00000004     --HOLE-- [fill = 0]
                  000032a8    0000003c                   : BIOS.obj (.text:ti_sysbios_knl_Swi_restore__E)
                  000032e4    00000004     --HOLE-- [fill = 0]
                  000032e8    0000003c                   : BIOS.obj (.text:xdc_runtime_System_processAtExit__E)
                  00003324    00000038     drivers_msp432e4.aem4f : TimerMSP432E4.oem4f (.text:TimerMSP432E4_hwiIntFunction)
                  0000335c    00000004     --HOLE-- [fill = 0]
                  00003360    00000038     sysbios.aem4f : BIOS.obj (.text:ti_sysbios_knl_Task_processVitalTaskFlag__I)
                  00003398    00000036     msp432e4_driverlib.a : timer.o (.text:TimerControlStall)
                  000033ce    00000034     drivers_msp432e4.aem4f : TimerMSP432E4.oem4f (.text:TimerMSP432E4_close)
                  00003402    00000006     --HOLE-- [fill = 0]
                  00003408    00000034     sysbios.aem4f : BIOS.obj (.text:_pthread_delete$43)
                  0000343c    00000034     release_pem4f.oem4f (.text:ti_sysbios_knl_Semaphore_create)
                  00003470    00000032     sysbios.aem4f : BIOS.obj (.text:ti_sysbios_hal_Hwi_initStack)
                  000034a2    00000002     --HOLE-- [fill = 0]
                  000034a4    00000030     ti_drivers_config.obj (.text:Board_init)
                  000034d4    00000030     release_pem4f.oem4f (.text:ti_sysbios_BIOS_atExitFunc__I)
                  00003504    00000030     release_pem4f.oem4f (.text:ti_sysbios_BIOS_startFunc__I)
                  00003534    00000004     --HOLE-- [fill = 0]
                  00003538    00000030     sysbios.aem4f : BIOS.obj (.text:ti_sysbios_family_arm_lm4_Timer_stop__E)
                  00003568    00000030                   : BIOS.obj (.text:ti_sysbios_family_arm_m3_TaskSupport_start__E)
                  00003598    00000030     release_pem4f.oem4f (.text:ti_sysbios_gates_GateHwi_Object__create__S)
                  000035c8    00000030     release_pem4f.oem4f (.text:ti_sysbios_gates_GateMutex_Object__create__S)
                  000035f8    00000030     sysbios.aem4f : BIOS.obj (.text:ti_sysbios_gates_GateMutex_enter__E)
                  00003628    00000030     release_pem4f.oem4f (.text:ti_sysbios_heaps_HeapMem_Object__create__S)
                  00003658    00000030     release_pem4f.oem4f (.text:ti_sysbios_knl_Semaphore_construct)
                  00003688    00000030     sysbios.aem4f : BIOS.obj (.text:ti_sysbios_knl_Semaphore_pendTimeout__I)
                  000036b8    00000030                   : BIOS.obj (.text:ti_sysbios_knl_Task_restore__E)
                  000036e8    00000030                   : BIOS.obj (.text:ti_sysbios_knl_Task_unblockI__E)
                  00003718    0000002c     dpl_msp432e4.aem4f : SemaphoreP_tirtos.oem4f (.text:SemaphoreP_createBinary)
                  00003744    0000002c     msp432e4_driverlib.a : sysctl.o (.text:SysCtlPeripheralClockGating)
                  00003770    0000002c     sysbios.aem4f : BIOS.obj (.text:_pthread_cleanupFxn)
                  0000379c    0000002c     release_pem4f.oem4f (.text:ti_sysbios_gates_GateHwi_Handle__label__S)
                  000037c8    0000002c     release_pem4f.oem4f (.text:ti_sysbios_gates_GateMutex_Handle__label__S)
                  000037f4    0000002c     release_pem4f.oem4f (.text:ti_sysbios_heaps_HeapMem_Handle__label__S)
                  00003820    0000002c     release_pem4f.oem4f (.text:ti_sysbios_knl_Clock_doTick__I)
                  0000384c    0000002c     release_pem4f.oem4f (.text:ti_sysbios_knl_Queue_construct)
                  00003878    0000002a     msp432e4_driverlib.a : timer.o (.text:TimerLoadSet)
                  000038a2    0000002a                          : timer.o (.text:TimerPrescaleSet)
                  000038cc    00000028     sysbios.aem4f : m3_Hwi_asm.obj (.text:ti_sysbios_family_arm_m3_Hwi_excHandlerAsm__I)
                  000038f4    00000004     --HOLE-- [fill = 0]
                  000038f8    00000028                   : BIOS.obj (.text:ti_sysbios_knl_Clock_addI__E)
                  00003920    00000028                   : BIOS.obj (.text:ti_sysbios_knl_Swi_Module_startup__E)
                  00003948    00000026                   : m3_Hwi_asm.obj (.text:ti_sysbios_family_arm_m3_Hwi_pendSV__I)
                  0000396e    00000002     --HOLE-- [fill = 0]
                  00003970    00000024                   : BIOS.obj (.text:pthread_attr_init)
                  00003994    00000024     release_pem4f.oem4f (.text:ti_sysbios_BIOS_registerRTSLock__I)
                  000039b8    00000024     release_pem4f.oem4f (.text:ti_sysbios_BIOS_removeRTSLock__I)
                  000039dc    00000024     release_pem4f.oem4f (.text:ti_sysbios_gates_GateMutex_Object__delete__S)
                  00003a00    00000024     sysbios.aem4f : BIOS.obj (.text:ti_sysbios_knl_Clock_Module_startup__E)
                  00003a24    00000004     --HOLE-- [fill = 0]
                  00003a28    00000024                   : BIOS.obj (.text:ti_sysbios_knl_Semaphore_Instance_init__E)
                  00003a4c    00000024     release_pem4f.oem4f (.text:ti_sysbios_knl_Semaphore_Object__delete__S)
                  00003a70    00000024     sysbios.aem4f : BIOS.obj (.text:ti_sysbios_knl_Task_restoreHwi__E)
                  00003a94    00000004     --HOLE-- [fill = 0]
                  00003a98    00000024                   : BIOS.obj (.text:xdc_runtime_Error_policyMin__E)
                  00003abc    00000022     msp432e4_driverlib.a : gpio.o (.text:GPIOIntStatus)
                  00003ade    00000002     --HOLE-- [fill = 0]
                  00003ae0    00000022     sysbios.aem4f : BIOS.obj (.text:ti_sysbios_family_arm_lm4_Timer_write__I)
                  00003b02    00000020     msp432e4_driverlib.a : gpio.o (.text:GPIOPinWrite)
                  00003b22    00000020     drivers_msp432e4.aem4f : GPIOMSP432E4.oem4f (.text:getGpioIntIndex)
                  00003b42    00000002     --HOLE-- [fill = 0]
                  00003b44    00000020     release_pem4f.oem4f (.text:ti_sysbios_BIOS_rtsLock__I)
                  00003b64    00000020     release_pem4f.oem4f (.text:ti_sysbios_family_arm_m3_Hwi_Object__delete__S)
                  00003b84    00000004     --HOLE-- [fill = 0]
                  00003b88    00000020     sysbios.aem4f : BIOS.obj (.text:ti_sysbios_family_arm_m3_Hwi_clearInterrupt__E)
                  00003ba8    00000020     release_pem4f.oem4f (.text:ti_sysbios_gates_GateHwi_Object__delete__S)
                  00003bc8    00000020     release_pem4f.oem4f (.text:ti_sysbios_heaps_HeapMem_Object__delete__S)
                  00003be8    00000020     sysbios.aem4f : BIOS.obj (.text:ti_sysbios_knl_Idle_run__E)
                  00003c08    00000020     release_pem4f.oem4f (.text:ti_sysbios_knl_Semaphore_destruct)
                  00003c28    00000020     release_pem4f.oem4f (.text:ti_sysbios_knl_Task_Object__delete__S)
                  00003c48    0000001e     msp432e4_driverlib.a : timer.o (.text:TimerDisable)
                  00003c66    0000001e                          : timer.o (.text:TimerEnable)
                  00003c84    0000001e     sysbios.aem4f : m3_Hwi_asm_switch.obj (.text:ti_sysbios_family_xxx_Hwi_switchAndRunFunc)
                  00003ca2    00000006     --HOLE-- [fill = 0]
                  00003ca8    0000001c                   : BIOS.obj (.text:ti_sysbios_family_arm_m3_Hwi_excHandler__I)
                  00003cc4    00000004     --HOLE-- [fill = 0]
                  00003cc8    0000001c                   : BIOS.obj (.text:ti_sysbios_gates_GateMutex_Instance_init__E)
                  00003ce4    0000001c     release_pem4f.oem4f (.text:ti_sysbios_knl_Queue_destruct)
                  00003d00    0000001c     sysbios.aem4f : BIOS.obj (.text:ti_sysbios_knl_Queue_put__E)
                  00003d1c    00000004     --HOLE-- [fill = 0]
                  00003d20    0000001c                   : BIOS.obj (.text:ti_sysbios_knl_Task_enter__I)
                  00003d3c    00000018     msp432e4_driverlib.a : gpio.o (.text:GPIOPinRead)
                  00003d54    00000018     drivers_msp432e4.aem4f : PowerMSP432E4.oem4f (.text:Power_idleFunc)
                  00003d6c    00000018     msp432e4_driverlib.a : timer.o (.text:TimerIntDisable)
                  00003d84    00000018                          : timer.o (.text:TimerIntEnable)
                  00003d9c    00000018     drivers_msp432e4.aem4f : TimerMSP432E4.oem4f (.text:TimerMSP432E4_getCount)
                  00003db4    00000018     rtsv7M4_T_le_v4SPD16_eabi.lib : args_main.c.obj (.text:_args_main)
                  00003dcc    00000018     release_pem4f.oem4f (.text:ti_sysbios_BIOS_rtsUnlock__I)
                  00003de4    00000018     release_pem4f.oem4f (.text:ti_sysbios_family_arm_lm4_Timer_Module__startupDone__F)
                  00003dfc    00000018     release_pem4f.oem4f (.text:ti_sysbios_family_arm_m3_Hwi_Module__startupDone__F)
                  00003e14    00000018     sysbios.aem4f : m3_TaskSupport_asm.obj (.text:ti_sysbios_family_arm_m3_TaskSupport_swap__E)
                  00003e2c    00000004     --HOLE-- [fill = 0]
                  00003e30    00000018                   : BIOS.obj (.text:ti_sysbios_gates_GateMutex_leave__E)
                  00003e48    00000018                   : BIOS.obj (.text:xdc_runtime_Error_init__E)
                  00003e60    00000018                   : BIOS.obj (.text:xdc_runtime_System_exit__E)
                  00003e78    00000016     release_pem4f.oem4f (.text:ti_sysbios_BIOS_exitFunc__I)
                  00003e8e    00000014     msp432e4_driverlib.a : gpio.o (.text:GPIOIntClear)
                  00003ea2    00000006     --HOLE-- [fill = 0]
                  00003ea8    00000014     sysbios.aem4f : BIOS.obj (.text:pthread_attr_setschedparam)
                  00003ebc    00000014     release_pem4f.oem4f (.text:ti_sysbios_family_arm_m3_Hwi_Object__get__S)
                  00003ed0    00000014     sysbios.aem4f : BIOS.obj (.text:ti_sysbios_family_arm_m3_Hwi_switchFromBootStack__E)
                  00003ee4    00000014     release_pem4f.oem4f (.text:ti_sysbios_heaps_HeapMem_Object__get__S)
                  00003ef8    00000014     release_pem4f.oem4f (.text:ti_sysbios_knl_Swi_Object__get__S)
                  00003f0c    00000014     release_pem4f.oem4f (.text:ti_sysbios_knl_Task_Object__first__S)
                  00003f20    00000014     release_pem4f.oem4f (.text:ti_sysbios_knl_Task_Object__next__S)
                  00003f34    00000012     dpl_msp432e4.aem4f : SemaphoreP_tirtos.oem4f (.text:SemaphoreP_pend)
                  00003f46    00000012     msp432e4_driverlib.a : timer.o (.text:TimerIntClear)
                  00003f58    00000012     sysbios.aem4f : BIOS.obj (.text:_pthread_runStub$43)
                  00003f6a    00000006     --HOLE-- [fill = 0]
                  00003f70    00000012                   : BIOS.obj (.text:ti_sysbios_hal_Hwi_Module_startup__E)
                  00003f82    00000012     release_pem4f.oem4f (.text:xdc_runtime_Startup_exec__I)
                  00003f94    00000010     release_pem4f.oem4f (.text:.bootCodeSection:ti_sysbios_family_arm_msp432e4_init_Boot_init__I)
                  00003fa4    00000010     dpl_msp432e4.aem4f : HwiP_tirtos.oem4f (.text:HwiP_Params_init)
                  00003fb4    00000010                        : PowerMSP432E4_tirtos.oem4f (.text:PowerMSP432E4_sleepPolicy)
                  00003fc4    00000010     drivers_msp432e4.aem4f : Timer.oem4f (.text:Timer_Params_init)
                  00003fd4    00000004     --HOLE-- [fill = 0]
                  00003fd8    00000010     sysbios.aem4f : BIOS.obj (.text:ti_sysbios_BIOS_getCpuFreq__E)
                  00003fe8    00000010                   : BIOS.obj (.text:ti_sysbios_BIOS_setThreadType__E)
                  00003ff8    00000010                   : BIOS.obj (.text:ti_sysbios_BIOS_start__E)
                  00004008    00000010                   : m3_TaskSupport_asm.obj (.text:ti_sysbios_family_arm_m3_TaskSupport_glue)
                  00004018    00000010                   : BIOS.obj (.text:ti_sysbios_gates_GateMutex_Instance_finalize__E)
                  00004028    00000010     release_pem4f.oem4f (.text:ti_sysbios_knl_Mailbox_Object__get__S)
                  00004038    00000010     sysbios.aem4f : BIOS.obj (.text:ti_sysbios_knl_Semaphore_Instance_finalize__E)
                  00004048    00000010                   : BIOS.obj (.text:ti_sysbios_knl_Swi_disable__E)
                  00004058    00000010     release_pem4f.oem4f (.text:ti_sysbios_knl_Task_Object__get__S)
                  00004068    00000010     sysbios.aem4f : BIOS.obj (.text:ti_sysbios_knl_Task_disable__E)
                  00004078    00000010                   : BIOS.obj (.text:xdc_runtime_Memory_free__E)
                  00004088    00000010                   : BIOS.obj (.text:xdc_runtime_SysCallback_abort__E)
                  00004098    00000010                   : BIOS.obj (.text:xdc_runtime_SysCallback_exit__E)
                  000040a8    0000000e     rtsv7M4_T_le_v4SPD16_eabi.lib : copy_decompress_none.c.obj (.text:decompress:none:__TI_decompress_none)
                  000040b6    00000002     --HOLE-- [fill = 0]
                  000040b8    0000000e     sysbios.aem4f : BIOS.obj (.text:pthread_attr_setdetachstate)
                  000040c6    00000002     --HOLE-- [fill = 0]
                  000040c8    0000000e                   : BIOS.obj (.text:ti_sysbios_knl_Idle_loop__E)
                  000040d6    00000002     --HOLE-- [fill = 0]
                  000040d8    0000000e                   : BIOS.obj (.text:ti_sysbios_knl_Queue_empty__E)
                  000040e6    0000000e     timerled.obj (.text:timerCallback)
                  000040f4    0000000c     dpl_msp432e4.aem4f : HwiP_tirtos.oem4f (.text:HwiP_delete)
                  00004100    0000000c                        : SemaphoreP_tirtos.oem4f (.text:SemaphoreP_delete)
                  0000410c    0000000c     rtsv7M4_T_le_v4SPD16_eabi.lib : _lock.c.obj (.text:_register_lock)
                  00004118    0000000c                                   : _lock.c.obj (.text:_register_unlock)
                  00004124    0000000c                                   : copy_zero_init.c.obj (.text:decompress:ZI:__TI_zero_init)
                  00004130    0000000c     sysbios.aem4f : BIOS.obj (.text:ti_sysbios_family_arm_lm4_Timer_getMaxTicks__E)
                  0000413c    0000000c     release_pem4f.oem4f (.text:ti_sysbios_family_arm_m3_Hwi_Params__init__S)
                  00004148    0000000c     sysbios.aem4f : BIOS.obj (.text:ti_sysbios_family_arm_m3_Hwi_disableFxn__E)
                  00004154    00000004     --HOLE-- [fill = 0]
                  00004158    0000000c                   : BIOS.obj (.text:ti_sysbios_family_arm_m3_TaskSupport_getStackAlignment__E)
                  00004164    00000004     --HOLE-- [fill = 0]
                  00004168    0000000c                   : BIOS.obj (.text:ti_sysbios_gates_GateHwi_enter__E)
                  00004174    0000000c     release_pem4f.oem4f (.text:ti_sysbios_knl_Queue_Object__get__S)
                  00004180    0000000c     release_pem4f.oem4f (.text:ti_sysbios_knl_Semaphore_Params__init__S)
                  0000418c    0000000c     release_pem4f.oem4f (.text:ti_sysbios_knl_Task_Params__init__S)
                  00004198    0000000c     sysbios.aem4f : BIOS.obj (.text:ti_sysbios_rts_ti_ReentSupport_taskRegHook__I)
                  000041a4    00000004     --HOLE-- [fill = 0]
                  000041a8    0000000c                   : BIOS.obj (.text:xdc_runtime_Startup_rtsDone__E)
                  000041b4    0000000a     main_tirtos.obj (.text:NDK_hookInit)
                  000041be    0000000a     drivers_msp432e4.aem4f : Timer.oem4f (.text:Timer_start)
                  000041c8    0000000a     release_pem4f.oem4f (.text:xdc_runtime_IHeap_alloc)
                  000041d2    0000000a     release_pem4f.oem4f (.text:xdc_runtime_IHeap_free)
                  000041dc    00000008     dpl_msp432e4.aem4f : SemaphoreP_tirtos.oem4f (.text:SemaphoreP_Params_init)
                  000041e4    00000004     --HOLE-- [fill = 0]
                  000041e8    00000008     sysbios.aem4f : BIOS.obj (.text:pthread_attr_setstacksize)
                  000041f0    00000008                   : BIOS.obj (.text:ti_sysbios_family_arm_lm4_Timer_masterDisable__I)
                  000041f8    00000008                   : BIOS.obj (.text:ti_sysbios_family_arm_m3_Hwi_doSwiRestore__I)
                  00004200    00000008                   : BIOS.obj (.text:ti_sysbios_family_arm_m3_Hwi_startup__E)
                  00004208    00000006                   : BIOS.obj (.text:ti_sysbios_family_arm_m3_Hwi_doTaskRestore__I)
                  0000420e    00000002     --HOLE-- [fill = 0]
                  00004210    00000006                   : BIOS.obj (.text:ti_sysbios_family_arm_m3_Hwi_restoreFxn__E)
                  00004216    00000002     --HOLE-- [fill = 0]
                  00004218    00000006                   : BIOS.obj (.text:ti_sysbios_gates_GateHwi_leave__E)
                  0000421e    00000002     --HOLE-- [fill = 0]
                  00004220    00000006                   : BIOS.obj (.text:ti_sysbios_heaps_HeapMem_isBlocking__E)
                  00004226    00000002     --HOLE-- [fill = 0]
                  00004228    00000006                   : BIOS.obj (.text:ti_sysbios_knl_Queue_Instance_init__E)
                  0000422e    00000002     --HOLE-- [fill = 0]
                  00004230    00000006                   : BIOS.obj (.text:ti_sysbios_knl_Swi_startup__E)
                  00004236    00000002     --HOLE-- [fill = 0]
                  00004238    00000006                   : BIOS.obj (.text:xdc_runtime_System_Module_startup__E)
                  0000423e    00000002     --HOLE-- [fill = 0]
                  00004240    00000004                   : BIOS.obj (.text:ti_sysbios_gates_GateHwi_query__E)
                  00004244    00000004     --HOLE-- [fill = 0]
                  00004248    00000004                   : BIOS.obj (.text:ti_sysbios_gates_GateMutex_query__E)
                  0000424c    00000004     --HOLE-- [fill = 0]
                  00004250    00000004                   : BIOS.obj (.text:ti_sysbios_knl_Task_startup__E)
                  00004254    00000004     --HOLE-- [fill = 0]
                  00004258    00000002                   : BIOS.obj (.text:ti_sysbios_BIOS_linkedWithIncorrectBootLibrary__E)
                  0000425a    00000006     --HOLE-- [fill = 0]
                  00004260    00000002                   : BIOS.obj (.text:ti_sysbios_gates_GateHwi_Instance_init__E)
                  00004262    00000006     --HOLE-- [fill = 0]
                  00004268    00000002                   : BIOS.obj (.text:ti_sysbios_knl_Clock_logTick__E)
                  0000426a    00000006     --HOLE-- [fill = 0]
                  00004270    00000002                   : BIOS.obj (.text:xdc_runtime_SysCallback_defaultAbort)
                  00004272    00000006     --HOLE-- [fill = 0]
                  00004278    00000002                   : BIOS.obj (.text:xdc_runtime_SysCallback_defaultExit)
                  0000427a    00000006     --HOLE-- [fill = 0]
                  00004280    00000002                   : BIOS.obj (.text:xdc_runtime_System_abortSpin__E)
                  00004282    00000006     --HOLE-- [fill = 0]
                  00004288    00000002                   : BIOS.obj (.text:xdc_runtime_System_exitSpin__E)

.const     0    0000428c    000006f4     
                  0000428c    00000210     sysbios.aem4f : BIOS.obj (.const:$O2$$)
                  0000449c    00000048     drivers_msp432e4.aem4f : GPIOMSP432E4.oem4f (.const:gpioBaseAddresses)
                  000044e4    00000048                            : GPIOMSP432E4.oem4f (.const:powerMgrIds)
                  0000452c    0000003c     release_pem4f.oem4f (.const:ti_sysbios_knl_Task_Object__PARAMS__C)
                  00004568    00000030     release_pem4f.oem4f (.const:ti_sysbios_family_arm_m3_Hwi_Object__PARAMS__C)
                  00004598    00000030     release_pem4f.oem4f (.const:ti_sysbios_knl_Task_hooks__A)
                  000045c8    00000028     release_pem4f.oem4f (.const:ti_sysbios_heaps_HeapMem_Module__FXNS__C)
                  000045f0    00000024     release_pem4f.oem4f (.const:ti_sysbios_gates_GateHwi_Module__FXNS__C)
                  00004614    00000024     release_pem4f.oem4f (.const:ti_sysbios_gates_GateMutex_Module__FXNS__C)
                  00004638    00000024     release_pem4f.oem4f (.const:ti_sysbios_heaps_HeapMem_Object__PARAMS__C)
                  0000465c    00000024     release_pem4f.oem4f (.const:ti_sysbios_knl_Semaphore_Object__PARAMS__C)
                  00004680    00000020     drivers_msp432e4.aem4f : GPIOMSP432E4.oem4f (.const:.string:gpioInterruptVectors)
                  000046a0    00000020                            : TimerMSP432E4.oem4f (.const:TimerMSP432E4_fxnTable)
                  000046c0    00000020     release_pem4f.oem4f (.const:ti_sysbios_family_arm_m3_Hwi_Object__DESC__C)
                  000046e0    00000020     release_pem4f.oem4f (.const:ti_sysbios_gates_GateHwi_Object__DESC__C)
                  00004700    00000020     release_pem4f.oem4f (.const:ti_sysbios_gates_GateMutex_Object__DESC__C)
                  00004720    00000020     release_pem4f.oem4f (.const:ti_sysbios_heaps_HeapMem_Object__DESC__C)
                  00004740    00000020     release_pem4f.oem4f (.const:ti_sysbios_knl_Queue_Object__DESC__C)
                  00004760    00000020     release_pem4f.oem4f (.const:ti_sysbios_knl_Semaphore_Object__DESC__C)
                  00004780    00000020     release_pem4f.oem4f (.const:ti_sysbios_knl_Task_Object__DESC__C)
                  000047a0    00000020     release_pem4f.oem4f (.const:xdc_runtime_Startup_sfxnTab__A)
                  000047c0    00000018     release_pem4f.oem4f (.const:ti_sysbios_gates_GateHwi_Object__PARAMS__C)
                  000047d8    00000018     release_pem4f.oem4f (.const:ti_sysbios_gates_GateMutex_Object__PARAMS__C)
                  000047f0    00000018     release_pem4f.oem4f (.const:ti_sysbios_knl_Queue_Object__PARAMS__C)
                  00004808    00000014     ti_drivers_config.obj (.const:GPIOMSP432E4_config)
                  0000481c    00000010     ti_drivers_config.obj (.const:timerMSP432E4HWAttrs)
                  0000482c    00000010     release_pem4f.oem4f (.const:xdc_runtime_Startup_firstFxns__A)
                  0000483c    00000010     release_pem4f.oem4f (.const:xdc_runtime_Startup_sfxnRts__A)
                  0000484c    0000000c     ti_drivers_config.obj (.const:Timer_config)
                  00004858    0000000c     drivers_msp432e4.aem4f : Timer.oem4f (.const:defaultParams)
                  00004864    0000000c     release_pem4f.oem4f (.const:ti_sysbios_knl_Idle_funcList__A)
                  00004870    00000008     ti_drivers_config.obj (.const:PowerMSP432E4_config)
                  00004878    00000008     release_pem4f.oem4f (.const:ti_sysbios_knl_Idle_funcList__C)
                  00004880    00000008     release_pem4f.oem4f (.const:ti_sysbios_knl_Task_hooks__C)
                  00004888    00000008     release_pem4f.oem4f (.const:xdc_runtime_Startup_firstFxns__C)
                  00004890    00000008     release_pem4f.oem4f (.const:xdc_runtime_Startup_lastFxns__C)
                  00004898    00000007     drivers_msp432e4.aem4f : GPIOMSP432E4.oem4f (.const:.string:outPinStrengths)
                  0000489f    00000006                            : GPIOMSP432E4.oem4f (.const:.string:interruptType)
                  000048a5    00000004                            : GPIOMSP432E4.oem4f (.const:.string:outPinTypes)
                  000048a9    00000003                            : GPIOMSP432E4.oem4f (.const:.string:inPinTypes)
                  000048ac    00000004     release_pem4f.oem4f (.const:ti_sysbios_family_arm_lm4_Timer_enableFunc__C)
                  000048b0    00000004     release_pem4f.oem4f (.const:ti_sysbios_family_arm_lm4_Timer_numTimerDevices__C)
                  000048b4    00000004     release_pem4f.oem4f (.const:ti_sysbios_family_arm_lm4_Timer_startupNeeded__C)
                  000048b8    00000004     release_pem4f.oem4f (.const:ti_sysbios_family_arm_m3_Hwi_E_alreadyDefined__C)
                  000048bc    00000004     release_pem4f.oem4f (.const:ti_sysbios_family_arm_m3_Hwi_E_badIntNum__C)
                  000048c0    00000004     release_pem4f.oem4f (.const:ti_sysbios_family_arm_m3_Hwi_NUM_INTERRUPTS__C)
                  000048c4    00000004     release_pem4f.oem4f (.const:ti_sysbios_family_arm_m3_Hwi_Object__count__C)
                  000048c8    00000004     release_pem4f.oem4f (.const:ti_sysbios_family_arm_m3_Hwi_ccr__C)
                  000048cc    00000004     release_pem4f.oem4f (.const:ti_sysbios_family_arm_m3_Hwi_excHandlerFunc__C)
                  000048d0    00000004     release_pem4f.oem4f (.const:ti_sysbios_family_arm_m3_Hwi_nullIsrFunc__C)
                  000048d4    00000004     release_pem4f.oem4f (.const:ti_sysbios_family_arm_m3_Hwi_priGroup__C)
                  000048d8    00000004     release_pem4f.oem4f (.const:ti_sysbios_family_arm_m3_TaskSupport_stackAlignment__C)
                  000048dc    00000004     release_pem4f.oem4f (.const:ti_sysbios_gates_GateMutex_Instance_State_sem__O)
                  000048e0    00000004     release_pem4f.oem4f (.const:ti_sysbios_heaps_HeapMem_E_memory__C)
                  000048e4    00000004     release_pem4f.oem4f (.const:ti_sysbios_heaps_HeapMem_Module__gateObj__C)
                  000048e8    00000004     release_pem4f.oem4f (.const:ti_sysbios_heaps_HeapMem_Object__count__C)
                  000048ec    00000004     release_pem4f.oem4f (.const:ti_sysbios_heaps_HeapMem_primaryHeapBaseAddr__C)
                  000048f0    00000004     release_pem4f.oem4f (.const:ti_sysbios_heaps_HeapMem_primaryHeapEndAddr__C)
                  000048f4    00000004     release_pem4f.oem4f (.const:ti_sysbios_heaps_HeapMem_reqAlign__C)
                  000048f8    00000004     release_pem4f.oem4f (.const:ti_sysbios_knl_Clock_Module_State_clockQ__O)
                  000048fc    00000004     release_pem4f.oem4f (.const:ti_sysbios_knl_Mailbox_Instance_State_freeQue__O)
                  00004900    00000004     release_pem4f.oem4f (.const:ti_sysbios_knl_Mailbox_Object__count__C)
                  00004904    00000004     release_pem4f.oem4f (.const:ti_sysbios_knl_Mailbox_maxTypeAlign__C)
                  00004908    00000004     release_pem4f.oem4f (.const:ti_sysbios_knl_Semaphore_Instance_State_pendQ__O)
                  0000490c    00000004     release_pem4f.oem4f (.const:ti_sysbios_knl_Swi_Object__count__C)
                  00004910    00000004     release_pem4f.oem4f (.const:ti_sysbios_knl_Task_E_deleteNotAllowed__C)
                  00004914    00000004     release_pem4f.oem4f (.const:ti_sysbios_knl_Task_Module_State_inactiveQ__O)
                  00004918    00000004     release_pem4f.oem4f (.const:ti_sysbios_knl_Task_Module_State_terminatedQ__O)
                  0000491c    00000004     release_pem4f.oem4f (.const:ti_sysbios_knl_Task_Object__count__C)
                  00004920    00000004     release_pem4f.oem4f (.const:ti_sysbios_knl_Task_Object__heap__C)
                  00004924    00000004     release_pem4f.oem4f (.const:ti_sysbios_knl_Task_allBlockedFunc__C)
                  00004928    00000004     release_pem4f.oem4f (.const:ti_sysbios_knl_Task_defaultStackHeap__C)
                  0000492c    00000004     release_pem4f.oem4f (.const:ti_sysbios_knl_Task_defaultStackSize__C)
                  00004930    00000004     release_pem4f.oem4f (.const:ti_sysbios_knl_Task_numConstructedTasks__C)
                  00004934    00000004     release_pem4f.oem4f (.const:xdc_runtime_Error_E_memory__C)
                  00004938    00000004     release_pem4f.oem4f (.const:xdc_runtime_Error_policyFxn__C)
                  0000493c    00000004     release_pem4f.oem4f (.const:xdc_runtime_IGateProvider_Interface__BASE__C)
                  00004940    00000004     release_pem4f.oem4f (.const:xdc_runtime_IHeap_Interface__BASE__C)
                  00004944    00000004     release_pem4f.oem4f (.const:xdc_runtime_IModule_Interface__BASE__C)
                  00004948    00000004     release_pem4f.oem4f (.const:xdc_runtime_Memory_defaultHeapInstance__C)
                  0000494c    00000004     release_pem4f.oem4f (.const:xdc_runtime_Startup_execImpl__C)
                  00004950    00000004     release_pem4f.oem4f (.const:xdc_runtime_Startup_maxPasses__C)
                  00004954    00000004     release_pem4f.oem4f (.const:xdc_runtime_Startup_sfxnRts__C)
                  00004958    00000004     release_pem4f.oem4f (.const:xdc_runtime_Startup_sfxnTab__C)
                  0000495c    00000004     release_pem4f.oem4f (.const:xdc_runtime_SysCallback_abortFxn__C)
                  00004960    00000004     release_pem4f.oem4f (.const:xdc_runtime_SysCallback_exitFxn__C)
                  00004964    00000004     release_pem4f.oem4f (.const:xdc_runtime_System_Module__gateObj__C)
                  00004968    00000004     release_pem4f.oem4f (.const:xdc_runtime_System_abortFxn__C)
                  0000496c    00000004     release_pem4f.oem4f (.const:xdc_runtime_System_exitFxn__C)
                  00004970    00000004     release_pem4f.oem4f (.const:xdc_runtime_System_maxAtexitHandlers__C)
                  00004974    00000003     ti_drivers_config.obj (.const)
                  00004977    00000001     release_pem4f.oem4f (.const:xdc_runtime_Error_policy__C)
                  00004978    00000002     release_pem4f.oem4f (.const:ti_sysbios_family_arm_m3_Hwi_Module__id__C)
                  0000497a    00000002     release_pem4f.oem4f (.const:ti_sysbios_heaps_HeapMem_Module__id__C)
                  0000497c    00000002     release_pem4f.oem4f (.const:ti_sysbios_knl_Task_Module__id__C)
                  0000497e    00000002     release_pem4f.oem4f (.const:xdc_runtime_Memory_Module__id__C)

.cinit     0    00004980    00000740     
                  00004980    00000718     (.cinit..data.load) [load image]
                  00005098    0000000c     (__TI_handler_table)
                  000050a4    00000004     --HOLE-- [fill = 0]
                  000050a8    00000008     (.cinit..bss.load) [load image, compression = zero_init]
                  000050b0    00000010     (__TI_cinit_table)

.init_array 
*          0    00000000    00000000     UNINITIALIZED

.bss       0    20020360    00004e4c     UNINITIALIZED
                  20020360    00004a00     release_pem4f.oem4f (.bss:taskStackSection)
                  20024d60    00000360     (.common:ti_sysbios_family_arm_m3_Hwi_dispatchTable)
                  200250c0    00000090     drivers_msp432e4.aem4f : GPIOMSP432E4.oem4f (.bss:gpioCallbackInfo)
                  20025150    00000034     (.common:timerMSP432E4Objects)
                  20025184    00000008     (.common:ti_sysbios_knl_Task_Instance_State_0_hookEnv__A)
                  2002518c    00000008     (.common:ti_sysbios_knl_Task_Instance_State_1_hookEnv__A)
                  20025194    00000008     (.common:ti_sysbios_knl_Task_Instance_State_2_hookEnv__A)
                  2002519c    00000008     (.common:ti_sysbios_knl_Task_Instance_State_3_hookEnv__A)
                  200251a4    00000004                            : GPIOMSP432E4.oem4f (.bss)
                  200251a8    00000004                            : TimerMSP432E4.oem4f (.bss:timerState)

.data      0    200251ac    00000710     UNINITIALIZED
                  200251ac    0000016c     drivers_msp432e4.aem4f : PowerMSP432E4.oem4f (.data:PowerMSP432E4_module)
                  20025318    00000130     release_pem4f.oem4f (.data:ti_sysbios_knl_Task_Object__table__V)
                  20025448    0000008c     sysbios.aem4f : BIOS.obj (.data:$O1$$)
                  200254d4    00000080     release_pem4f.oem4f (.data:ti_sysbios_knl_Swi_Module_State_0_readyQ__A)
                  20025554    00000080     release_pem4f.oem4f (.data:ti_sysbios_knl_Task_Module_State_0_readyQ__A)
                  200255d4    00000054     release_pem4f.oem4f (.data:ti_sysbios_gates_GateMutex_Object__table__V)
                  20025628    00000044     release_pem4f.oem4f (.data:ti_sysbios_knl_Task_Module__state__V)
                  2002566c    00000040     release_pem4f.oem4f (.data:ti_sysbios_family_arm_lm4_Timer_Module_State_0_device__A)
                  200256ac    00000040     release_pem4f.oem4f (.data:ti_sysbios_family_arm_lm4_Timer_Object__table__V)
                  200256ec    00000034     release_pem4f.oem4f (.data:ti_sysbios_family_arm_m3_Hwi_Module__state__V)
                  20025720    00000030     release_pem4f.oem4f (.data:ti_sysbios_knl_Swi_Object__table__V)
                  20025750    0000002c     release_pem4f.oem4f (.data:ti_sysbios_knl_Clock_Module__state__V)
                  2002577c    00000024     release_pem4f.oem4f (.data:ti_sysbios_BIOS_Module__state__V)
                  200257a0    00000020     release_pem4f.oem4f (.data:ti_sysbios_family_arm_lm4_Timer_Module_State_0_handles__A)
                  200257c0    00000020     release_pem4f.oem4f (.data:xdc_runtime_Error_IgnoreBlock)
                  200257e0    0000001c     release_pem4f.oem4f (.data:ti_sysbios_knl_Swi_Module__state__V)
                  200257fc    00000018     release_pem4f.oem4f (.data:ti_sysbios_family_arm_m3_Hwi_Object__table__V)
                  20025814    00000018     release_pem4f.oem4f (.data:ti_sysbios_heaps_HeapMem_Object__table__V)
                  2002582c    0000000c     release_pem4f.oem4f (.data:ti_sysbios_family_arm_lm4_Timer_Module__state__V)
                  20025838    00000008     rtsv7M4_T_le_v4SPD16_eabi.lib : _lock.c.obj (.data:$O1$$)
                  20025840    00000008     release_pem4f.oem4f (.data:ti_sysbios_family_arm_m3_Hwi_Module__root__V)
                  20025848    00000008     release_pem4f.oem4f (.data:ti_sysbios_gates_GateHwi_Module__root__V)
                  20025850    00000008     release_pem4f.oem4f (.data:ti_sysbios_gates_GateMutex_Module__root__V)
                  20025858    00000008     release_pem4f.oem4f (.data:ti_sysbios_heaps_HeapMem_Module__root__V)
                  20025860    00000008     release_pem4f.oem4f (.data:ti_sysbios_knl_Queue_Module__root__V)
                  20025868    00000008     release_pem4f.oem4f (.data:ti_sysbios_knl_Semaphore_Module__root__V)
                  20025870    00000008     release_pem4f.oem4f (.data:ti_sysbios_knl_Task_Module__root__V)
                  20025878    00000008     release_pem4f.oem4f (.data:xdc_runtime_Startup_Module__state__V)
                  20025880    00000008     release_pem4f.oem4f (.data:xdc_runtime_System_Module_State_0_atexitHandlers__A)
                  20025888    00000008     release_pem4f.oem4f (.data:xdc_runtime_System_Module__state__V)
                  20025890    00000005     drivers_msp432e4.aem4f : GPIOMSP432E4.oem4f (.data)
                  20025895    00000001                            : Timer.oem4f (.data)
                  20025896    00000002     release_pem4f.oem4f (.data:ti_sysbios_family_arm_m3_Hwi_Module_State_0_excActive__A)
                  20025898    00000004     ti_drivers_config.obj (.data:gpioCallbackFunctions)
                  2002589c    00000004     ti_drivers_config.obj (.data:gpioPinConfigs)
                  200258a0    00000004     rtsv7M4_T_le_v4SPD16_eabi.lib : stkdepth_vars.c.obj (.data)
                  200258a4    00000004     release_pem4f.oem4f (.data:ti_sysbios_family_arm_m3_Hwi_Module_State_0_excContext__A)
                  200258a8    00000004     release_pem4f.oem4f (.data:ti_sysbios_family_arm_m3_Hwi_Module_State_0_excStack__A)
                  200258ac    00000004     release_pem4f.oem4f (.data:ti_sysbios_gates_GateHwi_Object__table__V)
                  200258b0    00000004     release_pem4f.oem4f (.data:ti_sysbios_knl_Task_Module_State_0_idleTask__A)
                  200258b4    00000004     release_pem4f.oem4f (.data:ti_sysbios_rts_ti_ReentSupport_Module__state__V)
                  200258b8    00000004     release_pem4f.oem4f (.data:xdc_runtime_Memory_Module__state__V)

.priheap   0    20000360    00020000     UNINITIALIZED
                  20000360    00020000     --HOLE--

.stack     0    2003fc00    00000400     UNINITIALIZED
                  2003fc00    00000400     --HOLE--

.bootVecs 
*          0    00000000    00000008     DSECT
                  00000000    00000008     boot.aem4f : boot.oem4f (.bootVecs)

.resetVecs 
*          0    00000000    0000003c     
                  00000000    0000003c     release_pem4f.oem4f (.resetVecs)

.vecs      0    20000000    00000360     NOLOAD SECTION
                  20000000    00000360     release_pem4f.oem4f (.vecs)

xdc.meta   0    00000000    00000102     COPY SECTION
                  00000000    00000102     release_pem4f.oem4f (xdc.meta)

xdc.noload 
*          0    00000000    00000000     COPY SECTION

__llvm_prf_cnts 
*          0    20000000    00000000     UNINITIALIZED

.binit     0    00000000    00000000     

MODULE SUMMARY

       Module                       code    ro data   rw data
       ------                       ----    -------   -------
    ./
       timerled.obj                 118     0         0      
       main_tirtos.obj              110     0         0      
    +--+----------------------------+-------+---------+---------+
       Total:                       228     0         0      
                                                             
    ./syscfg/
       ti_drivers_config.obj        50      59        60     
    +--+----------------------------+-------+---------+---------+
       Total:                       50      59        60     
                                                             
    /home/steve0gillet/workspace_v12/tirtos_builds_MSP_EXP432E401Y_release_ccs/Debug/configPkg/package/cfg/
       release_pem4f.oem4f          1462    1013      21982  
    +--+----------------------------+-------+---------+---------+
       Total:                       1462    1013      21982  
                                                             
    /home/steve0gillet/ti/ccs1200/ccs/tools/compiler/ti-cgt-arm_20.2.7.LTS/lib/rtsv7M4_T_le_v4SPD16_eabi.lib
       memcpy_t2.asm.obj            156     0         0      
       memset_t2.asm.obj            122     0         0      
       copy_decompress_lzss.c.obj   104     0         0      
       cpy_tbl.c.obj                76      0         0      
       _lock.c.obj                  26      0         8      
       args_main.c.obj              24      0         0      
       copy_decompress_none.c.obj   14      0         0      
       copy_zero_init.c.obj         12      0         0      
       stkdepth_vars.c.obj          0       0         4      
    +--+----------------------------+-------+---------+---------+
       Total:                       534     0         12     
                                                             
    /home/steve0gillet/ti/simplelink_msp432e4_sdk_4_20_00_12/kernel/tirtos/packages/ti/dpl/lib/dpl_msp432e4.aem4f
       SemaphoreP_tirtos.oem4f      146     0         0      
       HwiP_tirtos.oem4f            100     0         0      
       PowerMSP432E4_tirtos.oem4f   16      0         0      
       ClockP_tirtos.oem4f          4       0         0      
    +--+----------------------------+-------+---------+---------+
       Total:                       266     0         0      
                                                             
    /home/steve0gillet/ti/simplelink_msp432e4_sdk_4_20_00_12/kernel/tirtos/packages/ti/targets/arm/rtsarm/lib/auto_init.aem4f
       auto_init.oem4f              160     0         0      
    +--+----------------------------+-------+---------+---------+
       Total:                       160     0         0      
                                                             
    /home/steve0gillet/ti/simplelink_msp432e4_sdk_4_20_00_12/kernel/tirtos/packages/ti/targets/arm/rtsarm/lib/boot.aem4f
       boot.oem4f                   88      0         0      
    +--+----------------------------+-------+---------+---------+
       Total:                       88      0         0      
                                                             
    /home/steve0gillet/ti/simplelink_msp432e4_sdk_4_20_00_12/source/ti/devices/msp432e4/driverlib/lib/ccs/m4f/msp432e4_driverlib.a
       gpio.o                       936     0         0      
       sysctl.o                     564     0         0      
       timer.o                      264     0         0      
    +--+----------------------------+-------+---------+---------+
       Total:                       1764    0         0      
                                                             
    /home/steve0gillet/ti/simplelink_msp432e4_sdk_4_20_00_12/source/ti/drivers/lib/drivers_msp432e4.aem4f
       GPIOMSP432E4.oem4f           948     196       153    
       TimerMSP432E4.oem4f          1168    32        4      
       PowerMSP432E4.oem4f          336     0         364    
       Timer.oem4f                  158     12        1      
    +--+----------------------------+-------+---------+---------+
       Total:                       2610    240       522    
                                                             
    /home/steve0gillet/workspace_v12/tirtos_builds_MSP_EXP432E401Y_release_ccs/src/sysbios/sysbios.aem4f
       BIOS.obj                     8980    528       140    
       m3_Hwi_asm.obj               318     0         0      
       m3_TaskSupport_asm.obj       180     0         0      
       m3_Hwi_asm_switch.obj        118     0         0      
    +--+----------------------------+-------+---------+---------+
       Total:                       9596    528       140    
                                                             
       Stack:                       0       0         1024   
       Linker Generated:            0       1852      0      
    +--+----------------------------+-------+---------+---------+
       Grand Total:                 16758   3692      23740  


LINKER GENERATED COPY TABLES

__TI_cinit_table @ 000050b0 records: 2, size/record: 8, table size: 16
	.data: load addr=00004980, load size=00000718 bytes, run addr=200251ac, run size=00000710 bytes, compression=copy
	.bss: load addr=000050a8, load size=00000008 bytes, run addr=20020360, run size=00004e4c bytes, compression=zero_init


LINKER GENERATED HANDLER TABLE

__TI_handler_table @ 00005098 records: 3, size/record: 4, table size: 12
	index: 0, handler: __TI_decompress_lzss
	index: 1, handler: __TI_decompress_none
	index: 2, handler: __TI_zero_init


GLOBAL SYMBOLS: SORTED ALPHABETICALLY BY Name 

address   name                                                            
-------   ----                                                            
000034a5  Board_init                                                      
0000051b  Board_initHook                                                  
00004974  CONFIG_GPIO_LED_0_CONST                                         
00004975  CONFIG_TIMER_0_CONST                                            
000007f5  ClockP_getCpuFreq                                               
00002439  GPIODirModeSet                                                  
00003e8f  GPIOIntClear                                                    
00003abd  GPIOIntStatus                                                   
000014ad  GPIOIntTypeSet                                                  
00004808  GPIOMSP432E4_config                                             
000002e1  GPIOPadConfigSet                                                
00003d3d  GPIOPinRead                                                     
00003b03  GPIOPinWrite                                                    
00001f6d  GPIO_hwiIntFxn                                                  
00001401  GPIO_init                                                       
0000260d  GPIO_setCallback                                                
0000051d  GPIO_setConfig                                                  
00002811  GPIO_toggle                                                     
00002715  GPIO_write                                                      
00020000  HEAPSIZE                                                        
00003fa5  HwiP_Params_init                                                
00000d7d  HwiP_clearInterrupt                                             
00002fa5  HwiP_create                                                     
000040f5  HwiP_delete                                                     
000011d5  HwiP_disable                                                    
00004211  HwiP_restore                                                    
000041b5  NDK_hookInit                                                    
00004870  PowerMSP432E4_config                                            
200251ac  PowerMSP432E4_module                                            
00003fb5  PowerMSP432E4_sleepPolicy                                       
00003d55  Power_idleFunc                                                  
000021e1  Power_init                                                      
00001e91  Power_releaseDependency                                         
00001fd5  Power_setDependency                                             
UNDEFED   SHT$$INIT_ARRAY$$Base                                           
UNDEFED   SHT$$INIT_ARRAY$$Limit                                          
000041dd  SemaphoreP_Params_init                                          
00003229  SemaphoreP_create                                               
00003719  SemaphoreP_createBinary                                         
00004101  SemaphoreP_delete                                               
00003f35  SemaphoreP_pend                                                 
00001295  SemaphoreP_post                                                 
00003745  SysCtlPeripheralClockGating                                     
00002fe5  SysCtlPeripheralDisable                                         
00003025  SysCtlPeripheralEnable                                          
00003065  SysCtlPeripheralPowerOff                                        
000030a5  SysCtlPeripheralPowerOn                                         
00002d71  SysCtlPeripheralPresent                                         
00002db5  SysCtlPeripheralReady                                           
000030e5  SysCtlPeripheralSleepDisable                                    
00003125  SysCtlPeripheralSleepEnable                                     
00003399  TimerControlStall                                               
00003c49  TimerDisable                                                    
00003c67  TimerEnable                                                     
00003f47  TimerIntClear                                                   
00003d6d  TimerIntDisable                                                 
00003d85  TimerIntEnable                                                  
00003879  TimerLoadSet                                                    
0000203d  TimerMSP432E4_allocateTimerResource                             
000033cf  TimerMSP432E4_close                                             
00001d33  TimerMSP432E4_control                                           
0000299d  TimerMSP432E4_freeTimerResource                                 
000046a0  TimerMSP432E4_fxnTable                                          
00003d9d  TimerMSP432E4_getCount                                          
00001b27  TimerMSP432E4_init                                              
00000a49  TimerMSP432E4_open                                              
00001a15  TimerMSP432E4_setPeriod                                         
00001dad  TimerMSP432E4_start                                             
00002901  TimerMSP432E4_stop                                              
000038a3  TimerPrescaleSet                                                
00003fc5  Timer_Params_init                                               
0000484c  Timer_config                                                    
00004976  Timer_count                                                     
00002df9  Timer_init                                                      
00003165  Timer_open                                                      
000041bf  Timer_start                                                     
00000000  __ASM__                                                         
00000083  __ISA__                                                         
00000096  __PLAT__                                                        
20040000  __STACK_END                                                     
00000400  __STACK_SIZE                                                    
000000b9  __TARG__                                                        
000050b0  __TI_CINIT_Base                                                 
000050c0  __TI_CINIT_Limit                                                
00005098  __TI_Handler_Table_Base                                         
000050a4  __TI_Handler_Table_Limit                                        
000015f5  __TI_auto_init                                                  
000020a5  __TI_decompress_lzss                                            
000040a9  __TI_decompress_none                                            
ffffffff  __TI_pprof_out_hndl                                             
ffffffff  __TI_prof_data_size                                             
ffffffff  __TI_prof_data_start                                            
00004980  __TI_static_base__                                              
00004125  __TI_zero_init                                                  
000000df  __TRDR__                                                        
00001cb9  __aeabi_memclr                                                  
00001cb9  __aeabi_memclr4                                                 
00001cb9  __aeabi_memclr8                                                 
00001735  __aeabi_memcpy                                                  
00001735  __aeabi_memcpy4                                                 
00001735  __aeabi_memcpy8                                                 
00001cbb  __aeabi_memset                                                  
00001cbb  __aeabi_memset4                                                 
00001cbb  __aeabi_memset8                                                 
ffffffff  __binit__                                                       
ffffffff  __c_args__                                                      
20020360  __primary_heap_end__                                            
20000360  __primary_heap_start__                                          
2003fc00  __stack                                                         
20000000  __start___llvm_prf_cnts                                         
20000000  __stop___llvm_prf_cnts                                          
00003db5  _args_main                                                      
00002665  _c_int00                                                        
20025838  _lock                                                           
00001e1f  _nop                                                            
00003771  _pthread_cleanupFxn                                             
00001699  _pthread_removeThreadKeys                                       
0000410d  _register_lock                                                  
00004119  _register_unlock                                                
2002583c  _unlock                                                         
ffffffff  binit                                                           
000029e9  copy_in                                                         
20025898  gpioCallbackFunctions                                           
2002589c  gpioPinConfigs                                                  
00002245  main                                                            
0000210d  mainThread                                                      
200258a0  main_func_sp                                                    
00001735  memcpy                                                          
00001cc1  memset                                                          
00003971  pthread_attr_init                                               
000040b9  pthread_attr_setdetachstate                                     
00003ea9  pthread_attr_setschedparam                                      
000041e9  pthread_attr_setstacksize                                       
00000d81  pthread_create                                                  
00002179  pthread_exit                                                    
UNDEFED   taskCommandServicer                                             
UNDEFED   taskUart7Read                                                   
UNDEFED   taskUartEcho                                                    
2002577c  ti_sysbios_BIOS_Module__state__V                                
000037c9  ti_sysbios_BIOS_RtsGateProxy_Handle__label__S                   
00001695  ti_sysbios_BIOS_RtsGateProxy_enter__E                           
00001865  ti_sysbios_BIOS_RtsGateProxy_leave__E                           
00004249  ti_sysbios_BIOS_RtsGateProxy_query__E                           
000034d5  ti_sysbios_BIOS_atExitFunc__I                                   
00003e79  ti_sysbios_BIOS_exitFunc__I                                     
00003fd9  ti_sysbios_BIOS_getCpuFreq__E                                   
00004259  ti_sysbios_BIOS_linkedWithIncorrectBootLibrary__E               
00002a35  ti_sysbios_BIOS_nullFunc__I                                     
00003995  ti_sysbios_BIOS_registerRTSLock__I                              
000039b9  ti_sysbios_BIOS_removeRTSLock__I                                
00003b45  ti_sysbios_BIOS_rtsLock__I                                      
00003dcd  ti_sysbios_BIOS_rtsUnlock__I                                    
00003fe9  ti_sysbios_BIOS_setThreadType__E                                
00003505  ti_sysbios_BIOS_startFunc__I                                    
00003ff9  ti_sysbios_BIOS_start__E                                        
2002566c  ti_sysbios_family_arm_lm4_Timer_Module_State_0_device__A        
200257a0  ti_sysbios_family_arm_lm4_Timer_Module_State_0_handles__A       
00003de5  ti_sysbios_family_arm_lm4_Timer_Module__startupDone__F          
00003de5  ti_sysbios_family_arm_lm4_Timer_Module__startupDone__S          
2002582c  ti_sysbios_family_arm_lm4_Timer_Module__state__V                
000022a9  ti_sysbios_family_arm_lm4_Timer_Module_startup__E               
200256ac  ti_sysbios_family_arm_lm4_Timer_Object__table__V                
000048ac  ti_sysbios_family_arm_lm4_Timer_enableFunc__C                   
00002b79  ti_sysbios_family_arm_lm4_Timer_enableTimers__I                 
00001351  ti_sysbios_family_arm_lm4_Timer_enableTiva__I                   
00004131  ti_sysbios_family_arm_lm4_Timer_getMaxTicks__E                  
00002769  ti_sysbios_family_arm_lm4_Timer_initDevice__I                   
00002e41  ti_sysbios_family_arm_lm4_Timer_isrStub__E                      
000041f1  ti_sysbios_family_arm_lm4_Timer_masterDisable__I                
00001985  ti_sysbios_family_arm_lm4_Timer_masterEnable__I                 
000048b0  ti_sysbios_family_arm_lm4_Timer_numTimerDevices__C              
00000c71  ti_sysbios_family_arm_lm4_Timer_start__E                        
000048b4  ti_sysbios_family_arm_lm4_Timer_startupNeeded__C                
000031a9  ti_sysbios_family_arm_lm4_Timer_startup__E                      
00003539  ti_sysbios_family_arm_lm4_Timer_stop__E                         
00003ae1  ti_sysbios_family_arm_lm4_Timer_write__I                        
000048b8  ti_sysbios_family_arm_m3_Hwi_E_alreadyDefined__C                
000048bc  ti_sysbios_family_arm_m3_Hwi_E_badIntNum__C                     
00003269  ti_sysbios_family_arm_m3_Hwi_Instance_finalize__E               
00001299  ti_sysbios_family_arm_m3_Hwi_Instance_init__E                   
20025896  ti_sysbios_family_arm_m3_Hwi_Module_State_0_excActive__A        
200258a4  ti_sysbios_family_arm_m3_Hwi_Module_State_0_excContext__A       
200258a8  ti_sysbios_family_arm_m3_Hwi_Module_State_0_excStack__A         
00004978  ti_sysbios_family_arm_m3_Hwi_Module__id__C                      
20025840  ti_sysbios_family_arm_m3_Hwi_Module__root__V                    
00003dfd  ti_sysbios_family_arm_m3_Hwi_Module__startupDone__F             
00003dfd  ti_sysbios_family_arm_m3_Hwi_Module__startupDone__S             
200256ec  ti_sysbios_family_arm_m3_Hwi_Module__state__V                   
00002861  ti_sysbios_family_arm_m3_Hwi_Module_startup__E                  
000048c0  ti_sysbios_family_arm_m3_Hwi_NUM_INTERRUPTS__C                  
000046c0  ti_sysbios_family_arm_m3_Hwi_Object__DESC__C                    
00004568  ti_sysbios_family_arm_m3_Hwi_Object__PARAMS__C                  
000048c4  ti_sysbios_family_arm_m3_Hwi_Object__count__C                   
00003b65  ti_sysbios_family_arm_m3_Hwi_Object__delete__S                  
00003ebd  ti_sysbios_family_arm_m3_Hwi_Object__get__S                     
200257fc  ti_sysbios_family_arm_m3_Hwi_Object__table__V                   
0000413d  ti_sysbios_family_arm_m3_Hwi_Params__init__S                    
000048c8  ti_sysbios_family_arm_m3_Hwi_ccr__C                             
00003b89  ti_sysbios_family_arm_m3_Hwi_clearInterrupt__E                  
000027bd  ti_sysbios_family_arm_m3_Hwi_create                             
00001a9d  ti_sysbios_family_arm_m3_Hwi_delete                             
00004149  ti_sysbios_family_arm_m3_Hwi_disableFxn__E                      
00002bc1  ti_sysbios_family_arm_m3_Hwi_disableInterrupt__E                
00002311  ti_sysbios_family_arm_m3_Hwi_dispatchC__I                       
20024d60  ti_sysbios_family_arm_m3_Hwi_dispatchTable                      
00000e71  ti_sysbios_family_arm_m3_Hwi_dispatch__I                        
000041f9  ti_sysbios_family_arm_m3_Hwi_doSwiRestore__I                    
00004209  ti_sysbios_family_arm_m3_Hwi_doTaskRestore__I                   
00002c09  ti_sysbios_family_arm_m3_Hwi_enableInterrupt__E                 
000038cd  ti_sysbios_family_arm_m3_Hwi_excHandlerAsm__I                   
000048cc  ti_sysbios_family_arm_m3_Hwi_excHandlerFunc__C                  
00003ca9  ti_sysbios_family_arm_m3_Hwi_excHandler__I                      
00002e89  ti_sysbios_family_arm_m3_Hwi_getStackInfo__E                    
000017d1  ti_sysbios_family_arm_m3_Hwi_initNVIC__E                        
000026bd  ti_sysbios_family_arm_m3_Hwi_initStacks__E                      
00000f45  ti_sysbios_family_arm_m3_Hwi_interruptsAreDisabledButShouldNotBe
000048d0  ti_sysbios_family_arm_m3_Hwi_nullIsrFunc__C                     
e000e000  ti_sysbios_family_arm_m3_Hwi_nvic                               
00003949  ti_sysbios_family_arm_m3_Hwi_pendSV__I                          
00001b29  ti_sysbios_family_arm_m3_Hwi_postInit__I                        
000048d4  ti_sysbios_family_arm_m3_Hwi_priGroup__C                        
20000000  ti_sysbios_family_arm_m3_Hwi_ramVectors                         
00000000  ti_sysbios_family_arm_m3_Hwi_resetVectors                       
00004211  ti_sysbios_family_arm_m3_Hwi_restoreFxn__E                      
0000396d  ti_sysbios_family_arm_m3_Hwi_return                             
00004201  ti_sysbios_family_arm_m3_Hwi_startup__E                         
00003ed1  ti_sysbios_family_arm_m3_Hwi_switchFromBootStack__E             
00001bad  ti_sysbios_family_arm_m3_TaskSupport_Module__startupDone__S     
000018f9  ti_sysbios_family_arm_m3_TaskSupport_buildTaskStack             
00004159  ti_sysbios_family_arm_m3_TaskSupport_getStackAlignment__E       
00004009  ti_sysbios_family_arm_m3_TaskSupport_glue                       
000048d8  ti_sysbios_family_arm_m3_TaskSupport_stackAlignment__C          
00003569  ti_sysbios_family_arm_m3_TaskSupport_start__E                   
00003e15  ti_sysbios_family_arm_m3_TaskSupport_swap__E                    
00003f95  ti_sysbios_family_arm_msp432e4_init_Boot_init__I                
00000041  ti_sysbios_family_arm_msp432e4_init_Boot_sysCtlClockFreqSetI__I 
00000041  ti_sysbios_family_arm_msp432e4_init_Boot_sysCtlClockFreqSet__E  
00003c85  ti_sysbios_family_xxx_Hwi_switchAndRunFunc                      
0000379d  ti_sysbios_gates_GateHwi_Handle__label__S                       
00004261  ti_sysbios_gates_GateHwi_Instance_init__E                       
000045f0  ti_sysbios_gates_GateHwi_Module__FXNS__C                        
20025848  ti_sysbios_gates_GateHwi_Module__root__V                        
000046e0  ti_sysbios_gates_GateHwi_Object__DESC__C                        
000047c0  ti_sysbios_gates_GateHwi_Object__PARAMS__C                      
00003599  ti_sysbios_gates_GateHwi_Object__create__S                      
00003ba9  ti_sysbios_gates_GateHwi_Object__delete__S                      
200258ac  ti_sysbios_gates_GateHwi_Object__table__V                       
00004169  ti_sysbios_gates_GateHwi_enter__E                               
00004219  ti_sysbios_gates_GateHwi_leave__E                               
00004241  ti_sysbios_gates_GateHwi_query__E                               
000037c9  ti_sysbios_gates_GateMutex_Handle__label__S                     
000048dc  ti_sysbios_gates_GateMutex_Instance_State_sem__O                
00004019  ti_sysbios_gates_GateMutex_Instance_finalize__E                 
00003cc9  ti_sysbios_gates_GateMutex_Instance_init__E                     
00004614  ti_sysbios_gates_GateMutex_Module__FXNS__C                      
20025850  ti_sysbios_gates_GateMutex_Module__root__V                      
00004700  ti_sysbios_gates_GateMutex_Object__DESC__C                      
000047d8  ti_sysbios_gates_GateMutex_Object__PARAMS__C                    
000035c9  ti_sysbios_gates_GateMutex_Object__create__S                    
000039dd  ti_sysbios_gates_GateMutex_Object__delete__S                    
200255d4  ti_sysbios_gates_GateMutex_Object__table__V                     
000035f9  ti_sysbios_gates_GateMutex_enter__E                             
00003e31  ti_sysbios_gates_GateMutex_leave__E                             
00004249  ti_sysbios_gates_GateMutex_query__E                             
00003dfd  ti_sysbios_hal_Hwi_HwiProxy_Module__startupDone__S              
0000413d  ti_sysbios_hal_Hwi_HwiProxy_Params__init__S                     
00003b89  ti_sysbios_hal_Hwi_HwiProxy_clearInterrupt__E                   
00002bc1  ti_sysbios_hal_Hwi_HwiProxy_disableInterrupt__E                 
00004149  ti_sysbios_hal_Hwi_HwiProxy_disable__E                          
00002c09  ti_sysbios_hal_Hwi_HwiProxy_enableInterrupt__E                  
00002e89  ti_sysbios_hal_Hwi_HwiProxy_getStackInfo__E                     
00004211  ti_sysbios_hal_Hwi_HwiProxy_restore__E                          
00004201  ti_sysbios_hal_Hwi_HwiProxy_startup__E                          
00003ed1  ti_sysbios_hal_Hwi_HwiProxy_switchFromBootStack__E              
00003f71  ti_sysbios_hal_Hwi_Module_startup__E                            
[...]
00003de5  ti_sysbios_knl_Clock_TimerProxy_Module__startupDone__S          
00003dfd  ti_sysbios_family_arm_m3_Hwi_Module__startupDone__F             
00003dfd  ti_sysbios_family_arm_m3_Hwi_Module__startupDone__S             
00003dfd  ti_sysbios_hal_Hwi_HwiProxy_Module__startupDone__S              
00003e15  ti_sysbios_family_arm_m3_TaskSupport_swap__E                    
00003e15  ti_sysbios_knl_Task_SupportProxy_swap__E                        
00003e21  ti_sysbios_knl_Task_swapReturn                                  
00003e31  ti_sysbios_gates_GateMutex_leave__E                             
00003e49  xdc_runtime_Error_init__E                                       
00003e61  xdc_runtime_System_exit__E                                      
00003e79  ti_sysbios_BIOS_exitFunc__I                                     
00003e8f  GPIOIntClear                                                    
00003ea9  pthread_attr_setschedparam                                      
00003ebd  ti_sysbios_family_arm_m3_Hwi_Object__get__S                     
00003ed1  ti_sysbios_family_arm_m3_Hwi_switchFromBootStack__E             
00003ed1  ti_sysbios_hal_Hwi_HwiProxy_switchFromBootStack__E              
00003ed1  ti_sysbios_hal_Hwi_switchFromBootStack__E                       
00003ee5  ti_sysbios_heaps_HeapMem_Object__get__S                         
00003ef9  ti_sysbios_knl_Swi_Object__get__S                               
00003f0d  ti_sysbios_knl_Task_Object__first__S                            
00003f21  ti_sysbios_knl_Task_Object__next__S                             
00003f35  SemaphoreP_pend                                                 
00003f47  TimerIntClear                                                   
00003f71  ti_sysbios_hal_Hwi_Module_startup__E                            
00003f83  xdc_runtime_Startup_exec__I                                     
00003f95  ti_sysbios_family_arm_msp432e4_init_Boot_init__I                
00003f95  xdc_runtime_Startup_reset__I                                    
00003fa5  HwiP_Params_init                                                
00003fb5  PowerMSP432E4_sleepPolicy                                       
00003fc5  Timer_Params_init                                               
00003fd9  ti_sysbios_BIOS_getCpuFreq__E                                   
00003fe9  ti_sysbios_BIOS_setThreadType__E                                
00003ff9  ti_sysbios_BIOS_start__E                                        
00004009  ti_sysbios_family_arm_m3_TaskSupport_glue                       
00004019  ti_sysbios_gates_GateMutex_Instance_finalize__E                 
00004029  ti_sysbios_knl_Mailbox_Object__get__S                           
00004039  ti_sysbios_knl_Semaphore_Instance_finalize__E                   
00004049  ti_sysbios_knl_Swi_disable__E                                   
00004059  ti_sysbios_knl_Task_Object__get__S                              
00004069  ti_sysbios_knl_Task_disable__E                                  
00004079  xdc_runtime_Memory_free__E                                      
00004089  xdc_runtime_SysCallback_abort__E                                
00004089  xdc_runtime_System_SupportProxy_abort__E                        
00004099  xdc_runtime_SysCallback_exit__E                                 
00004099  xdc_runtime_System_SupportProxy_exit__E                         
000040a9  __TI_decompress_none                                            
000040b9  pthread_attr_setdetachstate                                     
000040c9  ti_sysbios_knl_Idle_loop__E                                     
000040d9  ti_sysbios_knl_Queue_empty__E                                   
000040e7  timerCallback                                                   
000040f5  HwiP_delete                                                     
00004101  SemaphoreP_delete                                               
0000410d  _register_lock                                                  
00004119  _register_unlock                                                
00004125  __TI_zero_init                                                  
00004131  ti_sysbios_family_arm_lm4_Timer_getMaxTicks__E                  
0000413d  ti_sysbios_family_arm_m3_Hwi_Params__init__S                    
0000413d  ti_sysbios_hal_Hwi_HwiProxy_Params__init__S                     
00004149  ti_sysbios_family_arm_m3_Hwi_disableFxn__E                      
00004149  ti_sysbios_hal_Hwi_HwiProxy_disable__E                          
00004159  ti_sysbios_family_arm_m3_TaskSupport_getStackAlignment__E       
00004159  ti_sysbios_knl_Task_SupportProxy_getStackAlignment__E           
00004169  ti_sysbios_gates_GateHwi_enter__E                               
00004175  ti_sysbios_knl_Queue_Object__get__S                             
00004181  ti_sysbios_knl_Semaphore_Params__init__S                        
0000418d  ti_sysbios_knl_Task_Params__init__S                             
00004199  ti_sysbios_rts_ti_ReentSupport_taskRegHook__I                   
000041a9  xdc_runtime_Startup_rtsDone__E                                  
000041b5  NDK_hookInit                                                    
000041bf  Timer_start                                                     
000041c9  xdc_runtime_Memory_HeapProxy_alloc__E                           
000041d3  xdc_runtime_Memory_HeapProxy_free__E                            
000041dd  SemaphoreP_Params_init                                          
000041e9  pthread_attr_setstacksize                                       
000041f1  ti_sysbios_family_arm_lm4_Timer_masterDisable__I                
000041f9  ti_sysbios_family_arm_m3_Hwi_doSwiRestore__I                    
00004201  ti_sysbios_family_arm_m3_Hwi_startup__E                         
00004201  ti_sysbios_hal_Hwi_HwiProxy_startup__E                          
00004201  ti_sysbios_hal_Hwi_startup__E                                   
00004209  ti_sysbios_family_arm_m3_Hwi_doTaskRestore__I                   
00004211  HwiP_restore                                                    
00004211  ti_sysbios_family_arm_m3_Hwi_restoreFxn__E                      
00004211  ti_sysbios_hal_Hwi_HwiProxy_restore__E                          
00004219  ti_sysbios_gates_GateHwi_leave__E                               
00004221  ti_sysbios_heaps_HeapMem_isBlocking__E                          
00004229  ti_sysbios_knl_Queue_Instance_init__E                           
00004231  ti_sysbios_knl_Swi_startup__E                                   
00004239  xdc_runtime_System_Module_startup__E                            
00004241  ti_sysbios_gates_GateHwi_query__E                               
00004241  xdc_runtime_Main_Module_GateProxy_query__E                      
00004241  xdc_runtime_System_Module_GateProxy_query__E                    
00004249  ti_sysbios_BIOS_RtsGateProxy_query__E                           
00004249  ti_sysbios_gates_GateMutex_query__E                             
00004249  ti_sysbios_heaps_HeapMem_Module_GateProxy_query__E              
00004251  ti_sysbios_knl_Task_startup__E                                  
00004259  ti_sysbios_BIOS_linkedWithIncorrectBootLibrary__E               
00004261  ti_sysbios_gates_GateHwi_Instance_init__E                       
00004269  ti_sysbios_knl_Clock_logTick__E                                 
00004271  xdc_runtime_SysCallback_defaultAbort                            
00004279  xdc_runtime_SysCallback_defaultExit                             
00004281  xdc_runtime_System_abortSpin__E                                 
00004289  xdc_runtime_System_exitSpin__E                                  
0000452c  ti_sysbios_knl_Task_Object__PARAMS__C                           
00004568  ti_sysbios_family_arm_m3_Hwi_Object__PARAMS__C                  
00004598  ti_sysbios_knl_Task_hooks__A                                    
000045c8  ti_sysbios_heaps_HeapMem_Module__FXNS__C                        
000045f0  ti_sysbios_gates_GateHwi_Module__FXNS__C                        
00004614  ti_sysbios_gates_GateMutex_Module__FXNS__C                      
00004638  ti_sysbios_heaps_HeapMem_Object__PARAMS__C                      
0000465c  ti_sysbios_knl_Semaphore_Object__PARAMS__C                      
000046a0  TimerMSP432E4_fxnTable                                          
000046c0  ti_sysbios_family_arm_m3_Hwi_Object__DESC__C                    
000046e0  ti_sysbios_gates_GateHwi_Object__DESC__C                        
00004700  ti_sysbios_gates_GateMutex_Object__DESC__C                      
00004720  ti_sysbios_heaps_HeapMem_Object__DESC__C                        
00004740  ti_sysbios_knl_Queue_Object__DESC__C                            
00004760  ti_sysbios_knl_Semaphore_Object__DESC__C                        
00004780  ti_sysbios_knl_Task_Object__DESC__C                             
000047a0  xdc_runtime_Startup_sfxnTab__A                                  
000047c0  ti_sysbios_gates_GateHwi_Object__PARAMS__C                      
000047d8  ti_sysbios_gates_GateMutex_Object__PARAMS__C                    
000047f0  ti_sysbios_knl_Queue_Object__PARAMS__C                          
00004808  GPIOMSP432E4_config                                             
0000481c  timerMSP432E4HWAttrs                                            
0000482c  xdc_runtime_Startup_firstFxns__A                                
0000483c  xdc_runtime_Startup_sfxnRts__A                                  
0000484c  Timer_config                                                    
00004864  ti_sysbios_knl_Idle_funcList__A                                 
00004870  PowerMSP432E4_config                                            
00004878  ti_sysbios_knl_Idle_funcList__C                                 
00004880  ti_sysbios_knl_Task_hooks__C                                    
00004888  xdc_runtime_Startup_firstFxns__C                                
00004890  xdc_runtime_Startup_lastFxns__C                                 
000048ac  ti_sysbios_family_arm_lm4_Timer_enableFunc__C                   
000048b0  ti_sysbios_family_arm_lm4_Timer_numTimerDevices__C              
000048b4  ti_sysbios_family_arm_lm4_Timer_startupNeeded__C                
000048b8  ti_sysbios_family_arm_m3_Hwi_E_alreadyDefined__C                
000048bc  ti_sysbios_family_arm_m3_Hwi_E_badIntNum__C                     
000048c0  ti_sysbios_family_arm_m3_Hwi_NUM_INTERRUPTS__C                  
000048c4  ti_sysbios_family_arm_m3_Hwi_Object__count__C                   
000048c8  ti_sysbios_family_arm_m3_Hwi_ccr__C                             
000048cc  ti_sysbios_family_arm_m3_Hwi_excHandlerFunc__C                  
000048d0  ti_sysbios_family_arm_m3_Hwi_nullIsrFunc__C                     
000048d4  ti_sysbios_family_arm_m3_Hwi_priGroup__C                        
000048d8  ti_sysbios_family_arm_m3_TaskSupport_stackAlignment__C          
000048dc  ti_sysbios_gates_GateMutex_Instance_State_sem__O                
000048e0  ti_sysbios_heaps_HeapMem_E_memory__C                            
000048e4  ti_sysbios_heaps_HeapMem_Module__gateObj__C                     
000048e8  ti_sysbios_heaps_HeapMem_Object__count__C                       
000048ec  ti_sysbios_heaps_HeapMem_primaryHeapBaseAddr__C                 
000048f0  ti_sysbios_heaps_HeapMem_primaryHeapEndAddr__C                  
000048f4  ti_sysbios_heaps_HeapMem_reqAlign__C                            
000048f8  ti_sysbios_knl_Clock_Module_State_clockQ__O                     
000048fc  ti_sysbios_knl_Mailbox_Instance_State_freeQue__O                
00004900  ti_sysbios_knl_Mailbox_Object__count__C                         
00004904  ti_sysbios_knl_Mailbox_maxTypeAlign__C                          
00004908  ti_sysbios_knl_Semaphore_Instance_State_pendQ__O                
0000490c  ti_sysbios_knl_Swi_Object__count__C                             
00004910  ti_sysbios_knl_Task_E_deleteNotAllowed__C                       
00004914  ti_sysbios_knl_Task_Module_State_inactiveQ__O                   
00004918  ti_sysbios_knl_Task_Module_State_terminatedQ__O                 
0000491c  ti_sysbios_knl_Task_Object__count__C                            
00004920  ti_sysbios_knl_Task_Object__heap__C                             
00004924  ti_sysbios_knl_Task_allBlockedFunc__C                           
00004928  ti_sysbios_knl_Task_defaultStackHeap__C                         
0000492c  ti_sysbios_knl_Task_defaultStackSize__C                         
00004930  ti_sysbios_knl_Task_numConstructedTasks__C                      
00004934  xdc_runtime_Error_E_memory__C                                   
00004938  xdc_runtime_Error_policyFxn__C                                  
0000493c  xdc_runtime_IGateProvider_Interface__BASE__C                    
00004940  xdc_runtime_IHeap_Interface__BASE__C                            
00004944  xdc_runtime_IModule_Interface__BASE__C                          
00004948  xdc_runtime_Memory_defaultHeapInstance__C                       
0000494c  xdc_runtime_Startup_execImpl__C                                 
00004950  xdc_runtime_Startup_maxPasses__C                                
00004954  xdc_runtime_Startup_sfxnRts__C                                  
00004958  xdc_runtime_Startup_sfxnTab__C                                  
0000495c  xdc_runtime_SysCallback_abortFxn__C                             
00004960  xdc_runtime_SysCallback_exitFxn__C                              
00004964  xdc_runtime_System_Module__gateObj__C                           
00004968  xdc_runtime_System_abortFxn__C                                  
0000496c  xdc_runtime_System_exitFxn__C                                   
00004970  xdc_runtime_System_maxAtexitHandlers__C                         
00004974  CONFIG_GPIO_LED_0_CONST                                         
00004975  CONFIG_TIMER_0_CONST                                            
00004976  Timer_count                                                     
00004977  xdc_runtime_Error_policy__C                                     
00004978  ti_sysbios_family_arm_m3_Hwi_Module__id__C                      
0000497a  ti_sysbios_heaps_HeapMem_Module__id__C                          
0000497c  ti_sysbios_knl_Task_Module__id__C                               
0000497e  xdc_runtime_Memory_Module__id__C                                
00004980  __TI_static_base__                                              
00005098  __TI_Handler_Table_Base                                         
000050a4  __TI_Handler_Table_Limit                                        
000050b0  __TI_CINIT_Base                                                 
000050c0  __TI_CINIT_Limit                                                
00020000  HEAPSIZE                                                        
20000000  __start___llvm_prf_cnts                                         
20000000  __stop___llvm_prf_cnts                                          
20000000  ti_sysbios_family_arm_m3_Hwi_ramVectors                         
20000360  __primary_heap_start__                                          
20020360  __primary_heap_end__                                            
20020360  ti_sysbios_knl_Task_Instance_State_0_stack__A                   
20022360  ti_sysbios_knl_Task_Instance_State_1_stack__A                   
20024360  ti_sysbios_knl_Task_Instance_State_2_stack__A                   
20024b60  ti_sysbios_knl_Task_Instance_State_3_stack__A                   
20024d60  ti_sysbios_family_arm_m3_Hwi_dispatchTable                      
20025150  timerMSP432E4Objects                                            
20025184  ti_sysbios_knl_Task_Instance_State_0_hookEnv__A                 
2002518c  ti_sysbios_knl_Task_Instance_State_1_hookEnv__A                 
20025194  ti_sysbios_knl_Task_Instance_State_2_hookEnv__A                 
2002519c  ti_sysbios_knl_Task_Instance_State_3_hookEnv__A                 
200251ac  PowerMSP432E4_module                                            
20025318  ti_sysbios_knl_Task_Object__table__V                            
200254d4  ti_sysbios_knl_Swi_Module_State_0_readyQ__A                     
20025554  ti_sysbios_knl_Task_Module_State_0_readyQ__A                    
200255d4  ti_sysbios_gates_GateMutex_Object__table__V                     
20025628  ti_sysbios_knl_Task_Module__state__V                            
2002566c  ti_sysbios_family_arm_lm4_Timer_Module_State_0_device__A        
200256ac  ti_sysbios_family_arm_lm4_Timer_Object__table__V                
200256ec  ti_sysbios_family_arm_m3_Hwi_Module__state__V                   
20025720  ti_sysbios_knl_Swi_Object__table__V                             
20025750  ti_sysbios_knl_Clock_Module__state__V                           
2002577c  ti_sysbios_BIOS_Module__state__V                                
200257a0  ti_sysbios_family_arm_lm4_Timer_Module_State_0_handles__A       
200257c0  xdc_runtime_Error_IgnoreBlock                                   
200257e0  ti_sysbios_knl_Swi_Module__state__V                             
200257fc  ti_sysbios_family_arm_m3_Hwi_Object__table__V                   
20025814  ti_sysbios_heaps_HeapMem_Object__table__V                       
2002582c  ti_sysbios_family_arm_lm4_Timer_Module__state__V                
20025838  _lock                                                           
2002583c  _unlock                                                         
20025840  ti_sysbios_family_arm_m3_Hwi_Module__root__V                    
20025848  ti_sysbios_gates_GateHwi_Module__root__V                        
20025850  ti_sysbios_gates_GateMutex_Module__root__V                      
20025858  ti_sysbios_heaps_HeapMem_Module__root__V                        
20025860  ti_sysbios_knl_Queue_Module__root__V                            
20025868  ti_sysbios_knl_Semaphore_Module__root__V                        
20025870  ti_sysbios_knl_Task_Module__root__V                             
20025878  xdc_runtime_Startup_Module__state__V                            
20025880  xdc_runtime_System_Module_State_0_atexitHandlers__A             
20025888  xdc_runtime_System_Module__state__V                             
20025896  ti_sysbios_family_arm_m3_Hwi_Module_State_0_excActive__A        
20025898  gpioCallbackFunctions                                           
2002589c  gpioPinConfigs                                                  
200258a0  main_func_sp                                                    
200258a4  ti_sysbios_family_arm_m3_Hwi_Module_State_0_excContext__A       
200258a8  ti_sysbios_family_arm_m3_Hwi_Module_State_0_excStack__A         
200258ac  ti_sysbios_gates_GateHwi_Object__table__V                       
200258b0  ti_sysbios_knl_Task_Module_State_0_idleTask__A                  
200258b4  ti_sysbios_rts_ti_ReentSupport_Module__state__V                 
200258b8  xdc_runtime_Memory_Module__state__V                             
2003fc00  __stack                                                         
20040000  __STACK_END                                                     
e000e000  ti_sysbios_family_arm_m3_Hwi_nvic                               
ffffffff  __TI_pprof_out_hndl                                             
ffffffff  __TI_prof_data_size                                             
ffffffff  __TI_prof_data_start                                            
ffffffff  __binit__                                                       
ffffffff  __c_args__                                                      
ffffffff  binit                                                           
UNDEFED   SHT$$INIT_ARRAY$$Base                                           
UNDEFED   SHT$$INIT_ARRAY$$Limit                                          
UNDEFED   taskCommandServicer                                             
UNDEFED   taskUart7Read                                                   
UNDEFED   taskUartEcho                                                    

[493 symbols]
