******************************************************************************
                  TI ARM Linker Unix v20.2.7                   
******************************************************************************
>> Linked Fri Oct 21 16:31:53 2022

OUTPUT FILE NAME:   <udpecho_MSP_EXP432E401Y_tirtos_ccs.out>
ENTRY POINT SYMBOL: "_c_int00"  address: 00016d95


MEMORY CONFIGURATION

         name            origin    length      used     unused   attr    fill
----------------------  --------  ---------  --------  --------  ----  --------
  FLASH                 00000000   00100000  0001f70e  000e08f2  R  X
  SRAM                  20000000   00040000  00031361  0000ec9f  RW X


SEGMENT ALLOCATION MAP

run origin  load origin   length   init length attrs members
----------  ----------- ---------- ----------- ----- -------
00000000    00000000    0001f718   0001f718    r-x
  00000000    00000000    0000003c   0000003c    r-- .resetVecs
  00000040    00000040    0001c9ba   0001c9ba    r-x .text
  0001c9fc    0001c9fc    00002768   00002768    r-- .const
  0001f168    0001f168    000005b0   000005b0    r-- .cinit
20000360    20000360    00020000   00000000    r--
  20000360    20000360    00020000   00000000    r-- .priheap
20020360    20020360    00010c04   00000000    rw-
  20020360    20020360    0000fc71   00000000    rw- .bss
  2002ffd4    2002ffd4    00000f90   00000000    rw- .data
2003fc00    2003fc00    00000400   00000000    rw-
  2003fc00    2003fc00    00000400   00000000    rw- .stack


SECTION ALLOCATION MAP

 output                                  attributes/
section   page    origin      length       input sections
--------  ----  ----------  ----------   ----------------
.text      0    00000040    0001c9ba     
                  00000040    00001670     infrastructure.obj (.text:commandEntry)
                  000016b0    00000d0c     stk.aem4f : tcpin.oem4f (.text:TcpInput)
                  000023bc    00000a4e     rtsv7M4_T_le_v4SPD16_eabi.lib : _printfi.c.obj (.text:__TI_printfi)
                  00002e0a    00000002     ti_drivers_config.obj (.text:Board_initHook)
                  00002e0c    0000090c     stk.aem4f : tcpout.oem4f (.text:TcpOutput)
                  00003718    000004f0     slnetifndk_msp432e4.aem4f : slnetifndk.oem4f (.text:SlNetIfNDK_getSockOpt)
                  00003c08    0000048c     stk.aem4f : ipout.oem4f (.text:IPTxPacket)
                  00004094    00000004               : bind.oem4f (.text:BindGetIF)
                  00004098    00000468     sysbios.aem4f : BIOS.obj (.text:xdc_runtime_System_doPrint__I)
                  00004500    000003a0     stk.aem4f : ipin.oem4f (.text:IPRxPacket)
                  000048a0    00000396     nettool_ipv4.aem4f : dnscomn.oem4f (.text:DNSResolveByName)
                  00004c36    00000002     stk.aem4f : nat.oem4f (.text:NatMsg)
                  00004c38    00000394     infrastructure.obj (.text:infra)
                  00004fcc    00000350     slnetsock_release.a : slnetutils.oem4f (.text:SlNetUtil_getAddrInfo)
                  0000531c    0000030a     nettool_ipv4.aem4f : dnscomn.oem4f (.text:DNSResolveByAddr)
                  00005626    00000002     drivers_msp432e4.aem4f : TimerMSP432E4.oem4f (.text:TimerMSP432E4_init)
                  00005628    000002f0                            : UARTMSP432E4.oem4f (.text:UARTMSP432E4_open)
                  00005918    000002ec     slnetifndk_msp432e4.aem4f : slnetifndk.oem4f (.text:SlNetIfNDK_setSockOpt)
                  00005c04    000002ea     nettool_ipv4.aem4f : dnscomn.oem4f (.text:DNSResolveByNS)
                  00005eee    00000002     drivers_msp432e4.aem4f : UARTMSP432E4.oem4f (.text:UARTMSP432E4_init)
                  00005ef0    000002ac     stk.aem4f : sock.oem4f (.text:SockSet)
                  0000619c    000002a4     udpEcho.obj (.text:echoFxn)
                  00006440    000002a0     sysbios.aem4f : BIOS.obj (.text:ti_sysbios_family_arm_msp432e4_init_Boot_sysCtlClockFreqSetI__I)
                  000066e0    0000028c     udpEchoHooks.obj (.text:netIPAddrHook)
                  0000696c    00000274     stk.aem4f : icmpin.oem4f (.text:ICMPInput)
                  00006be0    00000270     rtsv7M4_T_le_v4SPD16_eabi.lib : _printfi.c.obj (.text:_pconv_a)
                  00006e50    0000025e     stk.aem4f : fileuser.oem4f (.text:fdPoll)
                  000070ae    00000002     hal_ser_stub.aem4f : llserstb.oem4f (.text:_llSerialServiceCheck)
                  000070b0    0000025c     stk.aem4f : ipfrag.oem4f (.text:IPReasm)
                  0000730c    0000023a     msp432e4_driverlib.a : gpio.o (.text:GPIOPadConfigSet)
                  00007546    00000002     hal_ser_stub.aem4f : llserstb.oem4f (.text:_llSerialShutdown)
                  00007548    00000230     stk.aem4f : udp.oem4f (.text:UdpInput)
                  00007778    00000218     netctrl_min_ipv4.aem4f : netctrl.oem4f (.text:NC_NetStart)
                  00007990    00000218     slnetifndk_msp432e4.aem4f : slnetifndk.oem4f (.text:SlNetIfNDK_recvFrom)
                  00007ba8    00000208     uartecho.obj (.text:taskUartEcho)
                  00007db0    00000200     slnetifndk_msp432e4.aem4f : slnetifndk.oem4f (.text:SlNetIfNDK_sendTo)
                  00007fb0    000001f8     stk.aem4f : sock.oem4f (.text:SockGet)
                  000081a8    000001ec     slnetifndk_msp432e4.aem4f : slnetifndk.oem4f (.text:SlNetIfNDK_accept)
                  00008394    000001ec     stk.aem4f : sock.oem4f (.text:SockRecv)
                  00008580    000001ea     nettool_ipv4.aem4f : dnspkt.oem4f (.text:DNSGetReply)
                  0000876a    00000002     hal_userled_stub.aem4f : llled.oem4f (.text:_llUserLedInit)
                  0000876c    000001d0     stk.aem4f : lliin.oem4f (.text:LLIRxPacket)
                  0000893c    000001d0     rtsv7M4_T_le_v4SPD16_eabi.lib : _printfi.c.obj (.text:_pconv_g)
                  00008b0c    000001c8     drivers_msp432e4.aem4f : EMACMSP432E4.oem4f (.text:EMACMSP432E4_emacStart)
                  00008cd4    000001b6     rtsv7M4_T_le_v4SPD16_eabi.lib : fd_add_t2.asm.obj (.text)
                  00008e8a    00000002     hal_userled_stub.aem4f : llled.oem4f (.text:_llUserLedShutdown)
                  00008e8c    000001b4     stk.aem4f : sock.oem4f (.text:SockNew)
                  00009040    000001b0               : lliout.oem4f (.text:LLITxIpPacket)
                  000091f0    000001b0               : udp.oem4f (.text:UdpOutput)
                  000093a0    0000019c     os.aem4f : mem.oem4f (.text:mmAlloc)
                  0000953c    00000198     nettool_ipv4.aem4f : dnsclnt.oem4f (.text:DNSResolve)
                  000096d4    00000198     stk.aem4f : igmp.oem4f (.text:IGMPInput)
                  0000986c    00000198     slnetsock_release.a : slnetsock.oem4f (.text:SlNetSock_select)
                  00009a04    00000194     nettool_ipv4.aem4f : dhcpmain.oem4f (.text:DHCPOpen)
                  00009b98    00000188                        : ipaddr.oem4f (.text:NtGetPublicHost)
                  00009d20    00000188     stk.aem4f : fileuser.oem4f (.text:fdSelect)
                  00009ea8    00000188     release_pem4f.oem4f (.text:xdc_runtime_System_printfExtend__I)
                  0000a030    00000184     drivers_msp432e4.aem4f : GPIOMSP432E4.oem4f (.text:GPIO_setConfig)
                  0000a1b4    00000184     slnetifndk_msp432e4.aem4f : slnetifndk.oem4f (.text:SlNetIfNDK_getPeerName)
                  0000a338    00000184                               : slnetifndk.oem4f (.text:SlNetIfNDK_getSockName)
                  0000a4bc    0000017c     drivers_msp432e4.aem4f : EMACMSP432E4.oem4f (.text:EMACMSP432E4_NIMUInit)
                  0000a638    00000178     slnetifndk_msp432e4.aem4f : slnetifndk.oem4f (.text:SlNetIfNDK_recv)
                  0000a7b0    00000178     stk.aem4f : tcpout.oem4f (.text:TcpGenPacket)
                  0000a928    00000170     nettool_ipv4.aem4f : dnscomn.oem4f (.text:DNSResolveExternal)
                  0000aa98    00000170     stk.aem4f : rtc.oem4f (.text:RTCReport)
                  0000ac08    0000016d     nettool_ipv4.aem4f : dnspkt.oem4f (.text:DNSReadRecord)
                  0000ad75    00000001     --HOLE-- [fill = 0]
                  0000ad76    00000002     rtsv7M4_T_le_v4SPD16_eabi.lib : _lock.c.obj (.text:_nop)
                  0000ad78    0000016c     slnetifndk_msp432e4.aem4f : slnetifndk.oem4f (.text:SlNetIfNDK_send)
                  0000aee4    0000016a     stk.aem4f : sb.oem4f (.text:SBRead)
                  0000b04e    00000002     hal_ser_stub.aem4f : llserstb.oem4f (.text:llSerialService)
                  0000b050    00000168     slnetifndk_msp432e4.aem4f : slnetifndk.oem4f (.text:SlNetIfNDK_connect)
                  0000b1b8    00000160     stk.aem4f : icmp.oem4f (.text:ICMPGenPacket)
                  0000b318    00000160               : sock.oem4f (.text:SockConnect)
                  0000b478    00000158               : nimu.oem4f (.text:NIMUInit)
                  0000b5d0    00000154     sysbios.aem4f : BIOS.obj (.text:ti_sysbios_knl_Task_Instance_finalize__E)
                  0000b724    00000148     ti_ndk_config.obj (.text:ndkStackThread)
                  0000b86c    00000144     stk.aem4f : bind.oem4f (.text:BindNew)
                  0000b9b0    00000144     slnetifndk_msp432e4.aem4f : slnetifndk.oem4f (.text:SlNetIfNDK_select)
                  0000baf4    00000144     stk.aem4f : sockpcb.oem4f (.text:SockPcbResolve)
                  0000bc38    00000140               : tcp.oem4f (.text:TcpTimeoutCheck)
                  0000bd78    0000013c     nettool_ipv4.aem4f : config.oem4f (.text:CfgAddEntry)
                  0000beb4    0000013c     netctrl_min_ipv4.aem4f : netctrl.oem4f (.text:NetScheduler)
                  0000bff0    0000013c     slnetifndk_msp432e4.aem4f : slnetifndk.oem4f (.text:SlNetIfNDK_ifCreateContext)
                  0000c12c    0000013c     stk.aem4f : sockint.oem4f (.text:SockNotify)
                  0000c268    0000013c               : sock.oem4f (.text:SockSend)
                  0000c3a4    0000013c     rtsv7M4_T_le_v4SPD16_eabi.lib : _printfi.c.obj (.text:_pconv_e)
                  0000c4e0    00000136                                   : fd_div_t2.asm.obj (.text)
                  0000c616    00000002                                   : div0.asm.obj (.text)
                  0000c618    00000134     drivers_msp432e4.aem4f : EMACMSP432E4.oem4f (.text:EMACMSP432E4_handleRx)
                  0000c74c    00000130     rtsv7M4_T_le_v4SPD16_eabi.lib : strtol.c.obj (.text:strtol)
                  0000c87c    00000004     stk.aem4f : bind.oem4f (.text:BindGetNext)
                  0000c880    00000130     sysbios.aem4f : BIOS.obj (.text:ti_sysbios_knl_Semaphore_pend__E)
                  0000c9b0    00000124     rtsv7M4_T_le_v4SPD16_eabi.lib : _printfi.c.obj (.text:fcvt)
                  0000cad4    00000120     slnetsock_release.a : errnoutil.oem4f (.text:ErrnoUtil_set)
                  0000cbf4    00000120     slnetifndk_msp432e4.aem4f : slnetifndk.oem4f (.text:SlNetIfNDK_close)
                  0000cd14    00000004     dpl_msp432e4.aem4f : ClockP_tirtos.oem4f (.text:ClockP_getCpuFreq)
                  0000cd18    00000120     sysbios.aem4f : BIOS.obj (.text:xdc_runtime_Startup_startMods__I)
                  0000ce38    00000118     drivers_msp432e4.aem4f : TimerMSP432E4.oem4f (.text:TimerMSP432E4_open)
                  0000cf50    00000114     stk.aem4f : nimu.oem4f (.text:NIMUIoctl)
                  0000d064    00000114               : raw.oem4f (.text:RawInput)
                  0000d178    00000114     slnetifndk_msp432e4.aem4f : slnetifndk.oem4f (.text:SlNetIfNDK_getIPAddr)
                  0000d28c    00000114     rtsv7M4_T_le_v4SPD16_eabi.lib : fputs.c.obj (.text:fputs)
                  0000d3a0    00000110     stk.aem4f : node.oem4f (.text:NodeTreeFree)
                  0000d4b0    00000110               : route.oem4f (.text:RtCreate)
                  0000d5c0    00000110               : rtable.oem4f (.text:RtFind)
                  0000d6d0    00000110     rtsv7M4_T_le_v4SPD16_eabi.lib : s_scalbn.c.obj (.text:scalbn)
                  0000d7e0    00000110                                   : strtoul.c.obj (.text:strtoul)
                  0000d8f0    00000110     sysbios.aem4f : BIOS.obj (.text:ti_sysbios_knl_Task_postInit__I)
                  0000da00    0000010c     slnetifndk_msp432e4.aem4f : slnetifndk.oem4f (.text:getBSDSlNetErr)
                  0000db0c    00000004     dpl_msp432e4.aem4f : ClockP_tirtos.oem4f (.text:ClockP_setTimeout)
                  0000db10    0000010c     sysbios.aem4f : BIOS.obj (.text:ti_sysbios_family_arm_lm4_Timer_start__E)
                  0000dc1c    0000010a     stk.aem4f : tcpprot.oem4f (.text:TcpPrSetOption)
                  0000dd26    00000002     release_pem4f.oem4f (.text:ti_sysbios_BIOS_nullFunc__I)
                  0000dd28    00000108     slnetsock_release.a : slnetutils.oem4f (.text:SlNetUtil_str2BinIpV6)
                  0000de30    00000104     nettool_ipv4.aem4f : dhcppkt.oem4f (.text:dhcpPacketProcess)
                  0000df34    00000102                        : inetaddr.oem4f (.text:inet_aton)
                  0000e036    00000002     --HOLE-- [fill = 0]
                  0000e038    00000100     stk.aem4f : icmp.oem4f (.text:ICMPSendRtAdv)
                  0000e138    00000100               : igmp.oem4f (.text:IGMPSendReply)
                  0000e238    000000fc     rtsv7M4_T_le_v4SPD16_eabi.lib : fd_mul_t2.asm.obj (.text)
                  0000e334    000000f8     slnetsock_release.a : slnetutils.oem4f (.text:SlNetUtil_inetAton)
                  0000e42c    000000f8     os.aem4f : os_ll.oem4f (.text:llEnter)
                  0000e524    00000004     dpl_msp432e4.aem4f : ClockP_tirtos.oem4f (.text:ClockP_start)
                  0000e528    000000f8     sysbios.aem4f : BIOS.obj (.text:timer_create)
                  0000e620    000000f4     stk.aem4f : sock.oem4f (.text:SockClose)
                  0000e714    000000f4     infrastructure.obj (.text:initializeDrivers)
                  0000e808    000000f0     stk.aem4f : lliout.oem4f (.text:LLIGenArpPacket)
                  0000e8f8    000000f0               : rawethsock.oem4f (.text:RawEthSockNew)
                  0000e9e8    000000f0     sysbios.aem4f : BIOS.obj (.text:pthread_create)
                  0000ead8    000000f0     udpEchoHooks.obj (.text:serviceReport)
                  0000ebc8    000000f0     sysbios.aem4f : m3_Hwi_asm.obj (.text:ti_sysbios_family_arm_m3_Hwi_dispatch__I)
                  0000ecb8    000000ee     nettool_ipv4.aem4f : dnspkt.oem4f (.text:DNSWriteRecord)
                  0000eda6    00000002     --HOLE-- [fill = 0]
                  0000eda8    000000ee     slnetifndk_msp432e4.aem4f : slnetifndk.oem4f (.text:SlNetIfNDK_socket)
                  0000ee96    00000002     --HOLE-- [fill = 0]
                  0000ee98    000000ec     sysbios.aem4f : BIOS.obj (.text:clock_gettime)
                  0000ef84    000000ea     stk.aem4f : pipe.oem4f (.text:PipeRecv)
                  0000f06e    000000e8     nettool_ipv4.aem4f : dnspkt.oem4f (.text:DNSWriteName)
                  0000f156    00000002     --HOLE-- [fill = 0]
                  0000f158    000000e8     sysbios.aem4f : BIOS.obj (.text:ti_sysbios_knl_Task_Instance_init__E)
                  0000f240    000000e8                   : BIOS.obj (.text:timer_settime)
                  0000f328    000000e4     slnetsock_release.a : slnetif.oem4f (.text:SlNetIf_add)
                  0000f40c    000000e4     stk.aem4f : sockpcb.oem4f (.text:SockPcbBind)
                  0000f4f0    000000e0     msp432e4_driverlib.a : emac.o (.text:EMACInit)
                  0000f5d0    000000e0     stk.aem4f : tcptime.oem4f (.text:TcpTimeoutRexmt)
                  0000f6b0    000000de     nettool_ipv4.aem4f : dhcpsock.oem4f (.text:dhcpSocketOpen)
                  0000f78e    00000002     --HOLE-- [fill = 0]
                  0000f790    000000dc     stk.aem4f : sb.oem4f (.text:SBWrite)
                  0000f86c    000000dc     rtsv7M4_T_le_v4SPD16_eabi.lib : setvbuf.c.obj (.text:setvbuf)
                  0000f948    000000da     nettool_ipv4.aem4f : dhcpsm.oem4f (.text:dhcpState)
                  0000fa22    00000002     --HOLE-- [fill = 0]
                  0000fa24    000000d8     stk.aem4f : node.oem4f (.text:NodeAdd)
                  0000fafc    000000d8     slnetifndk_msp432e4.aem4f : slnetifndk.oem4f (.text:SlNetIfNDK_bind)
                  0000fbd4    000000d4                               : slnetifndk.oem4f (.text:SlNetIfNDK_listen)
                  0000fca8    000000d1     stk.aem4f : nimu.oem4f (.text:NIMUReceivePacket)
                  0000fd79    00000003     --HOLE-- [fill = 0]
                  0000fd7c    000000d0     netctrl_min_ipv4.aem4f : netsrv.oem4f (.text:SPIpNet)
                  0000fe4c    000000d0     slnetifndk_msp432e4.aem4f : slnetifndk.oem4f (.text:SlNetIfNDK_shutdown)
                  0000ff1c    000000d0     nettool_ipv4.aem4f : dhcpsm.oem4f (.text:dhcpIPAdd)
                  0000ffec    00000004     dpl_msp432e4.aem4f : ClockP_tirtos.oem4f (.text:ClockP_stop)
                  0000fff0    000000d0     sysbios.aem4f : BIOS.obj (.text:ti_sysbios_heaps_HeapMem_alloc__E)
                  000100c0    000000cc     stk.aem4f : rawethsock.oem4f (.text:RawEthSockGet)
                  0001018c    000000cc               : rawethsock.oem4f (.text:RawEthSockSet)
                  00010258    000000cc     nettool_ipv4.aem4f : dhcpbild.oem4f (.text:dhcpBuildHeader)
                  00010324    000000cc                        : dhcppkt.oem4f (.text:dhcpVerifyMessage)
                  000103f0    000000c4     stk.aem4f : igmp.oem4f (.text:IGMPJoinHostGroup)
                  000104b4    000000c4     nettool_ipv4.aem4f : dhcpsm.oem4f (.text:StateBound)
                  00010578    000000c4     sysbios.aem4f : BIOS.obj (.text:ti_sysbios_knl_Task_sleep__E)
                  0001063c    000000c0     nettool_ipv4.aem4f : dnspkt.oem4f (.text:DNSReadName)
                  000106fc    000000be                        : dnsclnt.oem4f (.text:DNSGetHostByName)
                  000107ba    000000be     drivers_msp432e4.aem4f : UARTMSP432E4.oem4f (.text:UARTMSP432E4_close)
                  00010878    000000bc     stk.aem4f : sockpcb.oem4f (.text:SockPcbFind)
                  00010934    000000bc               : vlan.oem4f (.text:VLANDeinit)
                  000109f0    000000bc     sysbios.aem4f : BIOS.obj (.text:ti_sysbios_knl_Task_exit__E)
                  00010aac    000000bc     infrastructure.obj (.text:tickerCallback)
                  00010b68    000000bc     sysbios.aem4f : BIOS.obj (.text:xdc_runtime_Core_createObject__I)
                  00010c24    000000ba     stk.aem4f : icmpin.oem4f (.text:ICMPRevSrcRoute)
                  00010cde    00000002     --HOLE-- [fill = 0]
                  00010ce0    000000b8               : lli.oem4f (.text:_LLITimeoutCheck)
                  00010d98    000000b8     sysbios.aem4f : BIOS.obj (.text:ti_sysbios_family_arm_m3_Hwi_Instance_init__E)
                  00010e50    000000b6     drivers_msp432e4.aem4f : UARTMSP432E4.oem4f (.text:readTaskCallback)
                  00010f06    00000002     --HOLE-- [fill = 0]
                  00010f08    000000b4     stk.aem4f : tcptime.oem4f (.text:TcpTimeoutKeep)
                  00010fbc    000000b2               : nimu.oem4f (.text:NIMUAddEthernetHeader)
                  0001106e    00000002     --HOLE-- [fill = 0]
                  00011070    000000b1     rtsv7M4_T_le_v4SPD16_eabi.lib : _printfi.c.obj (.text:_ltostr)
                  00011121    00000001     --HOLE-- [fill = 0]
                  00011122    000000b0     drivers_msp432e4.aem4f : UARTMSP432E4.oem4f (.text:readTaskBlocking)
                  000111d2    00000006     msp432e4_driverlib.a : sysctl.o (.text:SysCtlDelay)
                  000111d8    000000b0     sysbios.aem4f : BIOS.obj (.text:ti_sysbios_family_arm_lm4_Timer_enableTiva__I)
                  00011288    000000ac     drivers_msp432e4.aem4f : EMACMSP432E4.oem4f (.text:EMACMSP432E4_initDMADescriptors)
                  00011334    000000ac                            : GPIOMSP432E4.oem4f (.text:GPIO_init)
                  000113e0    000000ac     stk.aem4f : rtable.oem4f (.text:RtTimeoutCheck)
                  0001148c    000000ac     os.aem4f : task.oem4f (.text:TaskGetEnv)
                  00011538    000000a8     stk.aem4f : sockint.oem4f (.text:SockCreatePacket)
                  000115e0    000000a4     msp432e4_driverlib.a : gpio.o (.text:GPIOIntTypeSet)
                  00011684    000000a4     os.aem4f : task.oem4f (.text:TaskSetEnv)
                  00011728    000000a4     sysbios.aem4f : BIOS.obj (.text:ti_sysbios_knl_Task_setPri__E)
                  000117cc    000000a0     drivers_msp432e4.aem4f : EMACMSP432E4.oem4f (.text:EMACMSP432E4_emacStop)
                  0001186c    000000a0     stk.aem4f : ip.oem4f (.text:IPGetRoute)
                  0001190c    000000a0     auto_init.aem4f : auto_init.oem4f (.text)
                  000119ac    0000009e     nettool_ipv4.aem4f : dnsclnt.oem4f (.text:DNSGetHostArrayByName)
                  00011a4a    0000009e     drivers_msp432e4.aem4f : UARTMSP432E4.oem4f (.text:UARTMSP432E4_readPolling)
                  00011ae8    0000009c     stk.aem4f : exec.oem4f (.text:ExecOpen)
                  00011b84    00000004     dpl_msp432e4.aem4f : HwiP_tirtos.oem4f (.text:HwiP_clearInterrupt)
                  00011b88    0000009c     sysbios.aem4f : BIOS.obj (.text:_pthread_removeThreadKeys)
                  00011c24    0000009c     rtsv7M4_T_le_v4SPD16_eabi.lib : memcpy_t2.asm.obj (.text)
                  00011cc0    00000098     netctrl_min_ipv4.aem4f : netctrl.oem4f (.text:NC_SystemOpen)
                  00011d58    00000098                            : netsrv.oem4f (.text:ServiceScan)
                  00011df0    00000098     drivers_msp432e4.aem4f : UARTMSP432E4.oem4f (.text:UARTMSP432E4_write)
                  00011e88    00000096     rtsv7M4_T_le_v4SPD16_eabi.lib : ull_div_t2.asm.obj (.text)
                  00011f1e    00000002     --HOLE-- [fill = 0]
                  00011f20    00000094     nettool_ipv4.aem4f : config.oem4f (.text:CfgExecute)
                  00011fb4    00000094                        : config.oem4f (.text:CfgRemoveEntry)
                  00012048    00000094     os.aem4f : mem.oem4f (.text:_mmInit)
                  000120dc    00000094     drivers_msp432e4.aem4f : UARTMSP432E4.oem4f (.text:readIsrTextBlocking)
                  00012170    00000094     sysbios.aem4f : BIOS.obj (.text:ti_sysbios_family_arm_m3_Hwi_initNVIC__E)
                  00012204    00000092     slnetsock_release.a : slnetsock.oem4f (.text:SlNetSock_create)
                  00012296    00000002     --HOLE-- [fill = 0]
                  00012298    00000090     stk.aem4f : igmp.oem4f (.text:IGMPMsg)
                  00012328    00000090     slnetsock_release.a : slnetsock.oem4f (.text:SlNetSock_getVirtualSdConf)
                  000123b8    00000090     drivers_msp432e4.aem4f : UARTMSP432E4.oem4f (.text:UARTMSP432E4_control)
                  00012448    00000090     slnetsock_release.a : slnetutils.oem4f (.text:createAddrInfo)
                  000124d8    00000090     nettool_ipv4.aem4f : dhcpbild.oem4f (.text:dhcpBuildRequest)
                  00012568    00000090     os.aem4f : mem.oem4f (.text:mmInitPage)
                  000125f8    00000090     sysbios.aem4f : BIOS.obj (.text:ti_sysbios_knl_Task_Module_startup__E)
                  00012688    0000008e     nettool_ipv4.aem4f : dnscomn.oem4f (.text:DNSResolveQuery)
                  00012716    00000002     --HOLE-- [fill = 0]
                  00012718    0000008c     stk.aem4f : ip.oem4f (.text:IPMsg)
                  000127a4    0000008c     msp432e4_driverlib.a : sysctl.o (.text:SysCtlPeripheralReset)
                  00012830    0000008c     sysbios.aem4f : m3_TaskSupport_asm.obj (.text:ti_sysbios_family_arm_m3_TaskSupport_buildTaskStack)
                  000128bc    00000004     dpl_msp432e4.aem4f : HwiP_tirtos.oem4f (.text:HwiP_disable)
                  000128c0    0000008c     sysbios.aem4f : BIOS.obj (.text:xdc_runtime_Memory_alloc__E)
                  0001294c    0000008a     netctrl_min_ipv4.aem4f : netsrv.oem4f (.text:SPRoute)
                  000129d6    00000002     --HOLE-- [fill = 0]
                  000129d8    00000088                            : netsrv.oem4f (.text:ServiceSpawn)
                  00012a60    00000088     stk.aem4f : sockpcb.oem4f (.text:SockPcbCtlError)
                  00012ae8    00000088     drivers_msp432e4.aem4f : TimerMSP432E4.oem4f (.text:TimerMSP432E4_setPeriod)
                  00012b70    00000088                            : UARTMSP432E4.oem4f (.text:readIsrTextCallback)
                  00012bf8    00000086     stk.aem4f : sock.oem4f (.text:SockCheck)
                  00012c7e    00000086     nettool_ipv4.aem4f : dhcpsm.oem4f (.text:StateRequesting)
                  00012d04    00000086     rtsv7M4_T_le_v4SPD16_eabi.lib : fd_cmp_t2.asm.obj (.text:__aeabi_cdcmple)
                  00012d8a    00000086                                   : fd_cmp_t2.asm.obj (.text:__aeabi_cdrcmple)
                  00012e10    00000086     sysbios.aem4f : BIOS.obj (.text:xdc_runtime_Core_constructObject__I)
                  00012e96    00000002     --HOLE-- [fill = 0]
                  00012e98    00000084     nettool_ipv4.aem4f : config.oem4f (.text:CfgGetEntry)
                  00012f1c    00000084     drivers_msp432e4.aem4f : EMACMSP432E4.oem4f (.text:EMACMSP432E4_hwiIntFxn)
                  00012fa0    00000084                            : EMACMSP432E4.oem4f (.text:EMACMSP432E4_processPendingTx)
                  00013024    00000084                            : EMACMSP432E4.oem4f (.text:EMACMSP432E4_processPhyInterrupt)
                  000130a8    00000084     stk.aem4f : raw.oem4f (.text:RawOutput)
                  0001312c    00000084     slnetsock_release.a : slnetutils.oem4f (.text:SlNetUtil_getHostByName)
                  000131b0    00000084     stk.aem4f : sockpcb.oem4f (.text:SockCleanPcb)
                  00013234    00000084               : tcpprot.oem4f (.text:TcpPrAttach)
                  000132b8    00000084               : fileuser.oem4f (.text:fdClose)
                  0001333c    00000084     os.aem4f : mem.oem4f (.text:mmFree)
                  000133c0    00000084     sysbios.aem4f : BIOS.obj (.text:ti_sysbios_family_arm_m3_Hwi_postInit__I)
                  00013444    00000004     os.aem4f : oem.oem4f (.text:NDK_HwiP_disable)
                  00013448    00000084     sysbios.aem4f : BIOS.obj (.text:ti_sysbios_heaps_HeapMem_free__E)
                  000134cc    00000082     nettool_ipv4.aem4f : dhcpsm.oem4f (.text:StateRenewRebind)
                  0001354e    00000002     --HOLE-- [fill = 0]
                  00013550    00000080     stk.aem4f : lli.oem4f (.text:LLINew)
                  000135d0    00000080               : pbm.oem4f (.text:PBM_alloc)
                  00013650    00000080     sysbios.aem4f : BIOS.obj (.text:ti_sysbios_knl_Clock_workFunc__E)
                  000136d0    0000007e     slnetifndk_msp432e4.aem4f : slnetifndk.oem4f (.text:SlNetIfNDK_getConnectionStatus)
                  0001374e    0000007e     slnetsock_release.a : slnetutils.oem4f (.text:setAddrInfo)
                  000137cc    0000007c     nettool_ipv4.aem4f : config.oem4f (.text:CfgGetNextEntry)
                  00013848    0000007c     stk.aem4f : igmp.oem4f (.text:IGMPDoMCast)
                  000138c4    0000007c               : igmp.oem4f (.text:IGMPJoin)
                  00013940    0000007c               : socket.oem4f (.text:NDK_getsockopt)
                  000139bc    0000007c               : socket.oem4f (.text:NDK_setsockopt)
                  00013a38    0000007c     netctrl_min_ipv4.aem4f : netsrv.oem4f (.text:NS_BootTask)
                  00013ab4    0000007c     stk.aem4f : pbm.oem4f (.text:PBM_free)
                  00013b30    0000007c     rtsv7M4_T_le_v4SPD16_eabi.lib : fflush.c.obj (.text:fflush)
                  00013bac    0000007c     os.aem4f : mem.oem4f (.text:mmBulkFree)
                  00013c28    0000007c     drivers_msp432e4.aem4f : UARTMSP432E4.oem4f (.text:writeData)
                  00013ca4    0000007a     stk.aem4f : sock.oem4f (.text:SockAccept)
                  00013d1e    0000007a     rtsv7M4_T_le_v4SPD16_eabi.lib : memset_t2.asm.obj (.text)
                  00013d98    00000078     stk.aem4f : socket.oem4f (.text:NDK_sendto)
                  00013e10    00000078               : nimu.oem4f (.text:NIMURegister)
                  00013e88    00000078               : tcptime.oem4f (.text:TcpXmitTimer)
                  00013f00    00000078               : fileuser.oem4f (.text:fdOpenSession)
                  00013f78    00000078     os.aem4f : os_ll.oem4f (.text:llExit)
                  00013ff0    00000076     stk.aem4f : pipe.oem4f (.text:PipeSend)
                  00014066    00000076     msp432e4_driverlib.a : uart.o (.text:UARTConfigSetExpClk)
                  000140dc    00000075     stk.aem4f : tcptime.oem4f (.text:TcpTimeoutSackRexmt)
                  00014151    00000001     --HOLE-- [fill = 0]
                  00014152    00000006               : tcpprot.oem4f (.text:TcpPrRecv)
                  00014158    00000075     sysbios.aem4f : BIOS.obj (.text:xdc_runtime_System_formatNum__I)
                  000141cd    00000003     --HOLE-- [fill = 0]
                  000141d0    00000074     drivers_msp432e4.aem4f : EMACMSP432E4.oem4f (.text:EMACMSP432E4_processTransmitted)
                  00014244    00000074     stk.aem4f : igmp.oem4f (.text:IGMPLeaveHostGroup)
                  000142b8    00000074               : socket.oem4f (.text:NDK_recvfrom)
                  0001432c    00000074               : nimu.oem4f (.text:NIMUShutdown)
                  000143a0    00000074               : raweth.oem4f (.text:RawEthRxPacket)
                  00014414    00000074     slnetsock_release.a : slnetsock.oem4f (.text:SlNetSock_AllocVirtualSocket)
                  00014488    00000074     stk.aem4f : sockpcb.oem4f (.text:SockPcbConnect)
                  000144fc    00000074     rtsv7M4_T_le_v4SPD16_eabi.lib : fclose.c.obj (.text:__TI_closefile)
                  00014570    00000074     hal_timer.aem4f : lltimer.oem4f (.text:llTimerTick)
                  000145e4    00000004     os.aem4f : NDK_SemaphoreP_tirtos.oem4f (.text:NDK_SemaphoreP_post)
                  000145e8    00000074     sysbios.aem4f : BIOS.obj (.text:xdc_runtime_Core_deleteObject__I)
                  0001465c    00000072     drivers_msp432e4.aem4f : TimerMSP432E4.oem4f (.text:TimerMSP432E4_start)
                  000146ce    00000070     stk.aem4f : socket.oem4f (.text:NDK_send)
                  0001473e    00000002     --HOLE-- [fill = 0]
                  00014740    00000070               : rtable.oem4f (.text:RtFlush)
                  000147b0    00000070     netctrl_min_ipv4.aem4f : netsrv.oem4f (.text:SPConfig)
                  00014820    00000070     stk.aem4f : sock.oem4f (.text:SockShutdown)
                  00014890    00000070     nettool_ipv4.aem4f : dhcptags.oem4f (.text:dhcpDecodeType)
                  00014900    00000070     slnetsock_release.a : netdb.oem4f (.text:getaddrinfo)
                  00014970    00000070     os.aem4f : mem.oem4f (.text:mmBulkAlloc)
                  000149e0    00000070     infrastructure.obj (.text:stringCopy)
                  00014a50    00000070     sysbios.aem4f : BIOS.obj (.text:ti_sysbios_family_arm_lm4_Seconds_getTime__E)
                  00014ac0    00000070                   : BIOS.obj (.text:ti_sysbios_heaps_HeapMem_initPrimary__I)
                  00014b30    0000006e     stk.aem4f : socket.oem4f (.text:NDK_recv)
                  00014b9e    00000002     --HOLE-- [fill = 0]
                  00014ba0    0000006e               : rtable.oem4f (.text:RtWalkNext)
                  00014c0e    0000006e     rtsv7M4_T_le_v4SPD16_eabi.lib : _printfi.c.obj (.text:_mcpy)
                  00014c7c    0000006d     stk.aem4f : node.oem4f (.text:NodeNew)
                  00014ce9    00000003     --HOLE-- [fill = 0]
                  00014cec    0000006c     os.aem4f : ossys.oem4f (.text:DbgPrintf)
                  00014d58    0000006c     msp432e4_driverlib.a : emac.o (.text:EMACPHYConfigSet)
                  00014dc4    0000006c     rtsv7M4_T_le_v4SPD16_eabi.lib : hostrename.c.obj (.text:HOSTrename)
                  00014e30    0000006c     stk.aem4f : node.oem4f (.text:NodeTreeNew)
                  00014e9c    0000006c               : pbm.oem4f (.text:PBM_open)
                  00014f08    0000006c     drivers_msp432e4.aem4f : PowerMSP432E4.oem4f (.text:Power_releaseDependency)
                  00014f74    0000006c     stk.aem4f : raweth.oem4f (.text:RawEthTxPacket)
                  00014fe0    0000006c     slnetsock_release.a : slnetutils.oem4f (.text:SlNetUtil_str2BinIpV4)
                  0001504c    0000006c     hal_timer.aem4f : lltimer.oem4f (.text:llTimerGetTime)
                  000150b8    0000006c     sysbios.aem4f : BIOS.obj (.text:pthread_cancel)
                  00015124    00000004     os.aem4f : ossys.oem4f (.text:NDK_vsprintf)
                  00015128    0000006c     sysbios.aem4f : BIOS.obj (.text:ti_sysbios_knl_Swi_restoreHwi__E)
                  00015194    0000006a     stk.aem4f : socket.oem4f (.text:NDK_accept)
                  000151fe    0000006a               : tcpprot.oem4f (.text:TcpPrInherit)
                  00015268    00000068     drivers_msp432e4.aem4f : GPIOMSP432E4.oem4f (.text:GPIO_hwiIntFxn)
                  000152d0    00000068     rtsv7M4_T_le_v4SPD16_eabi.lib : hostlseek.c.obj (.text:HOSTlseek)
                  00015338    00000068     stk.aem4f : socket.oem4f (.text:NDK_socket)
                  000153a0    00000068     drivers_msp432e4.aem4f : PowerMSP432E4.oem4f (.text:Power_setDependency)
                  00015408    00000068     stk.aem4f : sock.oem4f (.text:SockListen)
                  00015470    00000068               : sockpcb.oem4f (.text:SockPcbFindRaw)
                  000154d8    00000068     drivers_msp432e4.aem4f : TimerMSP432E4.oem4f (.text:TimerMSP432E4_allocateTimerResource)
                  00015540    00000068     stk.aem4f : rtable.oem4f (.text:_RtNodeInsert)
                  000155a8    00000068     rtsv7M4_T_le_v4SPD16_eabi.lib : copy_decompress_lzss.c.obj (.text:decompress:lzss:__TI_decompress_lzss)
                  00015610    00000068     sysbios.aem4f : BIOS.obj (.text:pthread_exit)
                  00015678    00000068     drivers_msp432e4.aem4f : UARTMSP432E4.oem4f (.text:readIsrBinaryBlocking)
                  000156e0    00000066     ti_ndk_config.obj (.text:configTcp)
                  00015746    00000002     --HOLE-- [fill = 0]
                  00015748    00000064     nettool_ipv4.aem4f : config.oem4f (.text:CfgFree)
                  000157ac    00000064     stk.aem4f : file.oem4f (.text:FdWaitEvent)
                  00015810    00000064               : pbm.oem4f (.text:PBMQ_enq)
                  00015874    00000064     drivers_msp432e4.aem4f : PowerMSP432E4.oem4f (.text:Power_init)
                  000158d8    00000064     slnetifndk_msp432e4.aem4f : slnetifndk.oem4f (.text:SlNetIfNDK_getHostByName)
                  0001593c    00000064     stk.aem4f : sockint.oem4f (.text:SockSpawnAbort)
                  000159a0    00000064               : tcpprot.oem4f (.text:TcpPrGetOption)
                  00015a04    00000064               : udp.oem4f (.text:UdpChecksum)
                  00015a68    00000064     rtsv7M4_T_le_v4SPD16_eabi.lib : s_frexp.c.obj (.text:frexp)
                  00015acc    00000064                                   : fseek.c.obj (.text:fseek)
                  00015b30    00000064     drivers_msp432e4.aem4f : UARTMSP432E4.oem4f (.text:readIsrBinaryCallback)
                  00015b94    00000004     stk.aem4f : node.oem4f (.text:NodeSetRt)
                  00015b98    00000064     sysbios.aem4f : BIOS.obj (.text:ti_sysbios_family_arm_lm4_Timer_Module_startup__E)
                  00015bfc    00000004     stk.aem4f : rawethsock.oem4f (.text:RawEthSockGetCtx)
                  00015c00    00000064     sysbios.aem4f : BIOS.obj (.text:ti_sysbios_family_arm_m3_Hwi_dispatchC__I)
                  00015c64    00000064     stk.aem4f : lliin.oem4f (.text:updateRtTable)
                  00015cc8    00000062               : ipin.oem4f (.text:IPRouteIP)
                  00015d2a    00000002     --HOLE-- [fill = 0]
                  00015d2c    00000062               : sb.oem4f (.text:SBNew)
                  00015d8e    00000062     rtsv7M4_T_le_v4SPD16_eabi.lib : _io_perm.c.obj (.text:__TI_wrt_ok)
                  00015df0    00000060     nettool_ipv4.aem4f : config.oem4f (.text:CfgGetEntryCnt)
                  00015e50    00000060     msp432e4_driverlib.a : emac.o (.text:EMACConfigGet)
                  00015eb0    00000060                          : emac.o (.text:EMACIntDisable)
                  00015f10    00000060     rtsv7M4_T_le_v4SPD16_eabi.lib : hostopen.c.obj (.text:HOSTopen)
                  00015f70    00000060     stk.aem4f : socket.oem4f (.text:NDK_getpeername)
                  00015fd0    00000060               : socket.oem4f (.text:NDK_getsockname)
                  00016030    00000060               : socket.oem4f (.text:NDK_shutdown)
                  00016090    00000060               : nimu.oem4f (.text:NIMUUnregister)
                  000160f0    00000060               : node.oem4f (.text:NodeFind)
                  00016150    00000060               : rtc.oem4f (.text:RTCMsg)
                  000161b0    00000060     slnetsock_release.a : slnetsock.oem4f (.text:SlNetSock_recvFrom)
                  00016210    00000060                         : slnetsock.oem4f (.text:SlNetSock_sendTo)
                  00016270    00000060     os.aem4f : task.oem4f (.text:TaskCreate)
                  000162d0    00000060     nettool_ipv4.aem4f : dhcptags.oem4f (.text:dhcpBuildOptions)
                  00016330    00000060     sysbios.aem4f : BIOS.obj (.text:ti_sysbios_knl_Semaphore_post__E)
                  00016390    00000060                   : BIOS.obj (.text:ti_sysbios_knl_Swi_run__I)
                  000163f0    0000005e     msp432e4_driverlib.a : emac.o (.text:EMACIntEnable)
                  0001644e    0000005e     stk.aem4f : route.oem4f (.text:RtRemove)
                  000164ac    0000005e     nettool_ipv4.aem4f : dhcpsm.oem4f (.text:StateSelecting)
                  0001650a    0000005e     stk.aem4f : vlan.oem4f (.text:VLANReceivePacket)
                  00016568    0000005c     nettool_ipv4.aem4f : config.oem4f (.text:CfgSetExecuteOrder)
                  000165c4    0000005c     msp432e4_driverlib.a : emac.o (.text:EMACAddrSet)
                  00016620    0000005c                          : emac.o (.text:EMACIntStatus)
                  0001667c    0000005c                          : gpio.o (.text:GPIODirModeSet)
                  000166d8    0000005c     stk.aem4f : nimu.oem4f (.text:NIMUIoctlSpecialCmd)
                  00016734    0000005c     netctrl_min_ipv4.aem4f : netsrv.oem4f (.text:SPService)
                  00016790    0000005c     rtsv7M4_T_le_v4SPD16_eabi.lib : close.c.obj (.text:close)
                  000167ec    0000005c     drivers_msp432e4.aem4f : TimerMSP432E4.oem4f (.text:getPowerMgrId)
                  00016848    0000005c                            : UARTMSP432E4.oem4f (.text:getPowerResourceId)
                  000168a4    00000004     stk.aem4f : rawethsock_prot.oem4f (.text:RawEthSockPrAttach)
                  000168a8    0000005c     sysbios.aem4f : BIOS.obj (.text:ti_sysbios_knl_Swi_schedule__I)
                  00016904    00000004     stk.aem4f : rawethsock_prot.oem4f (.text:RawEthSockPrDetach)
                  00016908    0000005c     sysbios.aem4f : BIOS.obj (.text:ti_sysbios_knl_Task_startCore__E)
                  00016964    00000004     os.aem4f : semaphore.oem4f (.text:SemReset)
                  00016968    0000005c     sysbios.aem4f : BIOS.obj (.text:xdc_runtime_Startup_exec__E)
                  000169c4    0000005a     stk.aem4f : rawethsock.oem4f (.text:RawEthSockCheck)
                  00016a1e    0000005a               : route.oem4f (.text:RtRedirect)
                  00016a78    0000005a               : tcpprot.oem4f (.text:TcpValidateMetrics)
                  00016ad2    0000005a     nettool_ipv4.aem4f : dhcpbild.oem4f (.text:dhcpBuildDecline)
                  00016b2c    00000058     stk.aem4f : bind.oem4f (.text:BindFree)
                  00016b84    00000058     msp432e4_driverlib.a : emac.o (.text:EMACIntClear)
                  00016bdc    00000058     drivers_msp432e4.aem4f : GPIOMSP432E4.oem4f (.text:GPIO_setCallback)
                  00016c34    00000058     rtsv7M4_T_le_v4SPD16_eabi.lib : hostread.c.obj (.text:HOSTread)
                  00016c8c    00000058                                   : hostwrite.c.obj (.text:HOSTwrite)
                  00016ce4    00000058     stk.aem4f : igmp.oem4f (.text:IGMPTimer)
                  00016d3c    00000058               : tcp.oem4f (.text:TcpChecksum)
                  00016d94    00000058     boot.aem4f : boot.oem4f (.text)
                  00016dec    00000058     sysbios.aem4f : m3_Hwi_asm_switch.obj (.text:ti_sysbios_family_arm_m3_Hwi_initStacks__E)
                  00016e44    00000056     rtsv7M4_T_le_v4SPD16_eabi.lib : _printfi.c.obj (.text:_pconv_f)
                  00016e9a    00000002     --HOLE-- [fill = 0]
                  00016e9c    00000054     nettool_ipv4.aem4f : config.oem4f (.text:CfgEntryDeRef)
                  00016ef0    00000054     drivers_msp432e4.aem4f : GPIOMSP432E4.oem4f (.text:GPIO_write)
                  00016f44    00000054     stk.aem4f : rawethsock_pcb.oem4f (.text:RawEthSockPcbAttach)
                  00016f98    00000054               : tcptime.oem4f (.text:TcpTimeoutPersist)
                  00016fec    00000054     rtsv7M4_T_le_v4SPD16_eabi.lib : _ltoa.c.obj (.text:__TI_ltoa)
                  00017040    00000054     sysbios.aem4f : BIOS.obj (.text:ti_sysbios_family_arm_lm4_Timer_initDevice__I)
                  00017094    00000054     release_pem4f.oem4f (.text:ti_sysbios_family_arm_m3_Hwi_create)
                  000170e8    00000054     sysbios.aem4f : BIOS.obj (.text:timer_gettime)
                  0001713c    00000052     nettool_ipv4.aem4f : dnscomn.oem4f (.text:DNSReplyFree)
                  0001718e    00000052     stk.aem4f : igmp.oem4f (.text:IGMPLeave)
                  000171e0    00000052               : socket.oem4f (.text:NDK_bind)
                  00017232    00000052               : tcpprot.oem4f (.text:TcpPrDetach)
                  00017284    00000052     rtsv7M4_T_le_v4SPD16_eabi.lib : _printfi.c.obj (.text:_ecpy)
                  000172d6    00000002     --HOLE-- [fill = 0]
                  000172d8    00000050     msp432e4_driverlib.a : emac.o (.text:EMACConfigSet)
                  00017328    00000050     drivers_msp432e4.aem4f : GPIOMSP432E4.oem4f (.text:GPIO_toggle)
                  00017378    00000050     stk.aem4f : socket.oem4f (.text:NDK_connect)
                  000173c8    00000050               : route.oem4f (.text:RtNew)
                  00017418    00000050     slnetsock_release.a : slnetif.oem4f (.text:SlNetIf_queryIf)
                  00017468    00000050     drivers_msp432e4.aem4f : UARTMSP432E4.oem4f (.text:UARTMSP432E4_hwiIntFxn)
                  000174b8    00000050     sysbios.aem4f : BIOS.obj (.text:ti_sysbios_family_arm_m3_Hwi_Module_startup__E)
                  00017508    00000050                   : BIOS.obj (.text:ti_sysbios_knl_Clock_Instance_init__E)
                  00017558    00000050     release_pem4f.oem4f (.text:ti_sysbios_knl_Task_create)
                  000175a8    0000004e     msp432e4_driverlib.a : emac.o (.text:EMACPHYWrite)
                  000175f6    0000004e     stk.aem4f : node.oem4f (.text:NodeDeRef)
                  00017644    0000004e     drivers_msp432e4.aem4f : TimerMSP432E4.oem4f (.text:TimerMSP432E4_stop)
                  00017692    0000004e     stk.aem4f : file.oem4f (.text:fdint_lockfd)
                  000176e0    0000004e     drivers_msp432e4.aem4f : TimerMSP432E4.oem4f (.text:initHw)
                  0001772e    0000004e     os.aem4f : mem.oem4f (.text:mmCopy)
                  0001777c    0000004c     msp432e4_driverlib.a : emac.o (.text:EMACPHYRead)
                  000177c8    0000004c     nettool_ipv4.aem4f : ipaddr.oem4f (.text:NtAddNetwork)
                  00017814    0000004c     slnetsock_release.a : slnetsock.oem4f (.text:SlNetSock_freeVirtualSocket)
                  00017860    0000004c     stk.aem4f : sockint.oem4f (.text:SockValidateRoute)
                  000178ac    0000004c               : timer.oem4f (.text:TimerListInsert)
                  000178f8    0000004c     drivers_msp432e4.aem4f : TimerMSP432E4.oem4f (.text:TimerMSP432E4_freeTimerResource)
                  00017944    0000004c                            : UARTMSP432E4.oem4f (.text:UARTMSP432E4_writePolling)
                  00017990    0000004c     rtsv7M4_T_le_v4SPD16_eabi.lib : fflush.c.obj (.text:__TI_doflush)
                  000179dc    0000004c                                   : atoi.c.obj (.text:atoi)
                  00017a28    0000004c                                   : cpy_tbl.c.obj (.text:copy_in)
                  00017a74    0000004c     os.aem4f : mem.oem4f (.text:mmZeroInit)
                  00017ac0    0000004c     drivers_msp432e4.aem4f : UARTMSP432E4.oem4f (.text:ringBufGet)
                  00017b0c    0000004c     ti_ndk_config.obj (.text:ti_ndk_config_ip_init)
                  00017b58    0000004c     sysbios.aem4f : BIOS.obj (.text:ti_sysbios_heaps_HeapMem_getStats__E)
                  00017ba4    00000004     dpl_msp432e4.aem4f : SemaphoreP_tirtos.oem4f (.text:SemaphoreP_post)
                  00017ba8    0000004c     sysbios.aem4f : BIOS.obj (.text:ti_sysbios_knl_Swi_runLoop__I)
                  00017bf4    00000004     slnetsock_release.a : slnetif.oem4f (.text:SlNetIf_init)
                  00017bf8    0000004c     sysbios.aem4f : BIOS.obj (.text:ti_sysbios_knl_Task_allBlockedFunction__I)
                  00017c44    00000004     slnetsock_release.a : slnetutils.oem4f (.text:SlNetUtil_init)
                  00017c48    0000004c     sysbios.aem4f : BIOS.obj (.text:ti_sysbios_knl_Task_schedule__I)
                  00017c94    0000004a     netctrl_min_ipv4.aem4f : netsrv.oem4f (.text:ServiceKill)
                  00017cde    0000004a     stk.aem4f : sock.oem4f (.text:SockDisconnect)
                  00017d28    0000004a               : timer.oem4f (.text:TimerNew)
                  00017d72    0000004a     nettool_ipv4.aem4f : config.oem4f (.text:_CfgEntryScan)
                  00017dbc    00000048                        : config.oem4f (.text:CfgNew)
                  00017e04    00000048     stk.aem4f : lli.oem4f (.text:LLIMsg)
                  00017e4c    00000048               : node.oem4f (.text:NodeWalk)
                  00017e94    00000048               : rawethsock_pcb.oem4f (.text:RawEthSockPcbDetach)
                  00017edc    00000048     slnetsock_release.a : slnetsock.oem4f (.text:SlNetSock_init)
                  00017f24    00000048     stk.aem4f : sockpcb.oem4f (.text:SockPcbResolveChain)
                  00017f6c    00000048               : tcpprot.oem4f (.text:TcpDrop)
                  00017fb4    00000048     drivers_msp432e4.aem4f : UARTMSP432E4.oem4f (.text:UARTMSP432E4_writeCancel)
                  00017ffc    00000048     stk.aem4f : lli.oem4f (.text:_LLIExpListInsert)
                  00018044    00000048               : rtable.oem4f (.text:_RtExpListInsert)
                  0001808c    00000048     rtsv7M4_T_le_v4SPD16_eabi.lib : fd_toi_t2.asm.obj (.text)
                  000180d4    00000048     ti_ndk_config.obj (.text:ti_ndk_config_Global_startupFxn)
                  0001811c    00000004     stk.aem4f : sock.oem4f (.text:SockGetCtx)
                  00018120    00000048     sysbios.aem4f : BIOS.obj (.text:ti_sysbios_family_arm_lm4_Timer_enableTimers__I)
                  00018168    00000048                   : BIOS.obj (.text:ti_sysbios_family_arm_m3_Hwi_disableInterrupt__E)
                  000181b0    00000048                   : BIOS.obj (.text:ti_sysbios_family_arm_m3_Hwi_enableInterrupt__E)
                  000181f8    00000048                   : BIOS.obj (.text:ti_sysbios_knl_Mailbox_Module_startup__E)
                  00018240    00000048                   : BIOS.obj (.text:ti_sysbios_knl_Task_deleteTerminatedTasksFunc__I)
                  00018288    00000048                   : BIOS.obj (.text:xdc_runtime_Core_assignParams__I)
                  000182d0    00000046     nettool_ipv4.aem4f : ipaddr.oem4f (.text:NtIfIdx2Ip)
                  00018316    00000046     stk.aem4f : rawethsock.oem4f (.text:RawEthSockSend)
                  0001835c    00000046     drivers_msp432e4.aem4f : RingBuf.oem4f (.text:RingBuf_put)
                  000183a2    00000002     --HOLE-- [fill = 0]
                  000183a4    00000046     os.aem4f : semaphore.oem4f (.text:SemCreateBinary)
                  000183ea    00000046     stk.aem4f : tcpprot.oem4f (.text:TcpPrCtlError)
                  00018430    00000046     drivers_msp432e4.aem4f : TimerMSP432E4.oem4f (.text:getPrescaler)
                  00018476    00000044     nettool_ipv4.aem4f : dnspkt.oem4f (.text:DNSBuildRequest)
                  000184ba    00000002     --HOLE-- [fill = 0]
                  000184bc    00000044     msp432e4_driverlib.a : gpio.o (.text:GPIOPinConfigure)
                  00018500    00000044     rtsv7M4_T_le_v4SPD16_eabi.lib : hostclose.c.obj (.text:HOSTclose)
                  00018544    00000044                                   : hostunlink.c.obj (.text:HOSTunlink)
                  00018588    00000044     stk.aem4f : icmp.oem4f (.text:ICMPChecksum)
                  000185cc    00000044               : ipfrag.oem4f (.text:IPReasmFree)
                  00018610    00000044               : lli.oem4f (.text:LLIGetValidTime)
                  00018654    00000044               : rtable.oem4f (.text:RouteMsg)
                  00018698    00000044               : rtable.oem4f (.text:RtWalkEnd)
                  000186dc    00000044     slnetsock_release.a : slnetutils.oem4f (.text:SlNetUtil_strTok)
                  00018720    00000044     stk.aem4f : sock.oem4f (.text:SockIntAbort)
                  00018764    00000044               : sockpcb.oem4f (.text:SockPcbDetach)
                  000187a8    00000044     msp432e4_driverlib.a : sysctl.o (.text:SysCtlPeripheralPresent)
                  000187ec    00000044                          : sysctl.o (.text:SysCtlPeripheralReady)
                  00018830    00000044     drivers_msp432e4.aem4f : Timer.oem4f (.text:Timer_init)
                  00018874    00000044                            : UART.oem4f (.text:UART_init)
                  000188b8    00000044     rtsv7M4_T_le_v4SPD16_eabi.lib : getdevice.c.obj (.text:getdevice)
                  000188fc    00000044                                   : fd_tou_t2.asm.obj (.text)
                  00018940    00000044     ti_net_config.obj (.text:ti_net_SlNet_initConfig)
                  00018984    00000004     os.aem4f : task.oem4f (.text:TaskSelf)
                  00018988    00000044     sysbios.aem4f : BIOS.obj (.text:ti_sysbios_family_arm_lm4_Timer_isrStub__E)
                  000189cc    00000004     os.aem4f : task.oem4f (.text:TaskSetPri)
                  000189d0    00000044     sysbios.aem4f : BIOS.obj (.text:ti_sysbios_family_arm_m3_Hwi_getStackInfo__E)
                  00018a14    00000004     hal_ser_stub.aem4f : llserstb.oem4f (.text:_llSerialInit)
                  00018a18    00000044     sysbios.aem4f : BIOS.obj (.text:ti_sysbios_knl_Mailbox_postInit__I)
                  00018a5c    00000004     rtsv7M4_T_le_v4SPD16_eabi.lib : exit.c.obj (.text:abort:abort)
                  00018a60    00000044     sysbios.aem4f : BIOS.obj (.text:ti_sysbios_knl_Swi_post__E)
                  00018aa4    00000004     stk.aem4f : listlib.oem4f (.text:list_get_head)
                  00018aa8    00000044     sysbios.aem4f : BIOS.obj (.text:xdc_runtime_System_atexit__E)
                  00018aec    00000042     stk.aem4f : socket.oem4f (.text:NDK_listen)
                  00018b2e    00000042               : rawethsock.oem4f (.text:RawEthSockShutdown)
                  00018b70    00000042               : tcpprot.oem4f (.text:TcpPrSendOOB)
                  00018bb2    00000042               : fileuser.oem4f (.text:fdCloseSession)
                  00018bf4    00000040     dpl_msp432e4.aem4f : ClockP_tirtos.oem4f (.text:ClockP_create)
                  00018c34    00000040                        : HwiP_tirtos.oem4f (.text:HwiP_create)
                  00018c74    00000040     stk.aem4f : lliin.oem4f (.text:LLIValidateRoute)
                  00018cb4    00000040               : pbm.oem4f (.text:PBM_copy)
                  00018cf4    00000040     drivers_msp432e4.aem4f : RingBuf.oem4f (.text:RingBuf_get)
                  00018d34    00000040     os.aem4f : semaphore.oem4f (.text:SemCreate)
                  00018d74    00000040     slnetsock_release.a : slnetsock.oem4f (.text:SlNetSock_bind)
                  00018db4    00000040     stk.aem4f : sockpcb.oem4f (.text:SockPcbRtChange)
                  00018df4    00000040     msp432e4_driverlib.a : sysctl.o (.text:SysCtlPeripheralDisable)
                  00018e34    00000040                          : sysctl.o (.text:SysCtlPeripheralEnable)
                  00018e74    00000040                          : sysctl.o (.text:SysCtlPeripheralPowerOff)
                  00018eb4    00000040                          : sysctl.o (.text:SysCtlPeripheralPowerOn)
                  00018ef4    00000040                          : sysctl.o (.text:SysCtlPeripheralSleepDisable)
                  00018f34    00000040                          : sysctl.o (.text:SysCtlPeripheralSleepEnable)
                  00018f74    00000040     stk.aem4f : tcpprot.oem4f (.text:TcpPrSend)
                  00018fb4    00000040     drivers_msp432e4.aem4f : Timer.oem4f (.text:Timer_open)
                  00018ff4    00000040                            : UARTMSP432E4.oem4f (.text:UARTMSP432E4_read)
                  00019034    00000040                            : UART.oem4f (.text:UART_open)
                  00019074    00000040     rtsv7M4_T_le_v4SPD16_eabi.lib : u_divt2.asm.obj (.text)
                  000190b4    00000040     infrastructure.obj (.text:secondString)
                  000190f4    00000040     rtsv7M4_T_le_v4SPD16_eabi.lib : sprintf.c.obj (.text:sprintf)
                  00019134    00000040     infrastructure.obj (.text:taskCommandServicer)
                  00019174    00000004     stk.aem4f : listlib.oem4f (.text:list_get_next)
                  00019178    00000040     sysbios.aem4f : BIOS.obj (.text:ti_sysbios_family_arm_lm4_Timer_startup__E)
                  000191b8    00000040                   : BIOS.obj (.text:ti_sysbios_heaps_HeapMem_Instance_init__E)
                  000191f8    0000003e     nettool_ipv4.aem4f : dhcpmain.oem4f (.text:DHCPClose)
                  00019236    00000002     --HOLE-- [fill = 0]
                  00019238    0000003e     stk.aem4f : nimu.oem4f (.text:NIMUAllocateName)
                  00019276    0000003e     slnetsock_release.a : slnetsock.oem4f (.text:SlNetSock_close)
                  000192b4    0000003e     stk.aem4f : tcpprot.oem4f (.text:TcpPrDisconnect)
                  000192f2    0000003e     rtsv7M4_T_le_v4SPD16_eabi.lib : _printfi.c.obj (.text:_fcpy)
                  00019330    0000003e     stk.aem4f : file.oem4f (.text:fdint_unlockfd)
                  0001936e    0000003c     nettool_ipv4.aem4f : config.oem4f (.text:CfgEntryGetData)
                  000193aa    00000002     --HOLE-- [fill = 0]
                  000193ac    0000003c     stk.aem4f : exec.oem4f (.text:ExecClose)
                  000193e8    0000003c               : node.oem4f (.text:NodeUpdatePL)
                  00019424    0000003c               : rtable.oem4f (.text:RtWalkBegin)
                  00019460    0000003c     dpl_msp432e4.aem4f : SemaphoreP_tirtos.oem4f (.text:SemaphoreP_create)
                  0001949c    0000003c     stk.aem4f : tcpprot.oem4f (.text:TcpPrConnect)
                  000194d8    0000003c               : tcptime.oem4f (.text:TcpSetPersist)
                  00019514    0000003c               : rtc.oem4f (.text:_RTCSendRtAdv)
                  00019550    0000003c               : rtable.oem4f (.text:_RtNodeRemove)
                  0001958c    0000003c     hal_timer.aem4f : lltimer.oem4f (.text:_llTimerInit)
                  000195c8    0000003c     infrastructure.obj (.text:leftButtonCallback)
                  00019604    0000003c     infrastructure.obj (.text:rightButtonCallback)
                  00019640    0000003c     sysbios.aem4f : BIOS.obj (.text:ti_sysbios_family_arm_m3_Hwi_Instance_finalize__E)
                  0001967c    0000003c     release_pem4f.oem4f (.text:ti_sysbios_knl_Clock_create)
                  000196b8    0000003c     sysbios.aem4f : BIOS.obj (.text:ti_sysbios_knl_Swi_restore__E)
                  000196f4    0000003c     infrastructure.obj (.text:timerCallback)
                  00019730    0000003c     sysbios.aem4f : BIOS.obj (.text:timer_delete)
                  0001976c    00000004     release_pem4f.oem4f (.text:ti_sysbios_BIOS_RtsGateProxy_enter__E)
                  00019770    0000003c     sysbios.aem4f : BIOS.obj (.text:xdc_runtime_System_processAtExit__E)
                  000197ac    0000003a     stk.aem4f : ip.oem4f (.text:IPChecksum)
                  000197e6    00000002     --HOLE-- [fill = 0]
                  000197e8    00000038               : ipfrag.oem4f (.text:IPReasmTimeout)
                  00019820    00000038               : node.oem4f (.text:NodeGetRt)
                  00019858    00000038               : sb.oem4f (.text:SBSetMax)
                  00019890    00000038     slnetsock_release.a : slnetif.oem4f (.text:SlNetIf_configCheck)
                  000198c8    00000038                         : slnetutils.oem4f (.text:SlNetUtil_htonl)
                  00019900    00000038     stk.aem4f : tcpprot.oem4f (.text:TcpClose)
                  00019938    00000038               : timer.oem4f (.text:TimerHSTick)
                  00019970    00000038     drivers_msp432e4.aem4f : TimerMSP432E4.oem4f (.text:TimerMSP432E4_hwiIntFunction)
                  000199a8    00000038     rtsv7M4_T_le_v4SPD16_eabi.lib : trgmsg.c.obj (.text:__TI_writemsg)
                  000199e0    00000038     nettool_ipv4.aem4f : dhcptags.oem4f (.text:dhcpOptionsClear)
                  00019a18    00000038     stk.aem4f : file.oem4f (.text:fdint_waitevent)
                  00019a50    00000038     rtsv7M4_T_le_v4SPD16_eabi.lib : fs_tod_t2.asm.obj (.text)
                  00019a88    00000038     sysbios.aem4f : BIOS.obj (.text:ti_sysbios_knl_Task_processVitalTaskFlag__I)
                  00019ac0    00000036     msp432e4_driverlib.a : timer.o (.text:TimerControlStall)
                  00019af6    00000036     drivers_msp432e4.aem4f : UARTMSP432E4.oem4f (.text:UARTMSP432E4_readCancel)
                  00019b2c    00000036     infrastructure.obj (.text:commandTest)
                  00019b62    00000036     rtsv7M4_T_le_v4SPD16_eabi.lib : strncpy.c.obj (.text:strncpy)
                  00019b98    00000034     nettool_ipv4.aem4f : config.oem4f (.text:CfgSetService)
                  00019bcc    00000034     drivers_msp432e4.aem4f : EMACMSP432E4.oem4f (.text:EMACMSP432E4_emacPoll)
                  00019c00    00000034     stk.aem4f : nimu.oem4f (.text:NIMUFindByName)
                  00019c34    00000034               : rawethsock.oem4f (.text:RawEthSockClose)
                  00019c68    00000034               : rawethsock.oem4f (.text:RawEthSockNotify)
                  00019c9c    00000034     slnetsock_release.a : slnetutils.oem4f (.text:SlNetUtil_htons)
                  00019cd0    00000034     stk.aem4f : sockprot.oem4f (.text:SockPrCtlError)
                  00019d04    00000034     drivers_msp432e4.aem4f : TimerMSP432E4.oem4f (.text:TimerMSP432E4_close)
                  00019d38    00000034     rtsv7M4_T_le_v4SPD16_eabi.lib : fopen.c.obj (.text:__TI_cleanup)
                  00019d6c    00000034                                   : trgmsg.c.obj (.text:__TI_readmsg)
                  00019da0    00000034     sysbios.aem4f : BIOS.obj (.text:_pthread_delete$43)
                  00019dd4    00000034     infrastructure.obj (.text:addMessage)
                  00019e08    00000034     slnetifndk_msp432e4.aem4f : slnetifndk.oem4f (.text:addSktToTable)
                  00019e3c    00000034     nettool_ipv4.aem4f : dhcpbild.oem4f (.text:dhcpBuildDiscover)
                  00019e70    00000034     os.aem4f : mem.oem4f (.text:mmUnInitPage)
                  00019ea4    00000034              : ossys.oem4f (.text:stricmp)
                  00019ed8    00000034     rtsv7M4_T_le_v4SPD16_eabi.lib : strstr.c.obj (.text:strstr)
                  00019f0c    00000034     release_pem4f.oem4f (.text:ti_sysbios_knl_Semaphore_create)
                  00019f40    00000032     nettool_ipv4.aem4f : config.oem4f (.text:CfgGetImmediate)
                  00019f72    00000032     stk.aem4f : pipe.oem4f (.text:PipeCheck)
                  00019fa4    00000032               : route.oem4f (.text:RtDeRef)
                  00019fd6    00000032               : route.oem4f (.text:RtSetFailure)
                  0001a008    00000032               : sb.oem4f (.text:SBFlush)
                  0001a03a    00000032     nettool_ipv4.aem4f : config.oem4f (.text:_CfgAcquire)
                  0001a06c    00000032                        : dhcpsm.oem4f (.text:dhcpIPRemove)
                  0001a09e    00000032     infrastructure.obj (.text:indexOf)
                  0001a0d0    00000032     sysbios.aem4f : BIOS.obj (.text:ti_sysbios_hal_Hwi_initStack)
                  0001a102    00000006     drivers_msp432e4.aem4f : TimerMSP432E4.oem4f (.text:TimerMSP432E4_control)
                  0001a108    00000032     sysbios.aem4f : BIOS.obj (.text:xdc_runtime_System_putchar__I)
                  0001a13a    00000002     --HOLE-- [fill = 0]
                  0001a13c    00000030     ti_drivers_config.obj (.text:Board_init)
                  0001a16c    00000030     drivers_msp432e4.aem4f : EMACMSP432E4.oem4f (.text:EMACMSP432E4_isLinkUp)
                  0001a19c    00000030                            : GPIOMSP432E4.oem4f (.text:GPIOMSP432E4_undoPinConfig)
                  0001a1cc    00000030                            : GPIOMSP432E4.oem4f (.text:GPIO_enableInt)
                  0001a1fc    00000030                            : GPIOMSP432E4.oem4f (.text:GPIO_read)
                  0001a22c    00000030     netctrl_min_ipv4.aem4f : netsrv.oem4f (.text:NS_PreBoot)
                  0001a25c    00000030     slnetsock_release.a : slnetif.oem4f (.text:SlNetIf_getIDByName)
                  0001a28c    00000030                         : slnetutils.oem4f (.text:SlNetUtil_gaiStrErr)
                  0001a2bc    00000030     stk.aem4f : sock.oem4f (.text:SockBind)
                  0001a2ec    00000030               : sock.oem4f (.text:SockGetName)
                  0001a31c    00000030               : sockpcb.oem4f (.text:SockPcbAttach)
                  0001a34c    00000030     msp432e4_driverlib.a : uart.o (.text:UARTDisable)
                  0001a37c    00000030     nettool_ipv4.aem4f : dhcpsock.oem4f (.text:dhcpPacketSend)
                  0001a3ac    00000030     stk.aem4f : file.oem4f (.text:fdint_setevent)
                  0001a3dc    00000030     rtsv7M4_T_le_v4SPD16_eabi.lib : getdevice.c.obj (.text:finddevice)
                  0001a40c    00000030     stk.aem4f : listlib.oem4f (.text:list_remove_node)
                  0001a43c    00000030     release_pem4f.oem4f (.text:ti_sysbios_BIOS_atExitFunc__I)
                  0001a46c    00000030     release_pem4f.oem4f (.text:ti_sysbios_BIOS_startFunc__I)
                  0001a49c    00000004     release_pem4f.oem4f (.text:ti_sysbios_BIOS_RtsGateProxy_leave__E)
                  0001a4a0    00000030     sysbios.aem4f : BIOS.obj (.text:ti_sysbios_family_arm_lm4_Timer_stop__E)
                  0001a4d0    00000030                   : BIOS.obj (.text:ti_sysbios_family_arm_m3_TaskSupport_start__E)
                  0001a500    00000030     release_pem4f.oem4f (.text:ti_sysbios_gates_GateHwi_Object__create__S)
                  0001a530    00000030     release_pem4f.oem4f (.text:ti_sysbios_gates_GateMutex_Object__create__S)
                  0001a560    00000030     sysbios.aem4f : BIOS.obj (.text:ti_sysbios_gates_GateMutex_enter__E)
                  0001a590    00000030     release_pem4f.oem4f (.text:ti_sysbios_heaps_HeapMem_Object__create__S)
                  0001a5c0    00000030     release_pem4f.oem4f (.text:ti_sysbios_knl_Clock_construct)
                  0001a5f0    00000030     release_pem4f.oem4f (.text:ti_sysbios_knl_Semaphore_construct)
                  0001a620    00000030     sysbios.aem4f : BIOS.obj (.text:ti_sysbios_knl_Semaphore_pendTimeout__I)
                  0001a650    00000030                   : BIOS.obj (.text:ti_sysbios_knl_Task_restore__E)
                  0001a680    00000030                   : BIOS.obj (.text:ti_sysbios_knl_Task_unblockI__E)
                  0001a6b0    0000002e     drivers_msp432e4.aem4f : EMACMSP432E4.oem4f (.text:EMACMSP432E4_emacioctl)
                  0001a6de    0000002e     stk.aem4f : sb.oem4f (.text:SBFree)
                  0001a70c    0000002e     rtsv7M4_T_le_v4SPD16_eabi.lib : i_tofd_t2.asm.obj (.text)
                  0001a73a    0000002e     release_pem4f.oem4f (.text:ti_sysbios_rts_MemAlloc_alloc)
                  0001a768    0000002c     stk.aem4f : file.oem4f (.text:FdSignalEvent)
                  0001a794    0000002c               : igmp.oem4f (.text:IGMPTestGroup)
                  0001a7c0    0000002c     os.aem4f : NDK_SemaphoreP_tirtos.oem4f (.text:NDK_SemaphoreP_createBinary)
                  0001a7ec    0000002c     stk.aem4f : nimu.oem4f (.text:NIMUPacketServiceCheck)
                  0001a818    0000002c               : pipe.oem4f (.text:PipeClose)
                  0001a844    0000002c     dpl_msp432e4.aem4f : SemaphoreP_tirtos.oem4f (.text:SemaphoreP_createBinary)
                  0001a870    0000002c     msp432e4_driverlib.a : sysctl.o (.text:SysCtlPeripheralClockGating)
                  0001a89c    0000002c     stk.aem4f : lli.oem4f (.text:_LLIExpListRemove)
                  0001a8c8    0000002c               : lli.oem4f (.text:_LLITimeoutFlush)
                  0001a8f4    0000002c               : rtable.oem4f (.text:_RtExpListRemove)
                  0001a920    0000002c     sysbios.aem4f : BIOS.obj (.text:_pthread_cleanupFxn)
                  0001a94c    00000004                   : BIOS.obj (.text:ti_sysbios_family_arm_lm4_Timer_masterEnable__I)
                  0001a950    0000002c                   : BIOS.obj (.text:clockFxn$41)
                  0001a97c    0000002c     slnetsock_release.a : slnetutils.oem4f (.text:mergeLists)
                  0001a9a8    0000002c     udpEcho.obj (.text:select)
                  0001a9d4    0000002c     release_pem4f.oem4f (.text:ti_sysbios_gates_GateHwi_Handle__label__S)
                  0001aa00    0000002c     release_pem4f.oem4f (.text:ti_sysbios_gates_GateMutex_Handle__label__S)
                  0001aa2c    0000002c     release_pem4f.oem4f (.text:ti_sysbios_heaps_HeapMem_Handle__label__S)
                  0001aa58    0000002c     release_pem4f.oem4f (.text:ti_sysbios_knl_Clock_doTick__I)
                  0001aa84    00000004     release_pem4f.oem4f (.text:ti_sysbios_family_arm_m3_Hwi_delete)
                  0001aa88    0000002c     sysbios.aem4f : BIOS.obj (.text:ti_sysbios_knl_Clock_getTimeout__E)
                  0001aab4    0000002c     release_pem4f.oem4f (.text:ti_sysbios_knl_Queue_construct)
                  0001aae0    0000002c     rtsv7M4_T_le_v4SPD16_eabi.lib : unlink.c.obj (.text:unlink)
                  0001ab0c    0000002a     stk.aem4f : pbm.oem4f (.text:PBMQ_deq)
                  0001ab36    0000002a     netctrl_min_ipv4.aem4f : netsrv.oem4f (.text:ServiceCallback)
                  0001ab60    0000002a     slnetsock_release.a : slnetutils.oem4f (.text:SlNetUtil_inetPton)
                  0001ab8a    0000002a     stk.aem4f : tcpin.oem4f (.text:TcpEnterTimeWait)
                  0001abb4    0000002a     msp432e4_driverlib.a : timer.o (.text:TimerLoadSet)
                  0001abde    0000002a                          : timer.o (.text:TimerPrescaleSet)
                  0001ac08    0000002a     nettool_ipv4.aem4f : config.oem4f (.text:_CfgRelease)
                  0001ac32    0000002a     release_pem4f.oem4f (.text:calloc)
                  0001ac5c    0000002a     ti_ndk_config.obj (.text:configUdp)
                  0001ac86    0000002a     nettool_ipv4.aem4f : dhcpsock.oem4f (.text:dhcpPacketReceive)
                  0001acb0    0000002a     sysbios.aem4f : BIOS.obj (.text:sem_init)
                  0001acda    00000002     --HOLE-- [fill = 0]
                  0001acdc    00000028     stk.aem4f : bind.oem4f (.text:BindFindByNet)
                  0001ad04    00000028     msp432e4_driverlib.a : flash.o (.text:FlashUserGet)
                  0001ad2c    00000028     stk.aem4f : lli.oem4f (.text:LLIFree)
                  0001ad54    00000028     netctrl_min_ipv4.aem4f : netctrl.oem4f (.text:NC_SystemClose)
                  0001ad7c    00000028     stk.aem4f : socket.oem4f (.text:NDK_registerHook)
                  0001ada4    00000028               : nimu.oem4f (.text:NIMUCreatePacket)
                  0001adcc    00000028               : nimu.oem4f (.text:NIMUPacketService)
                  0001adf4    00000028     slnetsock_release.a : slnetif.oem4f (.text:SlNetIf_getIfByID)
                  0001ae1c    00000028                         : slnetsock.oem4f (.text:SlNetSock_sdsClr)
                  0001ae44    00000028                         : slnetsock.oem4f (.text:SlNetSock_sdsIsSet)
                  0001ae6c    00000028                         : slnetsock.oem4f (.text:SlNetSock_sdsSet)
                  0001ae94    00000028     stk.aem4f : timer.oem4f (.text:TimerListRemove)
                  0001aebc    00000028               : vlan.oem4f (.text:VLANInit)
                  0001aee4    00000028     rtsv7M4_T_le_v4SPD16_eabi.lib : lseek.c.obj (.text:lseek)
                  0001af0c    00000028                                   : memmov.c.obj (.text:memmove)
                  0001af34    00000028     slnetifndk_msp432e4.aem4f : slnetifndk.oem4f (.text:removeSktFromTable)
                  0001af5c    00000028     drivers_msp432e4.aem4f : EMACMSP432E4.oem4f (.text:signalLinkChange)
                  0001af84    00000028     sysbios.aem4f : m3_Hwi_asm.obj (.text:ti_sysbios_family_arm_m3_Hwi_excHandlerAsm__I)
                  0001afac    00000004     release_pem4f.oem4f (.text:ti_sysbios_family_arm_m3_TaskSupport_Module__startupDone__S)
                  0001afb0    00000028     sysbios.aem4f : BIOS.obj (.text:ti_sysbios_knl_Clock_addI__E)
                  0001afd8    00000028                   : BIOS.obj (.text:ti_sysbios_knl_Swi_Module_startup__E)
                  0001b000    00000028     rtsv7M4_T_le_v4SPD16_eabi.lib : vsprintf.c.obj (.text:vsprintf)
                  0001b028    00000028                                   : write.c.obj (.text:write)
                  0001b050    00000026     nettool_ipv4.aem4f : config.oem4f (.text:CfgEntryInfo)
                  0001b076    00000026     sysbios.aem4f : m3_Hwi_asm.obj (.text:ti_sysbios_family_arm_m3_Hwi_pendSV__I)
                  0001b09c    00000004     release_pem4f.oem4f (.text:ti_sysbios_heaps_HeapMem_Module_GateProxy_enter__E)
                  0001b0a0    00000026     sysbios.aem4f : BIOS.obj (.text:xdc_runtime_System_vprintf__E)
                  0001b0c6    00000002     --HOLE-- [fill = 0]
                  0001b0c8    00000024     stk.aem4f : bind.oem4f (.text:BindFindByHost)
                  0001b0ec    00000024               : bind.oem4f (.text:BindGetIFByDBCast)
                  0001b110    00000024     drivers_msp432e4.aem4f : EMACMSP432E4.oem4f (.text:EMACMSP432E4_pkt_service)
                  0001b134    00000024     stk.aem4f : exec.oem4f (.text:ExecTimer)
                  0001b158    00000024     msp432e4_driverlib.a : gpio.o (.text:GPIOPinTypeEthernetLED)
                  0001b17c    00000024                          : gpio.o (.text:GPIOPinTypeUART)
                  0001b1a0    00000024     stk.aem4f : nimu.oem4f (.text:NIMUFindByIndex)
                  0001b1c4    00000024               : rtc.oem4f (.text:RTCAddHook)
                  0001b1e8    00000024               : rawethsock_pcb.oem4f (.text:RawEthSockPcbFind)
                  0001b20c    00000024               : route.oem4f (.text:RtFree)
                  0001b230    00000024               : route.oem4f (.text:RtSetTimeout)
                  0001b254    00000024     slnetsock_release.a : slnetif.oem4f (.text:SlNetIf_getConnectionStatus)
                  0001b278    00000024     stk.aem4f : sockpcb.oem4f (.text:SockPcbCleanup)
                  0001b29c    00000024               : tcpprot.oem4f (.text:TcpPrListen)
                  0001b2c0    00000024               : tcptime.oem4f (.text:TcpTimeoutWait2)
                  0001b2e4    00000024     msp432e4_driverlib.a : uart.o (.text:UARTCharPutNonBlocking)
                  0001b308    00000024                          : uart.o (.text:UARTEnable)
                  0001b32c    00000024     stk.aem4f : vlan.oem4f (.text:VLANFindSourceInterface)
                  0001b350    00000024     nettool_ipv4.aem4f : config.oem4f (.text:_CfgEntryProcess)
                  0001b374    00000004     release_pem4f.oem4f (.text:ti_sysbios_heaps_HeapMem_Module_GateProxy_leave__E)
                  0001b378    00000024     sysbios.aem4f : BIOS.obj (.text:pthread_attr_init)
                  0001b39c    00000024     os.aem4f : task.oem4f (.text:ti_ndk_os_threadStub)
                  0001b3c0    00000024     release_pem4f.oem4f (.text:ti_sysbios_BIOS_registerRTSLock__I)
                  0001b3e4    00000024     release_pem4f.oem4f (.text:ti_sysbios_BIOS_removeRTSLock__I)
                  0001b408    00000024     release_pem4f.oem4f (.text:ti_sysbios_gates_GateMutex_Object__delete__S)
                  0001b42c    00000004     release_pem4f.oem4f (.text:ti_sysbios_knl_Clock_TimerProxy_getMaxTicks__E)
                  0001b430    00000024     sysbios.aem4f : BIOS.obj (.text:ti_sysbios_knl_Clock_Module_startup__E)
                  0001b454    00000024     release_pem4f.oem4f (.text:ti_sysbios_knl_Clock_Object__delete__S)
                  0001b478    00000024     sysbios.aem4f : BIOS.obj (.text:ti_sysbios_knl_Clock_start__E)
                  0001b49c    00000004     release_pem4f.oem4f (.text:ti_sysbios_knl_Clock_delete)
                  0001b4a0    00000024     sysbios.aem4f : BIOS.obj (.text:ti_sysbios_knl_Semaphore_Instance_init__E)
                  0001b4c4    00000024     release_pem4f.oem4f (.text:ti_sysbios_knl_Semaphore_Object__delete__S)
                  0001b4e8    00000024     sysbios.aem4f : BIOS.obj (.text:ti_sysbios_knl_Task_restoreHwi__E)
                  0001b50c    00000004     release_pem4f.oem4f (.text:ti_sysbios_knl_Semaphore_delete)
                  0001b510    00000024     sysbios.aem4f : BIOS.obj (.text:xdc_runtime_Error_policyMin__E)
                  0001b534    00000022     nettool_ipv4.aem4f : config.oem4f (.text:CfgEntryRef)
                  0001b556    00000022     msp432e4_driverlib.a : emac.o (.text:EMACReset)
                  0001b578    00000022                          : emac.o (.text:EMACRxEnable)
                  0001b59a    00000022                          : emac.o (.text:EMACTxEnable)
                  0001b5bc    00000022                          : gpio.o (.text:GPIOIntStatus)
                  0001b5de    00000002     --HOLE-- [fill = 0]
                  0001b5e0    00000022     sysbios.aem4f : BIOS.obj (.text:ti_sysbios_family_arm_lm4_Timer_write__I)
                  0001b602    00000002     --HOLE-- [fill = 0]
                  0001b604    00000020     msp432e4_driverlib.a : emac.o (.text:EMACFrameFilterSet)
                  0001b624    00000020     drivers_msp432e4.aem4f : EMACMSP432E4.oem4f (.text:EMACMSP432E4_primeRx)
                  0001b644    00000020     msp432e4_driverlib.a : gpio.o (.text:GPIOPinWrite)
                  0001b664    00000020     netctrl_min_ipv4.aem4f : netctrl.oem4f (.text:NC_BootComplete)
                  0001b684    00000020     stk.aem4f : nimu.oem4f (.text:NIMUGetNumOfObject)
                  0001b6a4    00000020               : rtc.oem4f (.text:RTCRemoveHook)
                  0001b6c4    00000020     drivers_msp432e4.aem4f : RingBuf.oem4f (.text:RingBuf_peek)
                  0001b6e4    00000020     stk.aem4f : tcp.oem4f (.text:TcpTimeoutRemove)
                  0001b704    00000020               : vlan.oem4f (.text:VLANFindNode)
                  0001b724    00000020               : fileuser.oem4f (.text:fdsetTestEntry)
                  0001b744    00000020     drivers_msp432e4.aem4f : GPIOMSP432E4.oem4f (.text:getGpioIntIndex)
                  0001b764    00000020     rtsv7M4_T_le_v4SPD16_eabi.lib : memchr.c.obj (.text:memchr)
                  0001b784    00000020                                   : u_tofd_t2.asm.obj (.text)
                  0001b7a4    00000020     release_pem4f.oem4f (.text:ti_sysbios_BIOS_rtsLock__I)
                  0001b7c4    00000020     release_pem4f.oem4f (.text:ti_sysbios_family_arm_m3_Hwi_Object__delete__S)
                  0001b7e4    00000004     release_pem4f.oem4f (.text:ti_sysbios_knl_Task_delete)
                  0001b7e8    00000020     sysbios.aem4f : BIOS.obj (.text:ti_sysbios_family_arm_m3_Hwi_clearInterrupt__E)
                  0001b808    00000020     release_pem4f.oem4f (.text:ti_sysbios_gates_GateHwi_Object__delete__S)
                  0001b828    00000020     release_pem4f.oem4f (.text:ti_sysbios_heaps_HeapMem_Object__delete__S)
                  0001b848    00000020     release_pem4f.oem4f (.text:ti_sysbios_knl_Clock_destruct)
                  0001b868    00000020     sysbios.aem4f : BIOS.obj (.text:ti_sysbios_knl_Idle_run__E)
                  0001b888    00000020     release_pem4f.oem4f (.text:ti_sysbios_knl_Semaphore_destruct)
                  0001b8a8    00000020     release_pem4f.oem4f (.text:ti_sysbios_knl_Task_Object__delete__S)
                  0001b8c8    0000001e     msp432e4_driverlib.a : timer.o (.text:TimerDisable)
                  0001b8e6    0000001e                          : timer.o (.text:TimerEnable)
                  0001b904    0000001e                          : uart.o (.text:UARTBusy)
                  0001b922    0000001e                          : uart.o (.text:UARTCharPut)
                  0001b940    0000001e                          : uart.o (.text:UARTCharsAvail)
[...]
0001eaf2  ti_sysbios_heaps_HeapMem_Module__id__C                          
0001eaf4  ti_sysbios_knl_Task_Object__PARAMS__C                           
0001eb30  ti_sysbios_family_arm_m3_Hwi_Object__PARAMS__C                  
0001eb60  ti_sysbios_knl_Task_hooks__A                                    
0001eb90  helpErrorOutput                                                 
0001ebbe  ti_sysbios_knl_Task_Module__id__C                               
0001ebec  UARTMSP432E4_fxnTable                                           
0001ec14  ti_sysbios_heaps_HeapMem_Module__FXNS__C                        
0001ec3c  UART_defaultParams                                              
0001ec60  ti_sysbios_gates_GateHwi_Module__FXNS__C                        
0001ec84  ti_sysbios_gates_GateMutex_Module__FXNS__C                      
0001eca8  ti_sysbios_heaps_HeapMem_Object__PARAMS__C                      
0001eccc  ti_sysbios_knl_Clock_Object__PARAMS__C                          
0001ecf0  ti_sysbios_knl_Semaphore_Object__PARAMS__C                      
0001ed34  TimerMSP432E4_fxnTable                                          
0001ed94  ti_sysbios_family_arm_m3_Hwi_Object__DESC__C                    
0001edb4  ti_sysbios_gates_GateHwi_Object__DESC__C                        
0001edd4  ti_sysbios_gates_GateMutex_Object__DESC__C                      
0001edf4  ti_sysbios_heaps_HeapMem_Object__DESC__C                        
0001ee14  ti_sysbios_knl_Clock_Object__DESC__C                            
0001ee34  ti_sysbios_knl_Queue_Object__DESC__C                            
0001ee54  ti_sysbios_knl_Semaphore_Object__DESC__C                        
0001ee74  ti_sysbios_knl_Task_Object__DESC__C                             
0001ee94  timerMSP432E4HWAttrs                                            
0001eeb4  xdc_runtime_Startup_sfxnTab__A                                  
0001eed4  EMACMSP432E4_hwAttrs                                            
0001eeec  Timer_config                                                    
0001ef1c  ti_ndk_config_Global_rawPageSize                                
0001ef20  ti_ndk_config_Global_rawPageCount                               
0001ef24  ti_ndk_config_Global_smallest                                   
0001ef28  ti_ndk_config_Global_largest                                    
0001ef2c  ti_ndk_config_Global_numFrameBuf                                
0001ef30  ti_ndk_config_Global_sizeFrameBuf                               
0001ef34  ti_sysbios_gates_GateHwi_Object__PARAMS__C                      
0001ef4c  ti_sysbios_gates_GateMutex_Object__PARAMS__C                    
0001ef64  ti_sysbios_knl_Queue_Object__PARAMS__C                          
0001ef7c  echoPrompt                                                      
0001ef94  GPIOMSP432E4_config                                             
0001efbc  heap0                                                           
0001efc0  task0                                                           
0001efc4  semaphore0                                                      
0001efc8  task1                                                           
0001efcc  tiposix_mqGate                                                  
0001efe0  xdc_runtime_Startup_firstFxns__A                                
0001eff0  xdc_runtime_Startup_sfxnRts__A                                  
0001f000  CONFIG_GPIO_0_CONST                                             
0001f001  CONFIG_GPIO_1_CONST                                             
0001f002  CONFIG_GPIO_2_CONST                                             
0001f003  CONFIG_GPIO_3_CONST                                             
0001f004  CONFIG_GPIO_4_CONST                                             
0001f005  CONFIG_GPIO_5_CONST                                             
0001f006  CONFIG_GPIO_6_CONST                                             
0001f007  CONFIG_GPIO_7_CONST                                             
0001f008  CONFIG_TIMER_0_CONST                                            
0001f009  CONFIG_TIMER_1_CONST                                            
0001f00a  Timer_count                                                     
0001f00b  CONFIG_UART_0_CONST                                             
0001f00c  UART_count                                                      
0001f00e  xdc_runtime_Memory_Module__id__C                                
0001f010  UART_config                                                     
0001f028  ti_sysbios_knl_Idle_funcList__A                                 
0001f034  PowerMSP432E4_config                                            
0001f044  ti_sysbios_knl_Idle_funcList__C                                 
0001f04c  ti_sysbios_knl_Task_hooks__C                                    
0001f054  xdc_runtime_Startup_firstFxns__C                                
0001f05c  xdc_runtime_Startup_lastFxns__C                                 
0001f064  about                                                           
0001f072  help                                                            
0001f08c  ti_sysbios_family_arm_lm4_Timer_enableFunc__C                   
0001f090  ti_sysbios_family_arm_lm4_Timer_numTimerDevices__C              
0001f094  ti_sysbios_family_arm_lm4_Timer_startupNeeded__C                
0001f098  ti_sysbios_family_arm_m3_Hwi_E_alreadyDefined__C                
0001f09c  ti_sysbios_family_arm_m3_Hwi_E_badIntNum__C                     
0001f0a0  ti_sysbios_family_arm_m3_Hwi_NUM_INTERRUPTS__C                  
0001f0a4  ti_sysbios_family_arm_m3_Hwi_Object__count__C                   
0001f0a8  ti_sysbios_family_arm_m3_Hwi_ccr__C                             
0001f0ac  ti_sysbios_family_arm_m3_Hwi_excHandlerFunc__C                  
0001f0b0  ti_sysbios_family_arm_m3_Hwi_nullIsrFunc__C                     
0001f0b4  ti_sysbios_family_arm_m3_Hwi_priGroup__C                        
0001f0b8  ti_sysbios_family_arm_m3_TaskSupport_stackAlignment__C          
0001f0bc  ti_sysbios_gates_GateMutex_Instance_State_sem__O                
0001f0c0  ti_sysbios_heaps_HeapMem_E_memory__C                            
0001f0c4  ti_sysbios_heaps_HeapMem_Module__gateObj__C                     
0001f0c8  ti_sysbios_heaps_HeapMem_Object__count__C                       
0001f0cc  ti_sysbios_heaps_HeapMem_primaryHeapBaseAddr__C                 
0001f0d0  ti_sysbios_heaps_HeapMem_primaryHeapEndAddr__C                  
0001f0d4  ti_sysbios_heaps_HeapMem_reqAlign__C                            
0001f0d8  ti_sysbios_knl_Clock_Module_State_clockQ__O                     
0001f0dc  ti_sysbios_knl_Clock_tickPeriod__C                              
0001f0e0  ti_sysbios_knl_Mailbox_Instance_State_freeQue__O                
0001f0e4  ti_sysbios_knl_Mailbox_Object__count__C                         
0001f0e8  ti_sysbios_knl_Mailbox_maxTypeAlign__C                          
0001f0ec  ti_sysbios_knl_Semaphore_Instance_State_pendQ__O                
0001f0f0  ti_sysbios_knl_Swi_Object__count__C                             
0001f0f4  ti_sysbios_knl_Task_E_deleteNotAllowed__C                       
0001f0f8  ti_sysbios_knl_Task_Module_State_inactiveQ__O                   
0001f0fc  ti_sysbios_knl_Task_Module_State_terminatedQ__O                 
0001f100  ti_sysbios_knl_Task_Object__count__C                            
0001f104  ti_sysbios_knl_Task_Object__heap__C                             
0001f108  ti_sysbios_knl_Task_allBlockedFunc__C                           
0001f10c  ti_sysbios_knl_Task_defaultStackHeap__C                         
0001f110  ti_sysbios_knl_Task_defaultStackSize__C                         
0001f114  ti_sysbios_knl_Task_numConstructedTasks__C                      
0001f118  xdc_runtime_Error_E_memory__C                                   
0001f11c  xdc_runtime_Error_policyFxn__C                                  
0001f120  xdc_runtime_IGateProvider_Interface__BASE__C                    
0001f124  xdc_runtime_IHeap_Interface__BASE__C                            
0001f128  xdc_runtime_IModule_Interface__BASE__C                          
0001f12c  xdc_runtime_Memory_defaultHeapInstance__C                       
0001f130  xdc_runtime_Startup_execImpl__C                                 
0001f134  xdc_runtime_Startup_maxPasses__C                                
0001f138  xdc_runtime_Startup_sfxnRts__C                                  
0001f13c  xdc_runtime_Startup_sfxnTab__C                                  
0001f140  xdc_runtime_SysCallback_abortFxn__C                             
0001f144  xdc_runtime_SysCallback_exitFxn__C                              
0001f148  xdc_runtime_SysCallback_putchFxn__C                             
0001f14c  xdc_runtime_SysCallback_readyFxn__C                             
0001f150  xdc_runtime_System_Module__gateObj__C                           
0001f154  xdc_runtime_System_abortFxn__C                                  
0001f158  xdc_runtime_System_exitFxn__C                                   
0001f15c  xdc_runtime_System_extendFxn__C                                 
0001f160  xdc_runtime_System_maxAtexitHandlers__C                         
0001f168  __TI_static_base__                                              
0001f6f0  __TI_Handler_Table_Base                                         
0001f6fc  __TI_Handler_Table_Limit                                        
0001f708  __TI_CINIT_Base                                                 
0001f718  __TI_CINIT_Limit                                                
00020000  HEAPSIZE                                                        
20000000  __start___llvm_prf_cnts                                         
20000000  __stop___llvm_prf_cnts                                          
20000000  ti_sysbios_family_arm_m3_Hwi_ramVectors                         
20000360  __primary_heap_start__                                          
20020360  __primary_heap_end__                                            
20020360  ti_ndk_config_Global_pit                                        
20020408  ti_ndk_config_Global_pitBuffer                                  
20024c08  ti_sysbios_knl_Task_Instance_State_0_stack__A                   
20026c08  ti_sysbios_knl_Task_Instance_State_1_stack__A                   
20028c08  ti_sysbios_knl_Task_Instance_State_2_stack__A                   
20028e08  ti_ndk_config_Global_pBufMem                                    
2002ca08  ti_ndk_config_Global_pHdrMem                                    
2002cd78  Glo                                                             
2002f0d8  ti_sysbios_family_arm_m3_Hwi_dispatchTable                      
2002f438  __CIOBUF_                                                       
2002f658  NDK_tcps                                                        
2002f7c8  __TI_tmpnams                                                    
2002fb00  NDK_ips                                                         
2002fb68  timerMSP432E4Objects                                            
2002fbd0  nimu_mcb                                                        
2002fc34  uartMSP432E4Objects                                             
2002fc98  NDK_ICMPIn                                                      
2002fce4  NDK_ICMPOut                                                     
2002fd98  ti_ndk_socket_fdtable                                           
2002fdc0  vlan_mcb                                                        
2002fde8  NDK_udps                                                        
2002fef8  stkEvent                                                        
2002ff34  NDK_raweths                                                     
2002ff44  NDK_raws                                                        
2002ff54  PBMQ_free                                                       
2002ff60  tpseudo                                                         
2002ff6c  upseudo                                                         
2002ff88  parmbuf                                                         
2002ff90  ti_sysbios_knl_Task_Instance_State_0_hookEnv__A                 
2002ff98  ti_sysbios_knl_Task_Instance_State_1_hookEnv__A                 
2002ffa0  ti_sysbios_knl_Task_Instance_State_2_hookEnv__A                 
2002ffb8  _IGMPInDiscard                                                  
2002ffbc  _IGMPInQuery                                                    
2002ffc0  _IGMPInQueryGroup                                               
2002ffc4  _IGMPInResponse                                                 
2002ffc8  _IGMPOutResponse                                                
2002ffcc  raweth_pcb                                                      
2002ffd0  input                                                           
2002ffd4  PowerMSP432E4_module                                            
20030140  _ftable                                                         
20030230  ti_sysbios_knl_Task_Object__table__V                            
20030314  _ipcfg                                                          
20030454  aboutOutput                                                     
200304d4  callbackCommand                                                 
20030554  command                                                         
200305d4  previousCommand                                                 
20030654  ti_sysbios_knl_Swi_Module_State_0_readyQ__A                     
200306d4  ti_sysbios_knl_Task_Module_State_0_readyQ__A                    
20030754  _device                                                         
200307cc  SlNetIfConfigNDK                                                
20030824  ti_sysbios_gates_GateMutex_Object__table__V                     
20030878  _stream                                                         
20030915  arrowInput                                                      
20030918  ti_sysbios_knl_Task_Module__state__V                            
200309dc  ti_sysbios_family_arm_lm4_Timer_Module_State_0_device__A        
20030a1c  ti_sysbios_family_arm_lm4_Timer_Object__table__V                
20030a90  ti_sysbios_family_arm_m3_Hwi_Module__state__V                   
20030af4  ti_sysbios_knl_Swi_Object__table__V                             
20030b50  ti_sysbios_knl_Clock_Module__state__V                           
20030b7c  _oscfg                                                          
20030bc8  ti_sysbios_BIOS_Module__state__V                                
20030bec  gpioCallbackFunctions                                           
20030c0c  gpioPinConfigs                                                  
20030c2c  pstrMsgName                                                     
20030c4c  ti_sysbios_family_arm_lm4_Timer_Module_State_0_handles__A       
20030c6c  xdc_runtime_Error_IgnoreBlock                                   
20030c8c  timerCallbackCount                                              
20030c90  leftButtonCallbackCount                                         
20030c94  rightButtonCallbackCount                                        
20030c98  messageIndex                                                    
20030c9c  i                                                               
20030ca0  overflowFlag                                                    
20030ca4  callbackPeriod                                                  
20030cc4  ti_ndk_config_Global_Id2Size                                    
20030ce0  ti_sysbios_knl_Swi_Module__state__V                             
20030d14  ti_sysbios_family_arm_m3_Hwi_Object__table__V                   
20030d2c  ti_sysbios_heaps_HeapMem_Object__table__V                       
20030d94  ti_sysbios_family_arm_lm4_Seconds_Module__state__V              
20030da8  ti_sysbios_knl_Semaphore_Object__table__V                       
20030dec  __TI_ft_end                                                     
20030df0  __aeabi_stdin                                                   
20030df4  __aeabi_stdout                                                  
20030df8  __aeabi_stderr                                                  
20030e04  _IGMPForceVersion1                                              
20030e0c  __TI_cleanup_ptr                                                
20030e10  __TI_dtors_ptr                                                  
20030e14  __TI_enable_exit_profile_output                                 
20030e18  errorCount                                                      
20030e24  NDK_createSockCtx                                               
20030e28  NDK_closeSockCtx                                                
20030e2c  NDK_netStartError                                               
20030e30  ti_sysbios_family_arm_lm4_Timer_Module__state__V                
20030e48  _lock                                                           
20030e4c  _unlock                                                         
20030e50  NIMUDeviceTable                                                 
20030e68  NDK_ICMPInErrors                                                
20030e6c  NDK_ICMPOutErrors                                               
20030e70  _IPExecuting                                                    
20030e90  tcp_iss                                                         
20030e94  ptTimeFirst                                                     
20030ea0  ti_ndk_socket_max_fd                                            
20030ea8  ti_sysbios_family_arm_m3_Hwi_Module__root__V                    
20030eb0  ti_sysbios_gates_GateHwi_Module__root__V                        
20030eb8  ti_sysbios_gates_GateMutex_Module__root__V                      
20030ec0  ti_sysbios_heaps_HeapMem_Module__root__V                        
20030ec8  ti_sysbios_knl_Clock_Module__root__V                            
20030ed0  ti_sysbios_knl_Queue_Module__root__V                            
20030ed8  ti_sysbios_knl_Semaphore_Module__root__V                        
20030ee0  ti_sysbios_knl_Task_Module__root__V                             
20030ee8  xdc_runtime_Startup_Module__state__V                            
20030ef0  xdc_runtime_System_Module_State_0_atexitHandlers__A             
20030ef8  xdc_runtime_System_Module__state__V                             
20030f19  newLine                                                         
20030f24  main_func_sp                                                    
20030f30  _IPReasmPtr                                                     
20030f44  ti_sysbios_family_arm_m3_Hwi_Module_State_0_excContext__A       
20030f48  ti_sysbios_family_arm_m3_Hwi_Module_State_0_excStack__A         
20030f4c  ti_sysbios_gates_GateHwi_Object__table__V                       
20030f50  ti_sysbios_knl_Task_Module_State_0_idleTask__A                  
20030f54  ti_sysbios_rts_ti_ReentSupport_Module__state__V                 
20030f58  xdc_runtime_Memory_Module__state__V                             
20030f62  ti_sysbios_family_arm_m3_Hwi_Module_State_0_excActive__A        
2003fc00  __stack                                                         
20040000  __STACK_END                                                     
e000e000  ti_sysbios_family_arm_m3_Hwi_nvic                               
ffffffff  __TI_pprof_out_hndl                                             
ffffffff  __TI_prof_data_size                                             
ffffffff  __TI_prof_data_start                                            
ffffffff  __binit__                                                       
ffffffff  __c_args__                                                      
ffffffff  binit                                                           
UNDEFED   SHT$$INIT_ARRAY$$Base                                           
UNDEFED   SHT$$INIT_ARRAY$$Limit                                          

[1229 symbols]
