******************************************************************************
                  TI ARM Linker Unix v20.2.7                   
******************************************************************************
>> Linked Fri Oct  7 13:16:39 2022

OUTPUT FILE NAME:   <udpecho_MSP_EXP432E401Y_tirtos_ccs.out>
ENTRY POINT SYMBOL: "_c_int00"  address: 00016885


MEMORY CONFIGURATION

         name            origin    length      used     unused   attr    fill
----------------------  --------  ---------  --------  --------  ----  --------
  FLASH                 00000000   00100000  0001dd82  000e227e  R  X
  SRAM                  20000000   00040000  0002ffe1  0001001f  RW X


SEGMENT ALLOCATION MAP

run origin  load origin   length   init length attrs members
----------  ----------- ---------- ----------- ----- -------
00000000    00000000    0001dd88   0001dd88    r-x
  00000000    00000000    0000003c   0000003c    r-- .resetVecs
  00000040    00000040    0001c45a   0001c45a    r-x .text
  0001c49c    0001c49c    00001334   00001334    r-- .const
  0001d7d0    0001d7d0    000005b8   000005b8    r-- .cinit
20000360    20000360    00020000   00000000    r--
  20000360    20000360    00020000   00000000    r-- .priheap
20020360    20020360    0000f884   00000000    rw-
  20020360    20020360    0000df6d   00000000    rw- .bss
  2002e2d0    2002e2d0    00001914   00000000    rw- .data
2003fc00    2003fc00    00000400   00000000    rw-
  2003fc00    2003fc00    00000400   00000000    rw- .stack


SECTION ALLOCATION MAP

 output                                  attributes/
section   page    origin      length       input sections
--------  ----  ----------  ----------   ----------------
.text      0    00000040    0001c45a     
                  00000040    00001128     infrastructure.obj (.text:commandEntry)
                  00001168    00000d0c     stk.aem4f : tcpin.oem4f (.text:TcpInput)
                  00001e74    00000a4e     rtsv7M4_T_le_v4SPD16_eabi.lib : _printfi.c.obj (.text:__TI_printfi)
                  000028c2    00000002     ti_drivers_config.obj (.text:Board_initHook)
                  000028c4    0000090c     stk.aem4f : tcpout.oem4f (.text:TcpOutput)
                  000031d0    000004f0     slnetifndk_msp432e4.aem4f : slnetifndk.oem4f (.text:SlNetIfNDK_getSockOpt)
                  000036c0    0000048c     stk.aem4f : ipout.oem4f (.text:IPTxPacket)
                  00003b4c    00000004               : bind.oem4f (.text:BindGetIF)
                  00003b50    00000468     sysbios.aem4f : BIOS.obj (.text:xdc_runtime_System_doPrint__I)
                  00003fb8    000003cc     infrastructure.obj (.text:infra)
                  00004384    000003a0     stk.aem4f : ipin.oem4f (.text:IPRxPacket)
                  00004724    00000396     nettool_ipv4.aem4f : dnscomn.oem4f (.text:DNSResolveByName)
                  00004aba    00000002     stk.aem4f : nat.oem4f (.text:NatMsg)
                  00004abc    00000350     slnetsock_release.a : slnetutils.oem4f (.text:SlNetUtil_getAddrInfo)
                  00004e0c    0000030a     nettool_ipv4.aem4f : dnscomn.oem4f (.text:DNSResolveByAddr)
                  00005116    00000002     drivers_msp432e4.aem4f : TimerMSP432E4.oem4f (.text:TimerMSP432E4_init)
                  00005118    000002f0                            : UARTMSP432E4.oem4f (.text:UARTMSP432E4_open)
                  00005408    000002ec     slnetifndk_msp432e4.aem4f : slnetifndk.oem4f (.text:SlNetIfNDK_setSockOpt)
                  000056f4    000002ea     nettool_ipv4.aem4f : dnscomn.oem4f (.text:DNSResolveByNS)
                  000059de    00000002     drivers_msp432e4.aem4f : UARTMSP432E4.oem4f (.text:UARTMSP432E4_init)
                  000059e0    000002ac     stk.aem4f : sock.oem4f (.text:SockSet)
                  00005c8c    000002a4     udpEcho.obj (.text:echoFxn)
                  00005f30    000002a0     sysbios.aem4f : BIOS.obj (.text:ti_sysbios_family_arm_msp432e4_init_Boot_sysCtlClockFreqSetI__I)
                  000061d0    0000028c     udpEchoHooks.obj (.text:netIPAddrHook)
                  0000645c    00000274     stk.aem4f : icmpin.oem4f (.text:ICMPInput)
                  000066d0    00000270     rtsv7M4_T_le_v4SPD16_eabi.lib : _printfi.c.obj (.text:_pconv_a)
                  00006940    0000025e     stk.aem4f : fileuser.oem4f (.text:fdPoll)
                  00006b9e    00000002     hal_ser_stub.aem4f : llserstb.oem4f (.text:_llSerialServiceCheck)
                  00006ba0    0000025c     stk.aem4f : ipfrag.oem4f (.text:IPReasm)
                  00006dfc    0000023a     msp432e4_driverlib.a : gpio.o (.text:GPIOPadConfigSet)
                  00007036    00000002     hal_ser_stub.aem4f : llserstb.oem4f (.text:_llSerialShutdown)
                  00007038    00000230     stk.aem4f : udp.oem4f (.text:UdpInput)
                  00007268    00000218     netctrl_min_ipv4.aem4f : netctrl.oem4f (.text:NC_NetStart)
                  00007480    00000218     slnetifndk_msp432e4.aem4f : slnetifndk.oem4f (.text:SlNetIfNDK_recvFrom)
                  00007698    00000208     uartecho.obj (.text:taskUartEcho)
                  000078a0    00000200     slnetifndk_msp432e4.aem4f : slnetifndk.oem4f (.text:SlNetIfNDK_sendTo)
                  00007aa0    000001f8     stk.aem4f : sock.oem4f (.text:SockGet)
                  00007c98    000001ec     slnetifndk_msp432e4.aem4f : slnetifndk.oem4f (.text:SlNetIfNDK_accept)
                  00007e84    000001ec     stk.aem4f : sock.oem4f (.text:SockRecv)
                  00008070    000001ea     nettool_ipv4.aem4f : dnspkt.oem4f (.text:DNSGetReply)
                  0000825a    00000002     hal_userled_stub.aem4f : llled.oem4f (.text:_llUserLedInit)
                  0000825c    000001d0     stk.aem4f : lliin.oem4f (.text:LLIRxPacket)
                  0000842c    000001d0     rtsv7M4_T_le_v4SPD16_eabi.lib : _printfi.c.obj (.text:_pconv_g)
                  000085fc    000001c8     drivers_msp432e4.aem4f : EMACMSP432E4.oem4f (.text:EMACMSP432E4_emacStart)
                  000087c4    000001b6     rtsv7M4_T_le_v4SPD16_eabi.lib : fd_add_t2.asm.obj (.text)
                  0000897a    00000002     hal_userled_stub.aem4f : llled.oem4f (.text:_llUserLedShutdown)
                  0000897c    000001b4     stk.aem4f : sock.oem4f (.text:SockNew)
                  00008b30    000001b0               : lliout.oem4f (.text:LLITxIpPacket)
                  00008ce0    000001b0               : udp.oem4f (.text:UdpOutput)
                  00008e90    0000019c     os.aem4f : mem.oem4f (.text:mmAlloc)
                  0000902c    00000198     nettool_ipv4.aem4f : dnsclnt.oem4f (.text:DNSResolve)
                  000091c4    00000198     stk.aem4f : igmp.oem4f (.text:IGMPInput)
                  0000935c    00000198     slnetsock_release.a : slnetsock.oem4f (.text:SlNetSock_select)
                  000094f4    00000194     nettool_ipv4.aem4f : dhcpmain.oem4f (.text:DHCPOpen)
                  00009688    00000188                        : ipaddr.oem4f (.text:NtGetPublicHost)
                  00009810    00000188     stk.aem4f : fileuser.oem4f (.text:fdSelect)
                  00009998    00000188     release_pem4f.oem4f (.text:xdc_runtime_System_printfExtend__I)
                  00009b20    00000184     drivers_msp432e4.aem4f : GPIOMSP432E4.oem4f (.text:GPIO_setConfig)
                  00009ca4    00000184     slnetifndk_msp432e4.aem4f : slnetifndk.oem4f (.text:SlNetIfNDK_getPeerName)
                  00009e28    00000184                               : slnetifndk.oem4f (.text:SlNetIfNDK_getSockName)
                  00009fac    0000017c     drivers_msp432e4.aem4f : EMACMSP432E4.oem4f (.text:EMACMSP432E4_NIMUInit)
                  0000a128    00000178     slnetifndk_msp432e4.aem4f : slnetifndk.oem4f (.text:SlNetIfNDK_recv)
                  0000a2a0    00000178     stk.aem4f : tcpout.oem4f (.text:TcpGenPacket)
                  0000a418    00000170     nettool_ipv4.aem4f : dnscomn.oem4f (.text:DNSResolveExternal)
                  0000a588    00000170     stk.aem4f : rtc.oem4f (.text:RTCReport)
                  0000a6f8    0000016d     nettool_ipv4.aem4f : dnspkt.oem4f (.text:DNSReadRecord)
                  0000a865    00000001     --HOLE-- [fill = 0]
                  0000a866    00000002     rtsv7M4_T_le_v4SPD16_eabi.lib : _lock.c.obj (.text:_nop)
                  0000a868    0000016c     slnetifndk_msp432e4.aem4f : slnetifndk.oem4f (.text:SlNetIfNDK_send)
                  0000a9d4    0000016a     stk.aem4f : sb.oem4f (.text:SBRead)
                  0000ab3e    00000002     hal_ser_stub.aem4f : llserstb.oem4f (.text:llSerialService)
                  0000ab40    00000168     slnetifndk_msp432e4.aem4f : slnetifndk.oem4f (.text:SlNetIfNDK_connect)
                  0000aca8    00000160     stk.aem4f : icmp.oem4f (.text:ICMPGenPacket)
                  0000ae08    00000160               : sock.oem4f (.text:SockConnect)
                  0000af68    00000158               : nimu.oem4f (.text:NIMUInit)
                  0000b0c0    00000154     sysbios.aem4f : BIOS.obj (.text:ti_sysbios_knl_Task_Instance_finalize__E)
                  0000b214    00000148     ti_ndk_config.obj (.text:ndkStackThread)
                  0000b35c    00000144     stk.aem4f : bind.oem4f (.text:BindNew)
                  0000b4a0    00000144     slnetifndk_msp432e4.aem4f : slnetifndk.oem4f (.text:SlNetIfNDK_select)
                  0000b5e4    00000144     stk.aem4f : sockpcb.oem4f (.text:SockPcbResolve)
                  0000b728    00000140               : tcp.oem4f (.text:TcpTimeoutCheck)
                  0000b868    0000013c     nettool_ipv4.aem4f : config.oem4f (.text:CfgAddEntry)
                  0000b9a4    0000013c     netctrl_min_ipv4.aem4f : netctrl.oem4f (.text:NetScheduler)
                  0000bae0    0000013c     slnetifndk_msp432e4.aem4f : slnetifndk.oem4f (.text:SlNetIfNDK_ifCreateContext)
                  0000bc1c    0000013c     stk.aem4f : sockint.oem4f (.text:SockNotify)
                  0000bd58    0000013c               : sock.oem4f (.text:SockSend)
                  0000be94    0000013c     rtsv7M4_T_le_v4SPD16_eabi.lib : _printfi.c.obj (.text:_pconv_e)
                  0000bfd0    00000136                                   : fd_div_t2.asm.obj (.text)
                  0000c106    00000002                                   : div0.asm.obj (.text)
                  0000c108    00000134     drivers_msp432e4.aem4f : EMACMSP432E4.oem4f (.text:EMACMSP432E4_handleRx)
                  0000c23c    00000130     rtsv7M4_T_le_v4SPD16_eabi.lib : strtol.c.obj (.text:strtol)
                  0000c36c    00000004     stk.aem4f : bind.oem4f (.text:BindGetNext)
                  0000c370    00000130     sysbios.aem4f : BIOS.obj (.text:ti_sysbios_knl_Semaphore_pend__E)
                  0000c4a0    00000124     rtsv7M4_T_le_v4SPD16_eabi.lib : _printfi.c.obj (.text:fcvt)
                  0000c5c4    00000120     slnetsock_release.a : errnoutil.oem4f (.text:ErrnoUtil_set)
                  0000c6e4    00000120     slnetifndk_msp432e4.aem4f : slnetifndk.oem4f (.text:SlNetIfNDK_close)
                  0000c804    00000004     dpl_msp432e4.aem4f : ClockP_tirtos.oem4f (.text:ClockP_getCpuFreq)
                  0000c808    00000120     sysbios.aem4f : BIOS.obj (.text:xdc_runtime_Startup_startMods__I)
                  0000c928    00000118     drivers_msp432e4.aem4f : TimerMSP432E4.oem4f (.text:TimerMSP432E4_open)
                  0000ca40    00000114     stk.aem4f : nimu.oem4f (.text:NIMUIoctl)
                  0000cb54    00000114               : raw.oem4f (.text:RawInput)
                  0000cc68    00000114     slnetifndk_msp432e4.aem4f : slnetifndk.oem4f (.text:SlNetIfNDK_getIPAddr)
                  0000cd7c    00000114     rtsv7M4_T_le_v4SPD16_eabi.lib : fputs.c.obj (.text:fputs)
                  0000ce90    00000110     stk.aem4f : node.oem4f (.text:NodeTreeFree)
                  0000cfa0    00000110               : route.oem4f (.text:RtCreate)
                  0000d0b0    00000110               : rtable.oem4f (.text:RtFind)
                  0000d1c0    00000110     rtsv7M4_T_le_v4SPD16_eabi.lib : s_scalbn.c.obj (.text:scalbn)
                  0000d2d0    00000110                                   : strtoul.c.obj (.text:strtoul)
                  0000d3e0    00000110     sysbios.aem4f : BIOS.obj (.text:ti_sysbios_knl_Task_postInit__I)
                  0000d4f0    0000010c     slnetifndk_msp432e4.aem4f : slnetifndk.oem4f (.text:getBSDSlNetErr)
                  0000d5fc    00000004     dpl_msp432e4.aem4f : ClockP_tirtos.oem4f (.text:ClockP_setTimeout)
                  0000d600    0000010c     sysbios.aem4f : BIOS.obj (.text:ti_sysbios_family_arm_lm4_Timer_start__E)
                  0000d70c    0000010a     stk.aem4f : tcpprot.oem4f (.text:TcpPrSetOption)
                  0000d816    00000002     release_pem4f.oem4f (.text:ti_sysbios_BIOS_nullFunc__I)
                  0000d818    00000108     slnetsock_release.a : slnetutils.oem4f (.text:SlNetUtil_str2BinIpV6)
                  0000d920    00000104     nettool_ipv4.aem4f : dhcppkt.oem4f (.text:dhcpPacketProcess)
                  0000da24    00000102                        : inetaddr.oem4f (.text:inet_aton)
                  0000db26    00000002     --HOLE-- [fill = 0]
                  0000db28    00000100     stk.aem4f : icmp.oem4f (.text:ICMPSendRtAdv)
                  0000dc28    00000100               : igmp.oem4f (.text:IGMPSendReply)
                  0000dd28    000000fc     rtsv7M4_T_le_v4SPD16_eabi.lib : fd_mul_t2.asm.obj (.text)
                  0000de24    000000f8     slnetsock_release.a : slnetutils.oem4f (.text:SlNetUtil_inetAton)
                  0000df1c    000000f8     os.aem4f : os_ll.oem4f (.text:llEnter)
                  0000e014    00000004     dpl_msp432e4.aem4f : ClockP_tirtos.oem4f (.text:ClockP_start)
                  0000e018    000000f8     sysbios.aem4f : BIOS.obj (.text:timer_create)
                  0000e110    000000f4     stk.aem4f : sock.oem4f (.text:SockClose)
                  0000e204    000000f4     infrastructure.obj (.text:initializeDrivers)
                  0000e2f8    000000f0     stk.aem4f : lliout.oem4f (.text:LLIGenArpPacket)
                  0000e3e8    000000f0               : rawethsock.oem4f (.text:RawEthSockNew)
                  0000e4d8    000000f0     sysbios.aem4f : BIOS.obj (.text:pthread_create)
                  0000e5c8    000000f0     udpEchoHooks.obj (.text:serviceReport)
                  0000e6b8    000000f0     sysbios.aem4f : m3_Hwi_asm.obj (.text:ti_sysbios_family_arm_m3_Hwi_dispatch__I)
                  0000e7a8    000000ee     nettool_ipv4.aem4f : dnspkt.oem4f (.text:DNSWriteRecord)
                  0000e896    00000002     --HOLE-- [fill = 0]
                  0000e898    000000ee     slnetifndk_msp432e4.aem4f : slnetifndk.oem4f (.text:SlNetIfNDK_socket)
                  0000e986    00000002     --HOLE-- [fill = 0]
                  0000e988    000000ec     sysbios.aem4f : BIOS.obj (.text:clock_gettime)
                  0000ea74    000000ea     stk.aem4f : pipe.oem4f (.text:PipeRecv)
                  0000eb5e    000000e8     nettool_ipv4.aem4f : dnspkt.oem4f (.text:DNSWriteName)
                  0000ec46    00000002     --HOLE-- [fill = 0]
                  0000ec48    000000e8     sysbios.aem4f : BIOS.obj (.text:ti_sysbios_knl_Task_Instance_init__E)
                  0000ed30    000000e8                   : BIOS.obj (.text:timer_settime)
                  0000ee18    000000e4     slnetsock_release.a : slnetif.oem4f (.text:SlNetIf_add)
                  0000eefc    000000e4     stk.aem4f : sockpcb.oem4f (.text:SockPcbBind)
                  0000efe0    000000e0     msp432e4_driverlib.a : emac.o (.text:EMACInit)
                  0000f0c0    000000e0     stk.aem4f : tcptime.oem4f (.text:TcpTimeoutRexmt)
                  0000f1a0    000000de     nettool_ipv4.aem4f : dhcpsock.oem4f (.text:dhcpSocketOpen)
                  0000f27e    00000002     --HOLE-- [fill = 0]
                  0000f280    000000dc     stk.aem4f : sb.oem4f (.text:SBWrite)
                  0000f35c    000000dc     rtsv7M4_T_le_v4SPD16_eabi.lib : setvbuf.c.obj (.text:setvbuf)
                  0000f438    000000da     nettool_ipv4.aem4f : dhcpsm.oem4f (.text:dhcpState)
                  0000f512    00000002     --HOLE-- [fill = 0]
                  0000f514    000000d8     stk.aem4f : node.oem4f (.text:NodeAdd)
                  0000f5ec    000000d8     slnetifndk_msp432e4.aem4f : slnetifndk.oem4f (.text:SlNetIfNDK_bind)
                  0000f6c4    000000d4                               : slnetifndk.oem4f (.text:SlNetIfNDK_listen)
                  0000f798    000000d1     stk.aem4f : nimu.oem4f (.text:NIMUReceivePacket)
                  0000f869    00000003     --HOLE-- [fill = 0]
                  0000f86c    000000d0     netctrl_min_ipv4.aem4f : netsrv.oem4f (.text:SPIpNet)
                  0000f93c    000000d0     slnetifndk_msp432e4.aem4f : slnetifndk.oem4f (.text:SlNetIfNDK_shutdown)
                  0000fa0c    000000d0     nettool_ipv4.aem4f : dhcpsm.oem4f (.text:dhcpIPAdd)
                  0000fadc    00000004     dpl_msp432e4.aem4f : ClockP_tirtos.oem4f (.text:ClockP_stop)
                  0000fae0    000000d0     sysbios.aem4f : BIOS.obj (.text:ti_sysbios_heaps_HeapMem_alloc__E)
                  0000fbb0    000000cc     stk.aem4f : rawethsock.oem4f (.text:RawEthSockGet)
                  0000fc7c    000000cc               : rawethsock.oem4f (.text:RawEthSockSet)
                  0000fd48    000000cc     nettool_ipv4.aem4f : dhcpbild.oem4f (.text:dhcpBuildHeader)
                  0000fe14    000000cc                        : dhcppkt.oem4f (.text:dhcpVerifyMessage)
                  0000fee0    000000c4     stk.aem4f : igmp.oem4f (.text:IGMPJoinHostGroup)
                  0000ffa4    000000c4     nettool_ipv4.aem4f : dhcpsm.oem4f (.text:StateBound)
                  00010068    000000c4     sysbios.aem4f : BIOS.obj (.text:ti_sysbios_knl_Task_sleep__E)
                  0001012c    000000c0     nettool_ipv4.aem4f : dnspkt.oem4f (.text:DNSReadName)
                  000101ec    000000be                        : dnsclnt.oem4f (.text:DNSGetHostByName)
                  000102aa    000000be     drivers_msp432e4.aem4f : UARTMSP432E4.oem4f (.text:UARTMSP432E4_close)
                  00010368    000000bc     stk.aem4f : sockpcb.oem4f (.text:SockPcbFind)
                  00010424    000000bc               : vlan.oem4f (.text:VLANDeinit)
                  000104e0    000000bc     sysbios.aem4f : BIOS.obj (.text:ti_sysbios_knl_Task_exit__E)
                  0001059c    00000004     dpl_msp432e4.aem4f : HwiP_tirtos.oem4f (.text:HwiP_clearInterrupt)
                  000105a0    000000bc     sysbios.aem4f : BIOS.obj (.text:xdc_runtime_Core_createObject__I)
                  0001065c    000000ba     stk.aem4f : icmpin.oem4f (.text:ICMPRevSrcRoute)
                  00010716    00000002     --HOLE-- [fill = 0]
                  00010718    000000b8               : lli.oem4f (.text:_LLITimeoutCheck)
                  000107d0    000000b8     sysbios.aem4f : BIOS.obj (.text:ti_sysbios_family_arm_m3_Hwi_Instance_init__E)
                  00010888    000000b8     infrastructure.obj (.text:tickerCallback)
                  00010940    000000b6     drivers_msp432e4.aem4f : UARTMSP432E4.oem4f (.text:readTaskCallback)
                  000109f6    00000002     --HOLE-- [fill = 0]
                  000109f8    000000b4     stk.aem4f : tcptime.oem4f (.text:TcpTimeoutKeep)
                  00010aac    000000b2               : nimu.oem4f (.text:NIMUAddEthernetHeader)
                  00010b5e    00000002     --HOLE-- [fill = 0]
                  00010b60    000000b1     rtsv7M4_T_le_v4SPD16_eabi.lib : _printfi.c.obj (.text:_ltostr)
                  00010c11    00000001     --HOLE-- [fill = 0]
                  00010c12    000000b0     drivers_msp432e4.aem4f : UARTMSP432E4.oem4f (.text:readTaskBlocking)
                  00010cc2    00000006     msp432e4_driverlib.a : sysctl.o (.text:SysCtlDelay)
                  00010cc8    000000b0     sysbios.aem4f : BIOS.obj (.text:ti_sysbios_family_arm_lm4_Timer_enableTiva__I)
                  00010d78    000000ac     drivers_msp432e4.aem4f : EMACMSP432E4.oem4f (.text:EMACMSP432E4_initDMADescriptors)
                  00010e24    000000ac                            : GPIOMSP432E4.oem4f (.text:GPIO_init)
                  00010ed0    000000ac     stk.aem4f : rtable.oem4f (.text:RtTimeoutCheck)
                  00010f7c    000000ac     os.aem4f : task.oem4f (.text:TaskGetEnv)
                  00011028    000000a8     stk.aem4f : sockint.oem4f (.text:SockCreatePacket)
                  000110d0    000000a4     msp432e4_driverlib.a : gpio.o (.text:GPIOIntTypeSet)
                  00011174    000000a4     os.aem4f : task.oem4f (.text:TaskSetEnv)
                  00011218    000000a4     sysbios.aem4f : BIOS.obj (.text:ti_sysbios_knl_Task_setPri__E)
                  000112bc    000000a0     drivers_msp432e4.aem4f : EMACMSP432E4.oem4f (.text:EMACMSP432E4_emacStop)
                  0001135c    000000a0     stk.aem4f : ip.oem4f (.text:IPGetRoute)
                  000113fc    000000a0     auto_init.aem4f : auto_init.oem4f (.text)
                  0001149c    0000009e     nettool_ipv4.aem4f : dnsclnt.oem4f (.text:DNSGetHostArrayByName)
                  0001153a    0000009e     drivers_msp432e4.aem4f : UARTMSP432E4.oem4f (.text:UARTMSP432E4_readPolling)
                  000115d8    0000009c     stk.aem4f : exec.oem4f (.text:ExecOpen)
                  00011674    00000004     dpl_msp432e4.aem4f : HwiP_tirtos.oem4f (.text:HwiP_disable)
                  00011678    0000009c     sysbios.aem4f : BIOS.obj (.text:_pthread_removeThreadKeys)
                  00011714    0000009c     rtsv7M4_T_le_v4SPD16_eabi.lib : memcpy_t2.asm.obj (.text)
                  000117b0    00000098     netctrl_min_ipv4.aem4f : netctrl.oem4f (.text:NC_SystemOpen)
                  00011848    00000098                            : netsrv.oem4f (.text:ServiceScan)
                  000118e0    00000098     drivers_msp432e4.aem4f : UARTMSP432E4.oem4f (.text:UARTMSP432E4_write)
                  00011978    00000096     rtsv7M4_T_le_v4SPD16_eabi.lib : ull_div_t2.asm.obj (.text)
                  00011a0e    00000002     --HOLE-- [fill = 0]
                  00011a10    00000094     nettool_ipv4.aem4f : config.oem4f (.text:CfgExecute)
                  00011aa4    00000094                        : config.oem4f (.text:CfgRemoveEntry)
                  00011b38    00000094     os.aem4f : mem.oem4f (.text:_mmInit)
                  00011bcc    00000094     drivers_msp432e4.aem4f : UARTMSP432E4.oem4f (.text:readIsrTextBlocking)
                  00011c60    00000094     sysbios.aem4f : BIOS.obj (.text:ti_sysbios_family_arm_m3_Hwi_initNVIC__E)
                  00011cf4    00000092     slnetsock_release.a : slnetsock.oem4f (.text:SlNetSock_create)
                  00011d86    00000002     --HOLE-- [fill = 0]
                  00011d88    00000090     stk.aem4f : igmp.oem4f (.text:IGMPMsg)
                  00011e18    00000090     slnetsock_release.a : slnetsock.oem4f (.text:SlNetSock_getVirtualSdConf)
                  00011ea8    00000090     drivers_msp432e4.aem4f : UARTMSP432E4.oem4f (.text:UARTMSP432E4_control)
                  00011f38    00000090     slnetsock_release.a : slnetutils.oem4f (.text:createAddrInfo)
                  00011fc8    00000090     nettool_ipv4.aem4f : dhcpbild.oem4f (.text:dhcpBuildRequest)
                  00012058    00000090     os.aem4f : mem.oem4f (.text:mmInitPage)
                  000120e8    00000090     sysbios.aem4f : BIOS.obj (.text:ti_sysbios_knl_Task_Module_startup__E)
                  00012178    0000008e     nettool_ipv4.aem4f : dnscomn.oem4f (.text:DNSResolveQuery)
                  00012206    00000002     --HOLE-- [fill = 0]
                  00012208    0000008c     stk.aem4f : ip.oem4f (.text:IPMsg)
                  00012294    0000008c     msp432e4_driverlib.a : sysctl.o (.text:SysCtlPeripheralReset)
                  00012320    0000008c     sysbios.aem4f : m3_TaskSupport_asm.obj (.text:ti_sysbios_family_arm_m3_TaskSupport_buildTaskStack)
                  000123ac    00000004     os.aem4f : oem.oem4f (.text:NDK_HwiP_disable)
                  000123b0    0000008c     sysbios.aem4f : BIOS.obj (.text:xdc_runtime_Memory_alloc__E)
                  0001243c    0000008a     netctrl_min_ipv4.aem4f : netsrv.oem4f (.text:SPRoute)
                  000124c6    00000002     --HOLE-- [fill = 0]
                  000124c8    00000088                            : netsrv.oem4f (.text:ServiceSpawn)
                  00012550    00000088     stk.aem4f : sockpcb.oem4f (.text:SockPcbCtlError)
                  000125d8    00000088     drivers_msp432e4.aem4f : TimerMSP432E4.oem4f (.text:TimerMSP432E4_setPeriod)
                  00012660    00000088                            : UARTMSP432E4.oem4f (.text:readIsrTextCallback)
                  000126e8    00000086     stk.aem4f : sock.oem4f (.text:SockCheck)
                  0001276e    00000086     nettool_ipv4.aem4f : dhcpsm.oem4f (.text:StateRequesting)
                  000127f4    00000086     rtsv7M4_T_le_v4SPD16_eabi.lib : fd_cmp_t2.asm.obj (.text:__aeabi_cdcmple)
                  0001287a    00000086                                   : fd_cmp_t2.asm.obj (.text:__aeabi_cdrcmple)
                  00012900    00000086     sysbios.aem4f : BIOS.obj (.text:xdc_runtime_Core_constructObject__I)
                  00012986    00000002     --HOLE-- [fill = 0]
                  00012988    00000084     nettool_ipv4.aem4f : config.oem4f (.text:CfgGetEntry)
                  00012a0c    00000084     drivers_msp432e4.aem4f : EMACMSP432E4.oem4f (.text:EMACMSP432E4_hwiIntFxn)
                  00012a90    00000084                            : EMACMSP432E4.oem4f (.text:EMACMSP432E4_processPendingTx)
                  00012b14    00000084                            : EMACMSP432E4.oem4f (.text:EMACMSP432E4_processPhyInterrupt)
                  00012b98    00000084     stk.aem4f : raw.oem4f (.text:RawOutput)
                  00012c1c    00000084     slnetsock_release.a : slnetutils.oem4f (.text:SlNetUtil_getHostByName)
                  00012ca0    00000084     stk.aem4f : sockpcb.oem4f (.text:SockCleanPcb)
                  00012d24    00000084               : tcpprot.oem4f (.text:TcpPrAttach)
                  00012da8    00000084               : fileuser.oem4f (.text:fdClose)
                  00012e2c    00000084     os.aem4f : mem.oem4f (.text:mmFree)
                  00012eb0    00000084     sysbios.aem4f : BIOS.obj (.text:ti_sysbios_family_arm_m3_Hwi_postInit__I)
                  00012f34    00000004     os.aem4f : NDK_SemaphoreP_tirtos.oem4f (.text:NDK_SemaphoreP_post)
                  00012f38    00000084     sysbios.aem4f : BIOS.obj (.text:ti_sysbios_heaps_HeapMem_free__E)
                  00012fbc    00000082     nettool_ipv4.aem4f : dhcpsm.oem4f (.text:StateRenewRebind)
                  0001303e    00000002     --HOLE-- [fill = 0]
                  00013040    00000080     stk.aem4f : lli.oem4f (.text:LLINew)
                  000130c0    00000080               : pbm.oem4f (.text:PBM_alloc)
                  00013140    00000080     sysbios.aem4f : BIOS.obj (.text:ti_sysbios_knl_Clock_workFunc__E)
                  000131c0    0000007e     slnetifndk_msp432e4.aem4f : slnetifndk.oem4f (.text:SlNetIfNDK_getConnectionStatus)
                  0001323e    0000007e     slnetsock_release.a : slnetutils.oem4f (.text:setAddrInfo)
                  000132bc    0000007c     nettool_ipv4.aem4f : config.oem4f (.text:CfgGetNextEntry)
                  00013338    0000007c     stk.aem4f : igmp.oem4f (.text:IGMPDoMCast)
                  000133b4    0000007c               : igmp.oem4f (.text:IGMPJoin)
                  00013430    0000007c               : socket.oem4f (.text:NDK_getsockopt)
                  000134ac    0000007c               : socket.oem4f (.text:NDK_setsockopt)
                  00013528    0000007c     netctrl_min_ipv4.aem4f : netsrv.oem4f (.text:NS_BootTask)
                  000135a4    0000007c     stk.aem4f : pbm.oem4f (.text:PBM_free)
                  00013620    0000007c     rtsv7M4_T_le_v4SPD16_eabi.lib : fflush.c.obj (.text:fflush)
                  0001369c    0000007c     os.aem4f : mem.oem4f (.text:mmBulkFree)
                  00013718    0000007c     drivers_msp432e4.aem4f : UARTMSP432E4.oem4f (.text:writeData)
                  00013794    0000007a     stk.aem4f : sock.oem4f (.text:SockAccept)
                  0001380e    0000007a     rtsv7M4_T_le_v4SPD16_eabi.lib : memset_t2.asm.obj (.text)
                  00013888    00000078     stk.aem4f : socket.oem4f (.text:NDK_sendto)
                  00013900    00000078               : nimu.oem4f (.text:NIMURegister)
                  00013978    00000078               : tcptime.oem4f (.text:TcpXmitTimer)
                  000139f0    00000078               : fileuser.oem4f (.text:fdOpenSession)
                  00013a68    00000078     os.aem4f : os_ll.oem4f (.text:llExit)
                  00013ae0    00000076     stk.aem4f : pipe.oem4f (.text:PipeSend)
                  00013b56    00000076     msp432e4_driverlib.a : uart.o (.text:UARTConfigSetExpClk)
                  00013bcc    00000075     stk.aem4f : tcptime.oem4f (.text:TcpTimeoutSackRexmt)
                  00013c41    00000001     --HOLE-- [fill = 0]
                  00013c42    00000006               : tcpprot.oem4f (.text:TcpPrRecv)
                  00013c48    00000075     sysbios.aem4f : BIOS.obj (.text:xdc_runtime_System_formatNum__I)
                  00013cbd    00000003     --HOLE-- [fill = 0]
                  00013cc0    00000074     drivers_msp432e4.aem4f : EMACMSP432E4.oem4f (.text:EMACMSP432E4_processTransmitted)
                  00013d34    00000074     stk.aem4f : igmp.oem4f (.text:IGMPLeaveHostGroup)
                  00013da8    00000074               : socket.oem4f (.text:NDK_recvfrom)
                  00013e1c    00000074               : nimu.oem4f (.text:NIMUShutdown)
                  00013e90    00000074               : raweth.oem4f (.text:RawEthRxPacket)
                  00013f04    00000074     slnetsock_release.a : slnetsock.oem4f (.text:SlNetSock_AllocVirtualSocket)
                  00013f78    00000074     stk.aem4f : sockpcb.oem4f (.text:SockPcbConnect)
                  00013fec    00000074     rtsv7M4_T_le_v4SPD16_eabi.lib : fclose.c.obj (.text:__TI_closefile)
                  00014060    00000074     hal_timer.aem4f : lltimer.oem4f (.text:llTimerTick)
                  000140d4    00000004     os.aem4f : ossys.oem4f (.text:NDK_vsprintf)
                  000140d8    00000074     sysbios.aem4f : BIOS.obj (.text:xdc_runtime_Core_deleteObject__I)
                  0001414c    00000072     drivers_msp432e4.aem4f : TimerMSP432E4.oem4f (.text:TimerMSP432E4_start)
                  000141be    00000070     stk.aem4f : socket.oem4f (.text:NDK_send)
                  0001422e    00000002     --HOLE-- [fill = 0]
                  00014230    00000070               : rtable.oem4f (.text:RtFlush)
                  000142a0    00000070     netctrl_min_ipv4.aem4f : netsrv.oem4f (.text:SPConfig)
                  00014310    00000070     stk.aem4f : sock.oem4f (.text:SockShutdown)
                  00014380    00000070     infrastructure.obj (.text:addMessage)
                  000143f0    00000070     nettool_ipv4.aem4f : dhcptags.oem4f (.text:dhcpDecodeType)
                  00014460    00000070     slnetsock_release.a : netdb.oem4f (.text:getaddrinfo)
                  000144d0    00000070     os.aem4f : mem.oem4f (.text:mmBulkAlloc)
                  00014540    00000070     sysbios.aem4f : BIOS.obj (.text:ti_sysbios_family_arm_lm4_Seconds_getTime__E)
                  000145b0    00000070                   : BIOS.obj (.text:ti_sysbios_heaps_HeapMem_initPrimary__I)
                  00014620    0000006e     stk.aem4f : socket.oem4f (.text:NDK_recv)
                  0001468e    00000002     --HOLE-- [fill = 0]
                  00014690    0000006e               : rtable.oem4f (.text:RtWalkNext)
                  000146fe    0000006e     rtsv7M4_T_le_v4SPD16_eabi.lib : _printfi.c.obj (.text:_mcpy)
                  0001476c    0000006d     stk.aem4f : node.oem4f (.text:NodeNew)
                  000147d9    00000003     --HOLE-- [fill = 0]
                  000147dc    0000006c     os.aem4f : ossys.oem4f (.text:DbgPrintf)
                  00014848    0000006c     msp432e4_driverlib.a : emac.o (.text:EMACPHYConfigSet)
                  000148b4    0000006c     rtsv7M4_T_le_v4SPD16_eabi.lib : hostrename.c.obj (.text:HOSTrename)
                  00014920    0000006c     stk.aem4f : node.oem4f (.text:NodeTreeNew)
                  0001498c    0000006c               : pbm.oem4f (.text:PBM_open)
                  000149f8    0000006c     drivers_msp432e4.aem4f : PowerMSP432E4.oem4f (.text:Power_releaseDependency)
                  00014a64    0000006c     stk.aem4f : raweth.oem4f (.text:RawEthTxPacket)
                  00014ad0    0000006c     slnetsock_release.a : slnetutils.oem4f (.text:SlNetUtil_str2BinIpV4)
                  00014b3c    0000006c     hal_timer.aem4f : lltimer.oem4f (.text:llTimerGetTime)
                  00014ba8    0000006c     sysbios.aem4f : BIOS.obj (.text:pthread_cancel)
                  00014c14    00000004     stk.aem4f : node.oem4f (.text:NodeSetRt)
                  00014c18    0000006c     sysbios.aem4f : BIOS.obj (.text:ti_sysbios_knl_Swi_restoreHwi__E)
                  00014c84    0000006a     stk.aem4f : socket.oem4f (.text:NDK_accept)
                  00014cee    0000006a               : tcpprot.oem4f (.text:TcpPrInherit)
                  00014d58    00000068     drivers_msp432e4.aem4f : GPIOMSP432E4.oem4f (.text:GPIO_hwiIntFxn)
                  00014dc0    00000068     rtsv7M4_T_le_v4SPD16_eabi.lib : hostlseek.c.obj (.text:HOSTlseek)
                  00014e28    00000068     stk.aem4f : socket.oem4f (.text:NDK_socket)
                  00014e90    00000068     drivers_msp432e4.aem4f : PowerMSP432E4.oem4f (.text:Power_setDependency)
                  00014ef8    00000068     stk.aem4f : sock.oem4f (.text:SockListen)
                  00014f60    00000068               : sockpcb.oem4f (.text:SockPcbFindRaw)
                  00014fc8    00000068     drivers_msp432e4.aem4f : TimerMSP432E4.oem4f (.text:TimerMSP432E4_allocateTimerResource)
                  00015030    00000068     stk.aem4f : rtable.oem4f (.text:_RtNodeInsert)
                  00015098    00000068     rtsv7M4_T_le_v4SPD16_eabi.lib : copy_decompress_lzss.c.obj (.text:decompress:lzss:__TI_decompress_lzss)
                  00015100    00000068     sysbios.aem4f : BIOS.obj (.text:pthread_exit)
                  00015168    00000068     drivers_msp432e4.aem4f : UARTMSP432E4.oem4f (.text:readIsrBinaryBlocking)
                  000151d0    00000066     ti_ndk_config.obj (.text:configTcp)
                  00015236    00000002     --HOLE-- [fill = 0]
                  00015238    00000064     nettool_ipv4.aem4f : config.oem4f (.text:CfgFree)
                  0001529c    00000064     stk.aem4f : file.oem4f (.text:FdWaitEvent)
                  00015300    00000064               : pbm.oem4f (.text:PBMQ_enq)
                  00015364    00000064     drivers_msp432e4.aem4f : PowerMSP432E4.oem4f (.text:Power_init)
                  000153c8    00000064     slnetifndk_msp432e4.aem4f : slnetifndk.oem4f (.text:SlNetIfNDK_getHostByName)
                  0001542c    00000064     stk.aem4f : sockint.oem4f (.text:SockSpawnAbort)
                  00015490    00000064               : tcpprot.oem4f (.text:TcpPrGetOption)
                  000154f4    00000064               : udp.oem4f (.text:UdpChecksum)
                  00015558    00000064     rtsv7M4_T_le_v4SPD16_eabi.lib : s_frexp.c.obj (.text:frexp)
                  000155bc    00000064                                   : fseek.c.obj (.text:fseek)
                  00015620    00000064     drivers_msp432e4.aem4f : UARTMSP432E4.oem4f (.text:readIsrBinaryCallback)
                  00015684    00000004     stk.aem4f : rawethsock.oem4f (.text:RawEthSockGetCtx)
                  00015688    00000064     sysbios.aem4f : BIOS.obj (.text:ti_sysbios_family_arm_lm4_Timer_Module_startup__E)
                  000156ec    00000004     stk.aem4f : rawethsock_prot.oem4f (.text:RawEthSockPrAttach)
                  000156f0    00000064     sysbios.aem4f : BIOS.obj (.text:ti_sysbios_family_arm_m3_Hwi_dispatchC__I)
                  00015754    00000064     stk.aem4f : lliin.oem4f (.text:updateRtTable)
                  000157b8    00000062               : ipin.oem4f (.text:IPRouteIP)
                  0001581a    00000002     --HOLE-- [fill = 0]
                  0001581c    00000062               : sb.oem4f (.text:SBNew)
                  0001587e    00000062     rtsv7M4_T_le_v4SPD16_eabi.lib : _io_perm.c.obj (.text:__TI_wrt_ok)
                  000158e0    00000060     nettool_ipv4.aem4f : config.oem4f (.text:CfgGetEntryCnt)
                  00015940    00000060     msp432e4_driverlib.a : emac.o (.text:EMACConfigGet)
                  000159a0    00000060                          : emac.o (.text:EMACIntDisable)
                  00015a00    00000060     rtsv7M4_T_le_v4SPD16_eabi.lib : hostopen.c.obj (.text:HOSTopen)
                  00015a60    00000060     stk.aem4f : socket.oem4f (.text:NDK_getpeername)
                  00015ac0    00000060               : socket.oem4f (.text:NDK_getsockname)
                  00015b20    00000060               : socket.oem4f (.text:NDK_shutdown)
                  00015b80    00000060               : nimu.oem4f (.text:NIMUUnregister)
                  00015be0    00000060               : node.oem4f (.text:NodeFind)
                  00015c40    00000060               : rtc.oem4f (.text:RTCMsg)
                  00015ca0    00000060     slnetsock_release.a : slnetsock.oem4f (.text:SlNetSock_recvFrom)
                  00015d00    00000060                         : slnetsock.oem4f (.text:SlNetSock_sendTo)
                  00015d60    00000060     os.aem4f : task.oem4f (.text:TaskCreate)
                  00015dc0    00000060     nettool_ipv4.aem4f : dhcptags.oem4f (.text:dhcpBuildOptions)
                  00015e20    00000060     sysbios.aem4f : BIOS.obj (.text:ti_sysbios_knl_Semaphore_post__E)
                  00015e80    00000060                   : BIOS.obj (.text:ti_sysbios_knl_Swi_run__I)
                  00015ee0    0000005e     msp432e4_driverlib.a : emac.o (.text:EMACIntEnable)
                  00015f3e    0000005e     stk.aem4f : route.oem4f (.text:RtRemove)
                  00015f9c    0000005e     nettool_ipv4.aem4f : dhcpsm.oem4f (.text:StateSelecting)
                  00015ffa    0000005e     stk.aem4f : vlan.oem4f (.text:VLANReceivePacket)
                  00016058    0000005c     nettool_ipv4.aem4f : config.oem4f (.text:CfgSetExecuteOrder)
                  000160b4    0000005c     msp432e4_driverlib.a : emac.o (.text:EMACAddrSet)
                  00016110    0000005c                          : emac.o (.text:EMACIntStatus)
                  0001616c    0000005c                          : gpio.o (.text:GPIODirModeSet)
                  000161c8    0000005c     stk.aem4f : nimu.oem4f (.text:NIMUIoctlSpecialCmd)
                  00016224    0000005c     netctrl_min_ipv4.aem4f : netsrv.oem4f (.text:SPService)
                  00016280    0000005c     rtsv7M4_T_le_v4SPD16_eabi.lib : close.c.obj (.text:close)
                  000162dc    0000005c     drivers_msp432e4.aem4f : TimerMSP432E4.oem4f (.text:getPowerMgrId)
                  00016338    0000005c                            : UARTMSP432E4.oem4f (.text:getPowerResourceId)
                  00016394    00000004     stk.aem4f : rawethsock_prot.oem4f (.text:RawEthSockPrDetach)
                  00016398    0000005c     sysbios.aem4f : BIOS.obj (.text:ti_sysbios_knl_Swi_schedule__I)
                  000163f4    00000004     os.aem4f : semaphore.oem4f (.text:SemReset)
                  000163f8    0000005c     sysbios.aem4f : BIOS.obj (.text:ti_sysbios_knl_Task_startCore__E)
                  00016454    00000004     dpl_msp432e4.aem4f : SemaphoreP_tirtos.oem4f (.text:SemaphoreP_post)
                  00016458    0000005c     sysbios.aem4f : BIOS.obj (.text:xdc_runtime_Startup_exec__E)
                  000164b4    0000005a     stk.aem4f : rawethsock.oem4f (.text:RawEthSockCheck)
                  0001650e    0000005a               : route.oem4f (.text:RtRedirect)
                  00016568    0000005a               : tcpprot.oem4f (.text:TcpValidateMetrics)
                  000165c2    0000005a     nettool_ipv4.aem4f : dhcpbild.oem4f (.text:dhcpBuildDecline)
                  0001661c    00000058     stk.aem4f : bind.oem4f (.text:BindFree)
                  00016674    00000058     msp432e4_driverlib.a : emac.o (.text:EMACIntClear)
                  000166cc    00000058     drivers_msp432e4.aem4f : GPIOMSP432E4.oem4f (.text:GPIO_setCallback)
                  00016724    00000058     rtsv7M4_T_le_v4SPD16_eabi.lib : hostread.c.obj (.text:HOSTread)
                  0001677c    00000058                                   : hostwrite.c.obj (.text:HOSTwrite)
                  000167d4    00000058     stk.aem4f : igmp.oem4f (.text:IGMPTimer)
                  0001682c    00000058               : tcp.oem4f (.text:TcpChecksum)
                  00016884    00000058     boot.aem4f : boot.oem4f (.text)
                  000168dc    00000058     sysbios.aem4f : m3_Hwi_asm_switch.obj (.text:ti_sysbios_family_arm_m3_Hwi_initStacks__E)
                  00016934    00000056     rtsv7M4_T_le_v4SPD16_eabi.lib : _printfi.c.obj (.text:_pconv_f)
                  0001698a    00000002     --HOLE-- [fill = 0]
                  0001698c    00000054     nettool_ipv4.aem4f : config.oem4f (.text:CfgEntryDeRef)
                  000169e0    00000054     drivers_msp432e4.aem4f : GPIOMSP432E4.oem4f (.text:GPIO_write)
                  00016a34    00000054     stk.aem4f : rawethsock_pcb.oem4f (.text:RawEthSockPcbAttach)
                  00016a88    00000054               : tcptime.oem4f (.text:TcpTimeoutPersist)
                  00016adc    00000054     rtsv7M4_T_le_v4SPD16_eabi.lib : _ltoa.c.obj (.text:__TI_ltoa)
                  00016b30    00000054     sysbios.aem4f : BIOS.obj (.text:ti_sysbios_family_arm_lm4_Timer_initDevice__I)
                  00016b84    00000054     release_pem4f.oem4f (.text:ti_sysbios_family_arm_m3_Hwi_create)
                  00016bd8    00000054     sysbios.aem4f : BIOS.obj (.text:timer_gettime)
                  00016c2c    00000052     nettool_ipv4.aem4f : dnscomn.oem4f (.text:DNSReplyFree)
                  00016c7e    00000052     stk.aem4f : igmp.oem4f (.text:IGMPLeave)
                  00016cd0    00000052               : socket.oem4f (.text:NDK_bind)
                  00016d22    00000052               : tcpprot.oem4f (.text:TcpPrDetach)
                  00016d74    00000052     rtsv7M4_T_le_v4SPD16_eabi.lib : _printfi.c.obj (.text:_ecpy)
                  00016dc6    00000002     --HOLE-- [fill = 0]
                  00016dc8    00000050     msp432e4_driverlib.a : emac.o (.text:EMACConfigSet)
                  00016e18    00000050     drivers_msp432e4.aem4f : GPIOMSP432E4.oem4f (.text:GPIO_toggle)
                  00016e68    00000050     stk.aem4f : socket.oem4f (.text:NDK_connect)
                  00016eb8    00000050               : route.oem4f (.text:RtNew)
                  00016f08    00000050     slnetsock_release.a : slnetif.oem4f (.text:SlNetIf_queryIf)
                  00016f58    00000050     drivers_msp432e4.aem4f : UARTMSP432E4.oem4f (.text:UARTMSP432E4_hwiIntFxn)
                  00016fa8    00000050     sysbios.aem4f : BIOS.obj (.text:ti_sysbios_family_arm_m3_Hwi_Module_startup__E)
                  00016ff8    00000050                   : BIOS.obj (.text:ti_sysbios_knl_Clock_Instance_init__E)
                  00017048    00000050     release_pem4f.oem4f (.text:ti_sysbios_knl_Task_create)
                  00017098    0000004e     msp432e4_driverlib.a : emac.o (.text:EMACPHYWrite)
                  000170e6    0000004e     stk.aem4f : node.oem4f (.text:NodeDeRef)
                  00017134    0000004e     drivers_msp432e4.aem4f : TimerMSP432E4.oem4f (.text:TimerMSP432E4_stop)
                  00017182    0000004e     stk.aem4f : file.oem4f (.text:fdint_lockfd)
                  000171d0    0000004e     drivers_msp432e4.aem4f : TimerMSP432E4.oem4f (.text:initHw)
                  0001721e    0000004e     os.aem4f : mem.oem4f (.text:mmCopy)
                  0001726c    0000004c     msp432e4_driverlib.a : emac.o (.text:EMACPHYRead)
                  000172b8    0000004c     nettool_ipv4.aem4f : ipaddr.oem4f (.text:NtAddNetwork)
                  00017304    0000004c     slnetsock_release.a : slnetsock.oem4f (.text:SlNetSock_freeVirtualSocket)
                  00017350    0000004c     stk.aem4f : sockint.oem4f (.text:SockValidateRoute)
                  0001739c    0000004c               : timer.oem4f (.text:TimerListInsert)
                  000173e8    0000004c     drivers_msp432e4.aem4f : TimerMSP432E4.oem4f (.text:TimerMSP432E4_freeTimerResource)
                  00017434    0000004c                            : UARTMSP432E4.oem4f (.text:UARTMSP432E4_writePolling)
                  00017480    0000004c     rtsv7M4_T_le_v4SPD16_eabi.lib : fflush.c.obj (.text:__TI_doflush)
                  000174cc    0000004c                                   : atoi.c.obj (.text:atoi)
                  00017518    0000004c                                   : cpy_tbl.c.obj (.text:copy_in)
                  00017564    0000004c     os.aem4f : mem.oem4f (.text:mmZeroInit)
                  000175b0    0000004c     drivers_msp432e4.aem4f : UARTMSP432E4.oem4f (.text:ringBufGet)
                  000175fc    0000004c     infrastructure.obj (.text:taskCommandServicer)
                  00017648    0000004c     ti_ndk_config.obj (.text:ti_ndk_config_ip_init)
                  00017694    00000004     slnetsock_release.a : slnetif.oem4f (.text:SlNetIf_init)
                  00017698    0000004c     sysbios.aem4f : BIOS.obj (.text:ti_sysbios_heaps_HeapMem_getStats__E)
                  000176e4    00000004     slnetsock_release.a : slnetutils.oem4f (.text:SlNetUtil_init)
                  000176e8    0000004c     sysbios.aem4f : BIOS.obj (.text:ti_sysbios_knl_Swi_runLoop__I)
                  00017734    00000004     stk.aem4f : sock.oem4f (.text:SockGetCtx)
                  00017738    0000004c     sysbios.aem4f : BIOS.obj (.text:ti_sysbios_knl_Task_allBlockedFunction__I)
                  00017784    00000004     os.aem4f : task.oem4f (.text:TaskSelf)
                  00017788    0000004c     sysbios.aem4f : BIOS.obj (.text:ti_sysbios_knl_Task_schedule__I)
                  000177d4    0000004a     netctrl_min_ipv4.aem4f : netsrv.oem4f (.text:ServiceKill)
                  0001781e    0000004a     stk.aem4f : sock.oem4f (.text:SockDisconnect)
                  00017868    0000004a               : timer.oem4f (.text:TimerNew)
                  000178b2    0000004a     nettool_ipv4.aem4f : config.oem4f (.text:_CfgEntryScan)
                  000178fc    00000048                        : config.oem4f (.text:CfgNew)
                  00017944    00000048     stk.aem4f : lli.oem4f (.text:LLIMsg)
                  0001798c    00000048               : node.oem4f (.text:NodeWalk)
                  000179d4    00000048               : rawethsock_pcb.oem4f (.text:RawEthSockPcbDetach)
                  00017a1c    00000048     slnetsock_release.a : slnetsock.oem4f (.text:SlNetSock_init)
                  00017a64    00000048     stk.aem4f : sockpcb.oem4f (.text:SockPcbResolveChain)
                  00017aac    00000048               : tcpprot.oem4f (.text:TcpDrop)
                  00017af4    00000048     drivers_msp432e4.aem4f : UARTMSP432E4.oem4f (.text:UARTMSP432E4_writeCancel)
                  00017b3c    00000048     stk.aem4f : lli.oem4f (.text:_LLIExpListInsert)
                  00017b84    00000048               : rtable.oem4f (.text:_RtExpListInsert)
                  00017bcc    00000048     rtsv7M4_T_le_v4SPD16_eabi.lib : fd_toi_t2.asm.obj (.text)
                  00017c14    00000048     ti_ndk_config.obj (.text:ti_ndk_config_Global_startupFxn)
                  00017c5c    00000004     os.aem4f : task.oem4f (.text:TaskSetPri)
                  00017c60    00000048     sysbios.aem4f : BIOS.obj (.text:ti_sysbios_family_arm_lm4_Timer_enableTimers__I)
                  00017ca8    00000048                   : BIOS.obj (.text:ti_sysbios_family_arm_m3_Hwi_disableInterrupt__E)
                  00017cf0    00000048                   : BIOS.obj (.text:ti_sysbios_family_arm_m3_Hwi_enableInterrupt__E)
                  00017d38    00000048                   : BIOS.obj (.text:ti_sysbios_knl_Mailbox_Module_startup__E)
                  00017d80    00000048                   : BIOS.obj (.text:ti_sysbios_knl_Task_deleteTerminatedTasksFunc__I)
                  00017dc8    00000048                   : BIOS.obj (.text:xdc_runtime_Core_assignParams__I)
                  00017e10    00000046     nettool_ipv4.aem4f : ipaddr.oem4f (.text:NtIfIdx2Ip)
                  00017e56    00000046     stk.aem4f : rawethsock.oem4f (.text:RawEthSockSend)
                  00017e9c    00000046     drivers_msp432e4.aem4f : RingBuf.oem4f (.text:RingBuf_put)
                  00017ee2    00000002     --HOLE-- [fill = 0]
                  00017ee4    00000046     os.aem4f : semaphore.oem4f (.text:SemCreateBinary)
                  00017f2a    00000046     stk.aem4f : tcpprot.oem4f (.text:TcpPrCtlError)
                  00017f70    00000046     drivers_msp432e4.aem4f : TimerMSP432E4.oem4f (.text:getPrescaler)
                  00017fb6    00000044     nettool_ipv4.aem4f : dnspkt.oem4f (.text:DNSBuildRequest)
                  00017ffa    00000002     --HOLE-- [fill = 0]
                  00017ffc    00000044     msp432e4_driverlib.a : gpio.o (.text:GPIOPinConfigure)
                  00018040    00000044     rtsv7M4_T_le_v4SPD16_eabi.lib : hostclose.c.obj (.text:HOSTclose)
                  00018084    00000044                                   : hostunlink.c.obj (.text:HOSTunlink)
                  000180c8    00000044     stk.aem4f : icmp.oem4f (.text:ICMPChecksum)
                  0001810c    00000044               : ipfrag.oem4f (.text:IPReasmFree)
                  00018150    00000044               : lli.oem4f (.text:LLIGetValidTime)
                  00018194    00000044               : rtable.oem4f (.text:RouteMsg)
                  000181d8    00000044               : rtable.oem4f (.text:RtWalkEnd)
                  0001821c    00000044     slnetsock_release.a : slnetutils.oem4f (.text:SlNetUtil_strTok)
                  00018260    00000044     stk.aem4f : sock.oem4f (.text:SockIntAbort)
                  000182a4    00000044               : sockpcb.oem4f (.text:SockPcbDetach)
                  000182e8    00000044     msp432e4_driverlib.a : sysctl.o (.text:SysCtlPeripheralPresent)
                  0001832c    00000044                          : sysctl.o (.text:SysCtlPeripheralReady)
                  00018370    00000044     drivers_msp432e4.aem4f : Timer.oem4f (.text:Timer_init)
                  000183b4    00000044                            : UART.oem4f (.text:UART_init)
                  000183f8    00000044     rtsv7M4_T_le_v4SPD16_eabi.lib : getdevice.c.obj (.text:getdevice)
                  0001843c    00000044                                   : fd_tou_t2.asm.obj (.text)
                  00018480    00000044     ti_net_config.obj (.text:ti_net_SlNet_initConfig)
                  000184c4    00000004     hal_ser_stub.aem4f : llserstb.oem4f (.text:_llSerialInit)
                  000184c8    00000044     sysbios.aem4f : BIOS.obj (.text:ti_sysbios_family_arm_lm4_Timer_isrStub__E)
                  0001850c    00000004     rtsv7M4_T_le_v4SPD16_eabi.lib : exit.c.obj (.text:abort:abort)
                  00018510    00000044     sysbios.aem4f : BIOS.obj (.text:ti_sysbios_family_arm_m3_Hwi_getStackInfo__E)
                  00018554    00000004     stk.aem4f : listlib.oem4f (.text:list_get_head)
                  00018558    00000044     sysbios.aem4f : BIOS.obj (.text:ti_sysbios_knl_Mailbox_postInit__I)
                  0001859c    00000004     stk.aem4f : listlib.oem4f (.text:list_get_next)
                  000185a0    00000044     sysbios.aem4f : BIOS.obj (.text:ti_sysbios_knl_Swi_post__E)
                  000185e4    00000004     release_pem4f.oem4f (.text:ti_sysbios_BIOS_RtsGateProxy_enter__E)
                  000185e8    00000044     sysbios.aem4f : BIOS.obj (.text:xdc_runtime_System_atexit__E)
                  0001862c    00000042     stk.aem4f : socket.oem4f (.text:NDK_listen)
                  0001866e    00000042               : rawethsock.oem4f (.text:RawEthSockShutdown)
                  000186b0    00000042               : tcpprot.oem4f (.text:TcpPrSendOOB)
                  000186f2    00000042               : fileuser.oem4f (.text:fdCloseSession)
                  00018734    00000040     dpl_msp432e4.aem4f : ClockP_tirtos.oem4f (.text:ClockP_create)
                  00018774    00000040                        : HwiP_tirtos.oem4f (.text:HwiP_create)
                  000187b4    00000040     stk.aem4f : lliin.oem4f (.text:LLIValidateRoute)
                  000187f4    00000040               : pbm.oem4f (.text:PBM_copy)
                  00018834    00000040     drivers_msp432e4.aem4f : RingBuf.oem4f (.text:RingBuf_get)
                  00018874    00000040     os.aem4f : semaphore.oem4f (.text:SemCreate)
                  000188b4    00000040     slnetsock_release.a : slnetsock.oem4f (.text:SlNetSock_bind)
                  000188f4    00000040     stk.aem4f : sockpcb.oem4f (.text:SockPcbRtChange)
                  00018934    00000040     msp432e4_driverlib.a : sysctl.o (.text:SysCtlPeripheralDisable)
                  00018974    00000040                          : sysctl.o (.text:SysCtlPeripheralEnable)
                  000189b4    00000040                          : sysctl.o (.text:SysCtlPeripheralPowerOff)
                  000189f4    00000040                          : sysctl.o (.text:SysCtlPeripheralPowerOn)
                  00018a34    00000040                          : sysctl.o (.text:SysCtlPeripheralSleepDisable)
                  00018a74    00000040                          : sysctl.o (.text:SysCtlPeripheralSleepEnable)
                  00018ab4    00000040     stk.aem4f : tcpprot.oem4f (.text:TcpPrSend)
                  00018af4    00000040     drivers_msp432e4.aem4f : Timer.oem4f (.text:Timer_open)
                  00018b34    00000040                            : UARTMSP432E4.oem4f (.text:UARTMSP432E4_read)
                  00018b74    00000040                            : UART.oem4f (.text:UART_open)
                  00018bb4    00000040     rtsv7M4_T_le_v4SPD16_eabi.lib : u_divt2.asm.obj (.text)
                  00018bf4    00000040     infrastructure.obj (.text:secondString)
                  00018c34    00000040     rtsv7M4_T_le_v4SPD16_eabi.lib : sprintf.c.obj (.text:sprintf)
                  00018c74    00000004     release_pem4f.oem4f (.text:ti_sysbios_BIOS_RtsGateProxy_leave__E)
                  00018c78    00000040     sysbios.aem4f : BIOS.obj (.text:ti_sysbios_family_arm_lm4_Timer_startup__E)
                  00018cb8    00000040                   : BIOS.obj (.text:ti_sysbios_heaps_HeapMem_Instance_init__E)
                  00018cf8    0000003e     nettool_ipv4.aem4f : dhcpmain.oem4f (.text:DHCPClose)
                  00018d36    00000002     --HOLE-- [fill = 0]
                  00018d38    0000003e     stk.aem4f : nimu.oem4f (.text:NIMUAllocateName)
                  00018d76    0000003e     slnetsock_release.a : slnetsock.oem4f (.text:SlNetSock_close)
                  00018db4    0000003e     stk.aem4f : tcpprot.oem4f (.text:TcpPrDisconnect)
                  00018df2    0000003e     rtsv7M4_T_le_v4SPD16_eabi.lib : _printfi.c.obj (.text:_fcpy)
                  00018e30    0000003e     stk.aem4f : file.oem4f (.text:fdint_unlockfd)
                  00018e6e    0000003c     nettool_ipv4.aem4f : config.oem4f (.text:CfgEntryGetData)
                  00018eaa    00000002     --HOLE-- [fill = 0]
                  00018eac    0000003c     stk.aem4f : exec.oem4f (.text:ExecClose)
                  00018ee8    0000003c               : node.oem4f (.text:NodeUpdatePL)
                  00018f24    0000003c               : rtable.oem4f (.text:RtWalkBegin)
                  00018f60    0000003c     dpl_msp432e4.aem4f : SemaphoreP_tirtos.oem4f (.text:SemaphoreP_create)
                  00018f9c    0000003c     stk.aem4f : tcpprot.oem4f (.text:TcpPrConnect)
                  00018fd8    0000003c               : tcptime.oem4f (.text:TcpSetPersist)
                  00019014    0000003c               : rtc.oem4f (.text:_RTCSendRtAdv)
                  00019050    0000003c               : rtable.oem4f (.text:_RtNodeRemove)
                  0001908c    0000003c     hal_timer.aem4f : lltimer.oem4f (.text:_llTimerInit)
                  000190c8    0000003c     infrastructure.obj (.text:leftButtonCallback)
                  00019104    0000003c     infrastructure.obj (.text:rightButtonCallback)
                  00019140    0000003c     sysbios.aem4f : BIOS.obj (.text:ti_sysbios_family_arm_m3_Hwi_Instance_finalize__E)
                  0001917c    0000003c     release_pem4f.oem4f (.text:ti_sysbios_knl_Clock_create)
                  000191b8    0000003c     sysbios.aem4f : BIOS.obj (.text:ti_sysbios_knl_Swi_restore__E)
                  000191f4    0000003c     infrastructure.obj (.text:timerCallback)
                  00019230    0000003c     sysbios.aem4f : BIOS.obj (.text:timer_delete)
                  0001926c    00000004                   : BIOS.obj (.text:ti_sysbios_family_arm_lm4_Timer_masterEnable__I)
                  00019270    0000003c                   : BIOS.obj (.text:xdc_runtime_System_processAtExit__E)
                  000192ac    0000003a     stk.aem4f : ip.oem4f (.text:IPChecksum)
                  000192e6    00000002     --HOLE-- [fill = 0]
                  000192e8    00000038               : ipfrag.oem4f (.text:IPReasmTimeout)
                  00019320    00000038               : node.oem4f (.text:NodeGetRt)
                  00019358    00000038               : sb.oem4f (.text:SBSetMax)
                  00019390    00000038     slnetsock_release.a : slnetif.oem4f (.text:SlNetIf_configCheck)
                  000193c8    00000038                         : slnetutils.oem4f (.text:SlNetUtil_htonl)
                  00019400    00000038     stk.aem4f : tcpprot.oem4f (.text:TcpClose)
                  00019438    00000038               : timer.oem4f (.text:TimerHSTick)
                  00019470    00000038     drivers_msp432e4.aem4f : TimerMSP432E4.oem4f (.text:TimerMSP432E4_hwiIntFunction)
                  000194a8    00000038     rtsv7M4_T_le_v4SPD16_eabi.lib : trgmsg.c.obj (.text:__TI_writemsg)
                  000194e0    00000038     nettool_ipv4.aem4f : dhcptags.oem4f (.text:dhcpOptionsClear)
                  00019518    00000038     stk.aem4f : file.oem4f (.text:fdint_waitevent)
                  00019550    00000038     rtsv7M4_T_le_v4SPD16_eabi.lib : fs_tod_t2.asm.obj (.text)
                  00019588    00000038     sysbios.aem4f : BIOS.obj (.text:ti_sysbios_knl_Task_processVitalTaskFlag__I)
                  000195c0    00000036     msp432e4_driverlib.a : timer.o (.text:TimerControlStall)
                  000195f6    00000036     drivers_msp432e4.aem4f : UARTMSP432E4.oem4f (.text:UARTMSP432E4_readCancel)
                  0001962c    00000036     infrastructure.obj (.text:commandTest)
                  00019662    00000036     rtsv7M4_T_le_v4SPD16_eabi.lib : strncpy.c.obj (.text:strncpy)
                  00019698    00000034     nettool_ipv4.aem4f : config.oem4f (.text:CfgSetService)
                  000196cc    00000034     drivers_msp432e4.aem4f : EMACMSP432E4.oem4f (.text:EMACMSP432E4_emacPoll)
                  00019700    00000034     stk.aem4f : nimu.oem4f (.text:NIMUFindByName)
                  00019734    00000034               : rawethsock.oem4f (.text:RawEthSockClose)
                  00019768    00000034               : rawethsock.oem4f (.text:RawEthSockNotify)
                  0001979c    00000034     slnetsock_release.a : slnetutils.oem4f (.text:SlNetUtil_htons)
                  000197d0    00000034     stk.aem4f : sockprot.oem4f (.text:SockPrCtlError)
                  00019804    00000034     drivers_msp432e4.aem4f : TimerMSP432E4.oem4f (.text:TimerMSP432E4_close)
                  00019838    00000034     rtsv7M4_T_le_v4SPD16_eabi.lib : fopen.c.obj (.text:__TI_cleanup)
                  0001986c    00000034                                   : trgmsg.c.obj (.text:__TI_readmsg)
                  000198a0    00000034     sysbios.aem4f : BIOS.obj (.text:_pthread_delete$43)
                  000198d4    00000034     slnetifndk_msp432e4.aem4f : slnetifndk.oem4f (.text:addSktToTable)
                  00019908    00000034     nettool_ipv4.aem4f : dhcpbild.oem4f (.text:dhcpBuildDiscover)
                  0001993c    00000034     os.aem4f : mem.oem4f (.text:mmUnInitPage)
                  00019970    00000034              : ossys.oem4f (.text:stricmp)
                  000199a4    00000034     rtsv7M4_T_le_v4SPD16_eabi.lib : strstr.c.obj (.text:strstr)
                  000199d8    00000034     release_pem4f.oem4f (.text:ti_sysbios_knl_Semaphore_create)
                  00019a0c    00000032     nettool_ipv4.aem4f : config.oem4f (.text:CfgGetImmediate)
                  00019a3e    00000032     stk.aem4f : pipe.oem4f (.text:PipeCheck)
                  00019a70    00000032               : route.oem4f (.text:RtDeRef)
                  00019aa2    00000032               : route.oem4f (.text:RtSetFailure)
                  00019ad4    00000032               : sb.oem4f (.text:SBFlush)
                  00019b06    00000032     nettool_ipv4.aem4f : config.oem4f (.text:_CfgAcquire)
                  00019b38    00000032                        : dhcpsm.oem4f (.text:dhcpIPRemove)
                  00019b6a    00000006     drivers_msp432e4.aem4f : TimerMSP432E4.oem4f (.text:TimerMSP432E4_control)
                  00019b70    00000032     sysbios.aem4f : BIOS.obj (.text:ti_sysbios_hal_Hwi_initStack)
                  00019ba2    00000006     stk.aem4f : file.oem4f (.text:fdint_setinvalid)
                  00019ba8    00000032     sysbios.aem4f : BIOS.obj (.text:xdc_runtime_System_putchar__I)
                  00019bda    00000002     --HOLE-- [fill = 0]
                  00019bdc    00000030     ti_drivers_config.obj (.text:Board_init)
                  00019c0c    00000030     drivers_msp432e4.aem4f : EMACMSP432E4.oem4f (.text:EMACMSP432E4_isLinkUp)
                  00019c3c    00000030                            : GPIOMSP432E4.oem4f (.text:GPIOMSP432E4_undoPinConfig)
                  00019c6c    00000030                            : GPIOMSP432E4.oem4f (.text:GPIO_enableInt)
                  00019c9c    00000030                            : GPIOMSP432E4.oem4f (.text:GPIO_read)
                  00019ccc    00000030     netctrl_min_ipv4.aem4f : netsrv.oem4f (.text:NS_PreBoot)
                  00019cfc    00000030     slnetsock_release.a : slnetif.oem4f (.text:SlNetIf_getIDByName)
                  00019d2c    00000030                         : slnetutils.oem4f (.text:SlNetUtil_gaiStrErr)
                  00019d5c    00000030     stk.aem4f : sock.oem4f (.text:SockBind)
                  00019d8c    00000030               : sock.oem4f (.text:SockGetName)
                  00019dbc    00000030               : sockpcb.oem4f (.text:SockPcbAttach)
                  00019dec    00000030     msp432e4_driverlib.a : uart.o (.text:UARTDisable)
                  00019e1c    00000030     nettool_ipv4.aem4f : dhcpsock.oem4f (.text:dhcpPacketSend)
                  00019e4c    00000030     stk.aem4f : file.oem4f (.text:fdint_setevent)
                  00019e7c    00000030     rtsv7M4_T_le_v4SPD16_eabi.lib : getdevice.c.obj (.text:finddevice)
                  00019eac    00000030     stk.aem4f : listlib.oem4f (.text:list_remove_node)
                  00019edc    00000030     release_pem4f.oem4f (.text:ti_sysbios_BIOS_atExitFunc__I)
                  00019f0c    00000030     release_pem4f.oem4f (.text:ti_sysbios_BIOS_startFunc__I)
                  00019f3c    00000004     release_pem4f.oem4f (.text:ti_sysbios_family_arm_m3_Hwi_delete)
                  00019f40    00000030     sysbios.aem4f : BIOS.obj (.text:ti_sysbios_family_arm_lm4_Timer_stop__E)
                  00019f70    00000030                   : BIOS.obj (.text:ti_sysbios_family_arm_m3_TaskSupport_start__E)
                  00019fa0    00000030     release_pem4f.oem4f (.text:ti_sysbios_gates_GateHwi_Object__create__S)
                  00019fd0    00000030     release_pem4f.oem4f (.text:ti_sysbios_gates_GateMutex_Object__create__S)
                  0001a000    00000030     sysbios.aem4f : BIOS.obj (.text:ti_sysbios_gates_GateMutex_enter__E)
                  0001a030    00000030     release_pem4f.oem4f (.text:ti_sysbios_heaps_HeapMem_Object__create__S)
                  0001a060    00000030     release_pem4f.oem4f (.text:ti_sysbios_knl_Clock_construct)
                  0001a090    00000030     release_pem4f.oem4f (.text:ti_sysbios_knl_Semaphore_construct)
                  0001a0c0    00000030     sysbios.aem4f : BIOS.obj (.text:ti_sysbios_knl_Semaphore_pendTimeout__I)
                  0001a0f0    00000030                   : BIOS.obj (.text:ti_sysbios_knl_Task_restore__E)
                  0001a120    00000030                   : BIOS.obj (.text:ti_sysbios_knl_Task_unblockI__E)
                  0001a150    0000002e     drivers_msp432e4.aem4f : EMACMSP432E4.oem4f (.text:EMACMSP432E4_emacioctl)
                  0001a17e    0000002e     stk.aem4f : sb.oem4f (.text:SBFree)
                  0001a1ac    0000002e     rtsv7M4_T_le_v4SPD16_eabi.lib : i_tofd_t2.asm.obj (.text)
                  0001a1da    0000002e     release_pem4f.oem4f (.text:ti_sysbios_rts_MemAlloc_alloc)
                  0001a208    0000002c     stk.aem4f : file.oem4f (.text:FdSignalEvent)
                  0001a234    0000002c               : igmp.oem4f (.text:IGMPTestGroup)
                  0001a260    0000002c     os.aem4f : NDK_SemaphoreP_tirtos.oem4f (.text:NDK_SemaphoreP_createBinary)
                  0001a28c    0000002c     stk.aem4f : nimu.oem4f (.text:NIMUPacketServiceCheck)
                  0001a2b8    0000002c               : pipe.oem4f (.text:PipeClose)
                  0001a2e4    0000002c     dpl_msp432e4.aem4f : SemaphoreP_tirtos.oem4f (.text:SemaphoreP_createBinary)
                  0001a310    0000002c     msp432e4_driverlib.a : sysctl.o (.text:SysCtlPeripheralClockGating)
                  0001a33c    0000002c     stk.aem4f : lli.oem4f (.text:_LLIExpListRemove)
                  0001a368    0000002c               : lli.oem4f (.text:_LLITimeoutFlush)
                  0001a394    0000002c               : rtable.oem4f (.text:_RtExpListRemove)
                  0001a3c0    0000002c     sysbios.aem4f : BIOS.obj (.text:_pthread_cleanupFxn)
                  0001a3ec    00000004     release_pem4f.oem4f (.text:ti_sysbios_family_arm_m3_TaskSupport_Module__startupDone__S)
                  0001a3f0    0000002c     sysbios.aem4f : BIOS.obj (.text:clockFxn$41)
                  0001a41c    0000002c     slnetsock_release.a : slnetutils.oem4f (.text:mergeLists)
                  0001a448    0000002c     udpEcho.obj (.text:select)
                  0001a474    0000002c     release_pem4f.oem4f (.text:ti_sysbios_gates_GateHwi_Handle__label__S)
                  0001a4a0    0000002c     release_pem4f.oem4f (.text:ti_sysbios_gates_GateMutex_Handle__label__S)
                  0001a4cc    0000002c     release_pem4f.oem4f (.text:ti_sysbios_heaps_HeapMem_Handle__label__S)
                  0001a4f8    0000002c     release_pem4f.oem4f (.text:ti_sysbios_knl_Clock_doTick__I)
                  0001a524    00000004     release_pem4f.oem4f (.text:ti_sysbios_heaps_HeapMem_Module_GateProxy_enter__E)
                  0001a528    0000002c     sysbios.aem4f : BIOS.obj (.text:ti_sysbios_knl_Clock_getTimeout__E)
                  0001a554    0000002c     release_pem4f.oem4f (.text:ti_sysbios_knl_Queue_construct)
                  0001a580    0000002c     rtsv7M4_T_le_v4SPD16_eabi.lib : unlink.c.obj (.text:unlink)
                  0001a5ac    0000002a     stk.aem4f : pbm.oem4f (.text:PBMQ_deq)
                  0001a5d6    0000002a     netctrl_min_ipv4.aem4f : netsrv.oem4f (.text:ServiceCallback)
                  0001a600    0000002a     slnetsock_release.a : slnetutils.oem4f (.text:SlNetUtil_inetPton)
                  0001a62a    0000002a     stk.aem4f : tcpin.oem4f (.text:TcpEnterTimeWait)
                  0001a654    0000002a     msp432e4_driverlib.a : timer.o (.text:TimerLoadSet)
                  0001a67e    0000002a                          : timer.o (.text:TimerPrescaleSet)
                  0001a6a8    0000002a     nettool_ipv4.aem4f : config.oem4f (.text:_CfgRelease)
                  0001a6d2    0000002a     release_pem4f.oem4f (.text:calloc)
                  0001a6fc    0000002a     ti_ndk_config.obj (.text:configUdp)
                  0001a726    0000002a     nettool_ipv4.aem4f : dhcpsock.oem4f (.text:dhcpPacketReceive)
                  0001a750    0000002a     sysbios.aem4f : BIOS.obj (.text:sem_init)
                  0001a77a    00000002     --HOLE-- [fill = 0]
                  0001a77c    00000028     stk.aem4f : bind.oem4f (.text:BindFindByNet)
                  0001a7a4    00000028     msp432e4_driverlib.a : flash.o (.text:FlashUserGet)
                  0001a7cc    00000028     stk.aem4f : lli.oem4f (.text:LLIFree)
                  0001a7f4    00000028     netctrl_min_ipv4.aem4f : netctrl.oem4f (.text:NC_SystemClose)
                  0001a81c    00000028     stk.aem4f : socket.oem4f (.text:NDK_registerHook)
                  0001a844    00000028               : nimu.oem4f (.text:NIMUCreatePacket)
                  0001a86c    00000028               : nimu.oem4f (.text:NIMUPacketService)
                  0001a894    00000028     slnetsock_release.a : slnetif.oem4f (.text:SlNetIf_getIfByID)
                  0001a8bc    00000028                         : slnetsock.oem4f (.text:SlNetSock_sdsClr)
                  0001a8e4    00000028                         : slnetsock.oem4f (.text:SlNetSock_sdsIsSet)
                  0001a90c    00000028                         : slnetsock.oem4f (.text:SlNetSock_sdsSet)
                  0001a934    00000028     stk.aem4f : timer.oem4f (.text:TimerListRemove)
                  0001a95c    00000028               : vlan.oem4f (.text:VLANInit)
                  0001a984    00000028     rtsv7M4_T_le_v4SPD16_eabi.lib : lseek.c.obj (.text:lseek)
                  0001a9ac    00000028                                   : memmov.c.obj (.text:memmove)
                  0001a9d4    00000028     slnetifndk_msp432e4.aem4f : slnetifndk.oem4f (.text:removeSktFromTable)
                  0001a9fc    00000028     drivers_msp432e4.aem4f : EMACMSP432E4.oem4f (.text:signalLinkChange)
                  0001aa24    00000028     sysbios.aem4f : m3_Hwi_asm.obj (.text:ti_sysbios_family_arm_m3_Hwi_excHandlerAsm__I)
                  0001aa4c    00000004     release_pem4f.oem4f (.text:ti_sysbios_heaps_HeapMem_Module_GateProxy_leave__E)
                  0001aa50    00000028     sysbios.aem4f : BIOS.obj (.text:ti_sysbios_knl_Clock_addI__E)
                  0001aa78    00000028                   : BIOS.obj (.text:ti_sysbios_knl_Swi_Module_startup__E)
                  0001aaa0    00000028     rtsv7M4_T_le_v4SPD16_eabi.lib : vsprintf.c.obj (.text:vsprintf)
                  0001aac8    00000028                                   : write.c.obj (.text:write)
                  0001aaf0    00000026     nettool_ipv4.aem4f : config.oem4f (.text:CfgEntryInfo)
                  0001ab16    00000026     sysbios.aem4f : m3_Hwi_asm.obj (.text:ti_sysbios_family_arm_m3_Hwi_pendSV__I)
                  0001ab3c    00000004     release_pem4f.oem4f (.text:ti_sysbios_knl_Clock_TimerProxy_getMaxTicks__E)
                  0001ab40    00000026     sysbios.aem4f : BIOS.obj (.text:xdc_runtime_System_vprintf__E)
                  0001ab66    00000002     --HOLE-- [fill = 0]
                  0001ab68    00000024     stk.aem4f : bind.oem4f (.text:BindFindByHost)
                  0001ab8c    00000024               : bind.oem4f (.text:BindGetIFByDBCast)
                  0001abb0    00000024     drivers_msp432e4.aem4f : EMACMSP432E4.oem4f (.text:EMACMSP432E4_pkt_service)
                  0001abd4    00000024     stk.aem4f : exec.oem4f (.text:ExecTimer)
                  0001abf8    00000024     msp432e4_driverlib.a : gpio.o (.text:GPIOPinTypeEthernetLED)
                  0001ac1c    00000024                          : gpio.o (.text:GPIOPinTypeUART)
                  0001ac40    00000024     stk.aem4f : nimu.oem4f (.text:NIMUFindByIndex)
                  0001ac64    00000024               : rtc.oem4f (.text:RTCAddHook)
                  0001ac88    00000024               : rawethsock_pcb.oem4f (.text:RawEthSockPcbFind)
                  0001acac    00000024               : route.oem4f (.text:RtFree)
                  0001acd0    00000024               : route.oem4f (.text:RtSetTimeout)
                  0001acf4    00000024     slnetsock_release.a : slnetif.oem4f (.text:SlNetIf_getConnectionStatus)
                  0001ad18    00000024     stk.aem4f : sockpcb.oem4f (.text:SockPcbCleanup)
                  0001ad3c    00000024               : tcpprot.oem4f (.text:TcpPrListen)
                  0001ad60    00000024               : tcptime.oem4f (.text:TcpTimeoutWait2)
                  0001ad84    00000024     msp432e4_driverlib.a : uart.o (.text:UARTCharPutNonBlocking)
                  0001ada8    00000024                          : uart.o (.text:UARTEnable)
                  0001adcc    00000024     stk.aem4f : vlan.oem4f (.text:VLANFindSourceInterface)
                  0001adf0    00000024     nettool_ipv4.aem4f : config.oem4f (.text:_CfgEntryProcess)
                  0001ae14    00000004     release_pem4f.oem4f (.text:ti_sysbios_knl_Clock_delete)
                  0001ae18    00000024     sysbios.aem4f : BIOS.obj (.text:pthread_attr_init)
                  0001ae3c    00000024     os.aem4f : task.oem4f (.text:ti_ndk_os_threadStub)
                  0001ae60    00000024     release_pem4f.oem4f (.text:ti_sysbios_BIOS_registerRTSLock__I)
                  0001ae84    00000024     release_pem4f.oem4f (.text:ti_sysbios_BIOS_removeRTSLock__I)
                  0001aea8    00000024     release_pem4f.oem4f (.text:ti_sysbios_gates_GateMutex_Object__delete__S)
                  0001aecc    00000004     release_pem4f.oem4f (.text:ti_sysbios_knl_Semaphore_delete)
                  0001aed0    00000024     sysbios.aem4f : BIOS.obj (.text:ti_sysbios_knl_Clock_Module_startup__E)
                  0001aef4    00000024     release_pem4f.oem4f (.text:ti_sysbios_knl_Clock_Object__delete__S)
                  0001af18    00000024     sysbios.aem4f : BIOS.obj (.text:ti_sysbios_knl_Clock_start__E)
                  0001af3c    00000004     release_pem4f.oem4f (.text:ti_sysbios_knl_Task_delete)
                  0001af40    00000024     sysbios.aem4f : BIOS.obj (.text:ti_sysbios_knl_Semaphore_Instance_init__E)
                  0001af64    00000024     release_pem4f.oem4f (.text:ti_sysbios_knl_Semaphore_Object__delete__S)
                  0001af88    00000024     sysbios.aem4f : BIOS.obj (.text:ti_sysbios_knl_Task_restoreHwi__E)
                  0001afac    00000004     release_pem4f.oem4f (.text:xdc_runtime_System_Module_GateProxy_enter__E)
                  0001afb0    00000024     sysbios.aem4f : BIOS.obj (.text:xdc_runtime_Error_policyMin__E)
                  0001afd4    00000022     nettool_ipv4.aem4f : config.oem4f (.text:CfgEntryRef)
                  0001aff6    00000022     msp432e4_driverlib.a : emac.o (.text:EMACReset)
                  0001b018    00000022                          : emac.o (.text:EMACRxEnable)
                  0001b03a    00000022                          : emac.o (.text:EMACTxEnable)
                  0001b05c    00000022                          : gpio.o (.text:GPIOIntStatus)
                  0001b07e    00000002     --HOLE-- [fill = 0]
                  0001b080    00000022     sysbios.aem4f : BIOS.obj (.text:ti_sysbios_family_arm_lm4_Timer_write__I)
                  0001b0a2    00000002     --HOLE-- [fill = 0]
                  0001b0a4    00000020     msp432e4_driverlib.a : emac.o (.text:EMACFrameFilterSet)
                  0001b0c4    00000020     drivers_msp432e4.aem4f : EMACMSP432E4.oem4f (.text:EMACMSP432E4_primeRx)
                  0001b0e4    00000020     msp432e4_driverlib.a : gpio.o (.text:GPIOPinWrite)
                  0001b104    00000020     netctrl_min_ipv4.aem4f : netctrl.oem4f (.text:NC_BootComplete)
                  0001b124    00000020     stk.aem4f : nimu.oem4f (.text:NIMUGetNumOfObject)
                  0001b144    00000020               : rtc.oem4f (.text:RTCRemoveHook)
                  0001b164    00000020     drivers_msp432e4.aem4f : RingBuf.oem4f (.text:RingBuf_peek)
                  0001b184    00000020     stk.aem4f : tcp.oem4f (.text:TcpTimeoutRemove)
                  0001b1a4    00000020               : vlan.oem4f (.text:VLANFindNode)
                  0001b1c4    00000020               : fileuser.oem4f (.text:fdsetTestEntry)
                  0001b1e4    00000020     drivers_msp432e4.aem4f : GPIOMSP432E4.oem4f (.text:getGpioIntIndex)
                  0001b204    00000020     rtsv7M4_T_le_v4SPD16_eabi.lib : memchr.c.obj (.text:memchr)
                  0001b224    00000020                                   : u_tofd_t2.asm.obj (.text)
                  0001b244    00000020     release_pem4f.oem4f (.text:ti_sysbios_BIOS_rtsLock__I)
                  0001b264    00000020     release_pem4f.oem4f (.text:ti_sysbios_family_arm_m3_Hwi_Object__delete__S)
                  0001b284    00000004     release_pem4f.oem4f (.text:xdc_runtime_System_Module_GateProxy_leave__E)
                  0001b288    00000020     sysbios.aem4f : BIOS.obj (.text:ti_sysbios_family_arm_m3_Hwi_clearInterrupt__E)
                  0001b2a8    00000020     release_pem4f.oem4f (.text:ti_sysbios_gates_GateHwi_Object__delete__S)
                  0001b2c8    00000020     release_pem4f.oem4f (.text:ti_sysbios_heaps_HeapMem_Object__delete__S)
                  0001b2e8    00000020     release_pem4f.oem4f (.text:ti_sysbios_knl_Clock_destruct)
                  0001b308    00000020     sysbios.aem4f : BIOS.obj (.text:ti_sysbios_knl_Idle_run__E)
                  0001b328    00000020     release_pem4f.oem4f (.text:ti_sysbios_knl_Semaphore_destruct)
                  0001b348    00000020     release_pem4f.oem4f (.text:ti_sysbios_knl_Task_Object__delete__S)
                  0001b368    0000001e     msp432e4_driverlib.a : timer.o (.text:TimerDisable)
                  0001b386    0000001e                          : timer.o (.text:TimerEnable)
                  0001b3a4    0000001e                          : uart.o (.text:UARTBusy)
[...]
0001d4c0  ti_sysbios_knl_Semaphore_Object__DESC__C                        
0001d4e0  ti_sysbios_knl_Task_Object__DESC__C                             
0001d500  timerMSP432E4HWAttrs                                            
0001d520  xdc_runtime_Startup_sfxnTab__A                                  
0001d540  EMACMSP432E4_hwAttrs                                            
0001d558  Timer_config                                                    
0001d588  ti_ndk_config_Global_rawPageSize                                
0001d58c  ti_ndk_config_Global_rawPageCount                               
0001d590  ti_ndk_config_Global_smallest                                   
0001d594  ti_ndk_config_Global_largest                                    
0001d598  ti_ndk_config_Global_numFrameBuf                                
0001d59c  ti_ndk_config_Global_sizeFrameBuf                               
0001d5a0  ti_sysbios_gates_GateHwi_Object__PARAMS__C                      
0001d5b8  ti_sysbios_gates_GateMutex_Object__PARAMS__C                    
0001d5d0  ti_sysbios_knl_Queue_Object__PARAMS__C                          
0001d5e8  echoPrompt                                                      
0001d600  GPIOMSP432E4_config                                             
0001d628  heap0                                                           
0001d62c  task0                                                           
0001d630  semaphore0                                                      
0001d634  task1                                                           
0001d638  tiposix_mqGate                                                  
0001d64c  xdc_runtime_Startup_firstFxns__A                                
0001d65c  xdc_runtime_Startup_sfxnRts__A                                  
0001d66c  CONFIG_GPIO_0_CONST                                             
0001d66d  CONFIG_GPIO_1_CONST                                             
0001d66e  CONFIG_GPIO_2_CONST                                             
0001d66f  CONFIG_GPIO_3_CONST                                             
0001d670  CONFIG_GPIO_4_CONST                                             
0001d671  CONFIG_GPIO_5_CONST                                             
0001d672  CONFIG_GPIO_6_CONST                                             
0001d673  CONFIG_GPIO_7_CONST                                             
0001d674  CONFIG_TIMER_0_CONST                                            
0001d675  CONFIG_TIMER_1_CONST                                            
0001d676  Timer_count                                                     
0001d677  CONFIG_UART_0_CONST                                             
0001d678  UART_count                                                      
0001d67c  UART_config                                                     
0001d694  ti_sysbios_knl_Idle_funcList__A                                 
0001d6a0  PowerMSP432E4_config                                            
0001d6b0  ti_sysbios_knl_Idle_funcList__C                                 
0001d6b8  ti_sysbios_knl_Task_hooks__C                                    
0001d6c0  xdc_runtime_Startup_firstFxns__C                                
0001d6c8  xdc_runtime_Startup_lastFxns__C                                 
0001d6d0  about                                                           
0001d6de  help                                                            
0001d6ea  ti_sysbios_knl_Task_Module__id__C                               
0001d6f6  xdc_runtime_Memory_Module__id__C                                
0001d6f8  ti_sysbios_family_arm_lm4_Timer_enableFunc__C                   
0001d6fc  ti_sysbios_family_arm_lm4_Timer_numTimerDevices__C              
0001d700  ti_sysbios_family_arm_lm4_Timer_startupNeeded__C                
0001d704  ti_sysbios_family_arm_m3_Hwi_E_alreadyDefined__C                
0001d708  ti_sysbios_family_arm_m3_Hwi_E_badIntNum__C                     
0001d70c  ti_sysbios_family_arm_m3_Hwi_NUM_INTERRUPTS__C                  
0001d710  ti_sysbios_family_arm_m3_Hwi_Object__count__C                   
0001d714  ti_sysbios_family_arm_m3_Hwi_ccr__C                             
0001d718  ti_sysbios_family_arm_m3_Hwi_excHandlerFunc__C                  
0001d71c  ti_sysbios_family_arm_m3_Hwi_nullIsrFunc__C                     
0001d720  ti_sysbios_family_arm_m3_Hwi_priGroup__C                        
0001d724  ti_sysbios_family_arm_m3_TaskSupport_stackAlignment__C          
0001d728  ti_sysbios_gates_GateMutex_Instance_State_sem__O                
0001d72c  ti_sysbios_heaps_HeapMem_E_memory__C                            
0001d730  ti_sysbios_heaps_HeapMem_Module__gateObj__C                     
0001d734  ti_sysbios_heaps_HeapMem_Object__count__C                       
0001d738  ti_sysbios_heaps_HeapMem_primaryHeapBaseAddr__C                 
0001d73c  ti_sysbios_heaps_HeapMem_primaryHeapEndAddr__C                  
0001d740  ti_sysbios_heaps_HeapMem_reqAlign__C                            
0001d744  ti_sysbios_knl_Clock_Module_State_clockQ__O                     
0001d748  ti_sysbios_knl_Clock_tickPeriod__C                              
0001d74c  ti_sysbios_knl_Mailbox_Instance_State_freeQue__O                
0001d750  ti_sysbios_knl_Mailbox_Object__count__C                         
0001d754  ti_sysbios_knl_Mailbox_maxTypeAlign__C                          
0001d758  ti_sysbios_knl_Semaphore_Instance_State_pendQ__O                
0001d75c  ti_sysbios_knl_Swi_Object__count__C                             
0001d760  ti_sysbios_knl_Task_E_deleteNotAllowed__C                       
0001d764  ti_sysbios_knl_Task_Module_State_inactiveQ__O                   
0001d768  ti_sysbios_knl_Task_Module_State_terminatedQ__O                 
0001d76c  ti_sysbios_knl_Task_Object__count__C                            
0001d770  ti_sysbios_knl_Task_Object__heap__C                             
0001d774  ti_sysbios_knl_Task_allBlockedFunc__C                           
0001d778  ti_sysbios_knl_Task_defaultStackHeap__C                         
0001d77c  ti_sysbios_knl_Task_defaultStackSize__C                         
0001d780  ti_sysbios_knl_Task_numConstructedTasks__C                      
0001d784  xdc_runtime_Error_E_memory__C                                   
0001d788  xdc_runtime_Error_policyFxn__C                                  
0001d78c  xdc_runtime_IGateProvider_Interface__BASE__C                    
0001d790  xdc_runtime_IHeap_Interface__BASE__C                            
0001d794  xdc_runtime_IModule_Interface__BASE__C                          
0001d798  xdc_runtime_Memory_defaultHeapInstance__C                       
0001d79c  xdc_runtime_Startup_execImpl__C                                 
0001d7a0  xdc_runtime_Startup_maxPasses__C                                
0001d7a4  xdc_runtime_Startup_sfxnRts__C                                  
0001d7a8  xdc_runtime_Startup_sfxnTab__C                                  
0001d7ac  xdc_runtime_SysCallback_abortFxn__C                             
0001d7b0  xdc_runtime_SysCallback_exitFxn__C                              
0001d7b4  xdc_runtime_SysCallback_putchFxn__C                             
0001d7b8  xdc_runtime_SysCallback_readyFxn__C                             
0001d7bc  xdc_runtime_System_Module__gateObj__C                           
0001d7c0  xdc_runtime_System_abortFxn__C                                  
0001d7c4  xdc_runtime_System_exitFxn__C                                   
0001d7c8  xdc_runtime_System_extendFxn__C                                 
0001d7cc  xdc_runtime_System_maxAtexitHandlers__C                         
0001d7d0  __TI_static_base__                                              
0001dd64  __TI_Handler_Table_Base                                         
0001dd70  __TI_Handler_Table_Limit                                        
0001dd78  __TI_CINIT_Base                                                 
0001dd88  __TI_CINIT_Limit                                                
00020000  HEAPSIZE                                                        
20000000  __start___llvm_prf_cnts                                         
20000000  __stop___llvm_prf_cnts                                          
20000000  ti_sysbios_family_arm_m3_Hwi_ramVectors                         
20000360  __primary_heap_start__                                          
20020360  __primary_heap_end__                                            
20020360  ti_ndk_config_Global_pit                                        
20020408  ti_ndk_config_Global_pitBuffer                                  
20024c08  ti_sysbios_knl_Task_Instance_State_0_stack__A                   
20026c08  ti_sysbios_knl_Task_Instance_State_1_stack__A                   
20028c08  ti_sysbios_knl_Task_Instance_State_2_stack__A                   
20028e08  ti_ndk_config_Global_pBufMem                                    
2002ca08  ti_ndk_config_Global_pHdrMem                                    
2002cd78  Glo                                                             
2002d3d4  ti_sysbios_family_arm_m3_Hwi_dispatchTable                      
2002d734  __CIOBUF_                                                       
2002d954  NDK_tcps                                                        
2002dac4  __TI_tmpnams                                                    
2002ddfc  NDK_ips                                                         
2002de64  timerMSP432E4Objects                                            
2002decc  nimu_mcb                                                        
2002df30  uartMSP432E4Objects                                             
2002df94  NDK_ICMPIn                                                      
2002dfe0  NDK_ICMPOut                                                     
2002e094  ti_ndk_socket_fdtable                                           
2002e0bc  vlan_mcb                                                        
2002e0e4  NDK_udps                                                        
2002e1f0  stkEvent                                                        
2002e22c  NDK_raweths                                                     
2002e23c  NDK_raws                                                        
2002e24c  PBMQ_free                                                       
2002e258  tpseudo                                                         
2002e264  upseudo                                                         
2002e280  parmbuf                                                         
2002e288  ti_sysbios_knl_Task_Instance_State_0_hookEnv__A                 
2002e290  ti_sysbios_knl_Task_Instance_State_1_hookEnv__A                 
2002e298  ti_sysbios_knl_Task_Instance_State_2_hookEnv__A                 
2002e2b4  _IGMPInDiscard                                                  
2002e2b8  _IGMPInQuery                                                    
2002e2bc  _IGMPInQueryGroup                                               
2002e2c0  _IGMPInResponse                                                 
2002e2c4  _IGMPOutResponse                                                
2002e2c8  raweth_pcb                                                      
2002e2cc  input                                                           
2002e2d0  PowerMSP432E4_module                                            
2002e43c  _ftable                                                         
2002e52c  ti_sysbios_knl_Task_Object__table__V                            
2002e610  _ipcfg                                                          
2002e750  aboutOutput                                                     
2002e7d0  callbackCommand                                                 
2002e850  command                                                         
2002e8d0  leftButtonCallbackPayload                                       
2002e950  previousCommand                                                 
2002e9d0  rightButtonCallbackPayload                                      
2002ea50  ti_sysbios_knl_Swi_Module_State_0_readyQ__A                     
2002ead0  ti_sysbios_knl_Task_Module_State_0_readyQ__A                    
2002eb50  tickerPayload0                                                  
2002ebd0  tickerPayload10                                                 
2002ec50  tickerPayload11                                                 
2002ecd0  tickerPayload12                                                 
2002ed50  tickerPayload13                                                 
2002edd0  tickerPayload14                                                 
2002ee50  tickerPayload15                                                 
2002eed0  tickerPayload1                                                  
2002ef50  tickerPayload2                                                  
2002efd0  tickerPayload3                                                  
2002f050  tickerPayload4                                                  
2002f0d0  tickerPayload5                                                  
2002f150  tickerPayload6                                                  
2002f1d0  tickerPayload7                                                  
2002f250  tickerPayload8                                                  
2002f2d0  tickerPayload9                                                  
2002f350  timerCallbackPayload                                            
2002f3d0  _device                                                         
2002f448  SlNetIfConfigNDK                                                
2002f4a0  ti_sysbios_gates_GateMutex_Object__table__V                     
2002f4f4  _stream                                                         
2002f591  arrowInput                                                      
2002f594  ti_sysbios_knl_Task_Module__state__V                            
2002f658  ti_sysbios_family_arm_lm4_Timer_Module_State_0_device__A        
2002f698  ti_sysbios_family_arm_lm4_Timer_Object__table__V                
2002f70c  ti_sysbios_family_arm_m3_Hwi_Module__state__V                   
2002f770  ti_sysbios_knl_Swi_Object__table__V                             
2002f7cc  ti_sysbios_knl_Clock_Module__state__V                           
2002f7f8  _oscfg                                                          
2002f844  ti_sysbios_BIOS_Module__state__V                                
2002f868  gpioCallbackFunctions                                           
2002f888  gpioPinConfigs                                                  
2002f8a8  timerCallbackCount                                              
2002f8ac  leftButtonCallbackCount                                         
2002f8b0  rightButtonCallbackCount                                        
2002f8b4  messageIndex                                                    
2002f8b8  queLen                                                          
2002f8bc  i                                                               
2002f8c0  overflowFlag                                                    
2002f8c4  callbackPeriod                                                  
2002f8c8  pstrMsgName                                                     
2002f8e8  ti_sysbios_family_arm_lm4_Timer_Module_State_0_handles__A       
2002f908  xdc_runtime_Error_IgnoreBlock                                   
2002f944  ti_ndk_config_Global_Id2Size                                    
2002f960  ti_sysbios_knl_Swi_Module__state__V                             
2002f994  ti_sysbios_family_arm_m3_Hwi_Object__table__V                   
2002f9ac  ti_sysbios_heaps_HeapMem_Object__table__V                       
2002fa14  ti_sysbios_family_arm_lm4_Seconds_Module__state__V              
2002fa28  ti_sysbios_knl_Semaphore_Object__table__V                       
2002fa6c  __TI_ft_end                                                     
2002fa70  __aeabi_stdin                                                   
2002fa74  __aeabi_stdout                                                  
2002fa78  __aeabi_stderr                                                  
2002fa84  _IGMPForceVersion1                                              
2002fa8c  __TI_cleanup_ptr                                                
2002fa90  __TI_dtors_ptr                                                  
2002fa94  __TI_enable_exit_profile_output                                 
2002fa98  errorCount                                                      
2002faa4  NDK_createSockCtx                                               
2002faa8  NDK_closeSockCtx                                                
2002faac  NDK_netStartError                                               
2002fab0  ti_sysbios_family_arm_lm4_Timer_Module__state__V                
2002fac8  _lock                                                           
2002facc  _unlock                                                         
2002fad0  NIMUDeviceTable                                                 
2002fae8  NDK_ICMPInErrors                                                
2002faec  NDK_ICMPOutErrors                                               
2002faf0  _IPExecuting                                                    
2002fb10  tcp_iss                                                         
2002fb14  ptTimeFirst                                                     
2002fb20  ti_ndk_socket_max_fd                                            
2002fb28  ti_sysbios_family_arm_m3_Hwi_Module__root__V                    
2002fb30  ti_sysbios_gates_GateHwi_Module__root__V                        
2002fb38  ti_sysbios_gates_GateMutex_Module__root__V                      
2002fb40  ti_sysbios_heaps_HeapMem_Module__root__V                        
2002fb48  ti_sysbios_knl_Clock_Module__root__V                            
2002fb50  ti_sysbios_knl_Queue_Module__root__V                            
2002fb58  ti_sysbios_knl_Semaphore_Module__root__V                        
2002fb60  ti_sysbios_knl_Task_Module__root__V                             
2002fb68  xdc_runtime_Startup_Module__state__V                            
2002fb70  xdc_runtime_System_Module_State_0_atexitHandlers__A             
2002fb78  xdc_runtime_System_Module__state__V                             
2002fb99  newLine                                                         
2002fba4  main_func_sp                                                    
2002fbb0  _IPReasmPtr                                                     
2002fbc4  ti_sysbios_family_arm_m3_Hwi_Module_State_0_excContext__A       
2002fbc8  ti_sysbios_family_arm_m3_Hwi_Module_State_0_excStack__A         
2002fbcc  ti_sysbios_gates_GateHwi_Object__table__V                       
2002fbd0  ti_sysbios_knl_Task_Module_State_0_idleTask__A                  
2002fbd4  ti_sysbios_rts_ti_ReentSupport_Module__state__V                 
2002fbd8  xdc_runtime_Memory_Module__state__V                             
2002fbe2  ti_sysbios_family_arm_m3_Hwi_Module_State_0_excActive__A        
2003fc00  __stack                                                         
20040000  __STACK_END                                                     
e000e000  ti_sysbios_family_arm_m3_Hwi_nvic                               
ffffffff  __TI_pprof_out_hndl                                             
ffffffff  __TI_prof_data_size                                             
ffffffff  __TI_prof_data_start                                            
ffffffff  __binit__                                                       
ffffffff  __c_args__                                                      
ffffffff  binit                                                           
UNDEFED   SHT$$INIT_ARRAY$$Base                                           
UNDEFED   SHT$$INIT_ARRAY$$Limit                                          

[1244 symbols]
